Archive member included to satisfy reference by file (symbol)

/home/chris/Projects/Embedded/CirrusDspFFTPedal_SW/SeggerRTTLib/Debug/libSeggerRTTLib.a(SEGGER_RTT.o)
                              Core/Src/main.o (SEGGER_RTT_Write)
/home/chris/Projects/Lib/CMSIS_4/CMSIS/Lib/GCC/libarm_cortexM4lf_math.a(arm_biquad_cascade_df1_init_f32.o)
                              Core/Src/main.o (arm_biquad_cascade_df1_init_f32)
/home/chris/Projects/Lib/CMSIS_4/CMSIS/Lib/GCC/libarm_cortexM4lf_math.a(arm_biquad_cascade_df1_f32.o)
                              Core/Src/main.o (arm_biquad_cascade_df1_f32)
/home/chris/opt/STM32CubeIDE/st/stm32cubeide_1.2.0/plugins/com.st.stm32cube.ide.mcu.externaltools.gnu-arm-embedded.7-2018-q2-update.linux64_1.4.0.202007081208/tools/bin/../lib/gcc/arm-none-eabi/9.2.1/../../../../arm-none-eabi/lib/thumb/v7e-m+fp/hard/libc_nano.a(lib_a-errno.o)
                              Core/Src/syscalls.o (__errno)
/home/chris/opt/STM32CubeIDE/st/stm32cubeide_1.2.0/plugins/com.st.stm32cube.ide.mcu.externaltools.gnu-arm-embedded.7-2018-q2-update.linux64_1.4.0.202007081208/tools/bin/../lib/gcc/arm-none-eabi/9.2.1/../../../../arm-none-eabi/lib/thumb/v7e-m+fp/hard/libc_nano.a(lib_a-exit.o)
                              /home/chris/opt/STM32CubeIDE/st/stm32cubeide_1.2.0/plugins/com.st.stm32cube.ide.mcu.externaltools.gnu-arm-embedded.7-2018-q2-update.linux64_1.4.0.202007081208/tools/bin/../lib/gcc/arm-none-eabi/9.2.1/../../../../arm-none-eabi/lib/thumb/v7e-m+fp/hard/crt0.o (exit)
/home/chris/opt/STM32CubeIDE/st/stm32cubeide_1.2.0/plugins/com.st.stm32cube.ide.mcu.externaltools.gnu-arm-embedded.7-2018-q2-update.linux64_1.4.0.202007081208/tools/bin/../lib/gcc/arm-none-eabi/9.2.1/../../../../arm-none-eabi/lib/thumb/v7e-m+fp/hard/libc_nano.a(lib_a-impure.o)
                              /home/chris/opt/STM32CubeIDE/st/stm32cubeide_1.2.0/plugins/com.st.stm32cube.ide.mcu.externaltools.gnu-arm-embedded.7-2018-q2-update.linux64_1.4.0.202007081208/tools/bin/../lib/gcc/arm-none-eabi/9.2.1/../../../../arm-none-eabi/lib/thumb/v7e-m+fp/hard/libc_nano.a(lib_a-exit.o) (_global_impure_ptr)
/home/chris/opt/STM32CubeIDE/st/stm32cubeide_1.2.0/plugins/com.st.stm32cube.ide.mcu.externaltools.gnu-arm-embedded.7-2018-q2-update.linux64_1.4.0.202007081208/tools/bin/../lib/gcc/arm-none-eabi/9.2.1/../../../../arm-none-eabi/lib/thumb/v7e-m+fp/hard/libc_nano.a(lib_a-init.o)
                              /home/chris/opt/STM32CubeIDE/st/stm32cubeide_1.2.0/plugins/com.st.stm32cube.ide.mcu.externaltools.gnu-arm-embedded.7-2018-q2-update.linux64_1.4.0.202007081208/tools/bin/../lib/gcc/arm-none-eabi/9.2.1/../../../../arm-none-eabi/lib/thumb/v7e-m+fp/hard/crt0.o (__libc_init_array)
/home/chris/opt/STM32CubeIDE/st/stm32cubeide_1.2.0/plugins/com.st.stm32cube.ide.mcu.externaltools.gnu-arm-embedded.7-2018-q2-update.linux64_1.4.0.202007081208/tools/bin/../lib/gcc/arm-none-eabi/9.2.1/../../../../arm-none-eabi/lib/thumb/v7e-m+fp/hard/libc_nano.a(lib_a-memcpy-stub.o)
                              /home/chris/Projects/Embedded/CirrusDspFFTPedal_SW/SeggerRTTLib/Debug/libSeggerRTTLib.a(SEGGER_RTT.o) (memcpy)
/home/chris/opt/STM32CubeIDE/st/stm32cubeide_1.2.0/plugins/com.st.stm32cube.ide.mcu.externaltools.gnu-arm-embedded.7-2018-q2-update.linux64_1.4.0.202007081208/tools/bin/../lib/gcc/arm-none-eabi/9.2.1/../../../../arm-none-eabi/lib/thumb/v7e-m+fp/hard/libc_nano.a(lib_a-memset.o)
                              /home/chris/opt/STM32CubeIDE/st/stm32cubeide_1.2.0/plugins/com.st.stm32cube.ide.mcu.externaltools.gnu-arm-embedded.7-2018-q2-update.linux64_1.4.0.202007081208/tools/bin/../lib/gcc/arm-none-eabi/9.2.1/../../../../arm-none-eabi/lib/thumb/v7e-m+fp/hard/crt0.o (memset)
/home/chris/opt/STM32CubeIDE/st/stm32cubeide_1.2.0/plugins/com.st.stm32cube.ide.mcu.externaltools.gnu-arm-embedded.7-2018-q2-update.linux64_1.4.0.202007081208/tools/bin/../lib/gcc/arm-none-eabi/9.2.1/../../../../arm-none-eabi/lib/thumb/v7e-m+fp/hard/libc_nano.a(lib_a-printf.o)
                              Core/Src/main.o (printf)
/home/chris/opt/STM32CubeIDE/st/stm32cubeide_1.2.0/plugins/com.st.stm32cube.ide.mcu.externaltools.gnu-arm-embedded.7-2018-q2-update.linux64_1.4.0.202007081208/tools/bin/../lib/gcc/arm-none-eabi/9.2.1/../../../../arm-none-eabi/lib/thumb/v7e-m+fp/hard/libc_nano.a(lib_a-puts.o)
                              Core/Src/use_microsd.o (puts)
/home/chris/opt/STM32CubeIDE/st/stm32cubeide_1.2.0/plugins/com.st.stm32cube.ide.mcu.externaltools.gnu-arm-embedded.7-2018-q2-update.linux64_1.4.0.202007081208/tools/bin/../lib/gcc/arm-none-eabi/9.2.1/../../../../arm-none-eabi/lib/thumb/v7e-m+fp/hard/libc_nano.a(lib_a-strlen.o)
                              /home/chris/Projects/Embedded/CirrusDspFFTPedal_SW/SeggerRTTLib/Debug/libSeggerRTTLib.a(SEGGER_RTT.o) (strlen)
[...]
Memory Configuration

Name             Origin             Length             Attributes
CCMRAM           0x0000000010000000 0x0000000000010000 xrw
RAM              0x0000000020000000 0x0000000000020000 xrw
FLASH            0x0000000008000000 0x0000000000100000 xr
*default*        0x0000000000000000 0xffffffffffffffff

Linker script and memory map

LOAD /home/chris/opt/STM32CubeIDE/st/stm32cubeide_1.2.0/plugins/com.st.stm32cube.ide.mcu.externaltools.gnu-arm-embedded.7-2018-q2-update.linux64_1.4.0.202007081208/tools/bin/../lib/gcc/arm-none-eabi/9.2.1/thumb/v7e-m+fp/hard/crti.o
LOAD /home/chris/opt/STM32CubeIDE/st/stm32cubeide_1.2.0/plugins/com.st.stm32cube.ide.mcu.externaltools.gnu-arm-embedded.7-2018-q2-update.linux64_1.4.0.202007081208/tools/bin/../lib/gcc/arm-none-eabi/9.2.1/thumb/v7e-m+fp/hard/crtbegin.o
LOAD /home/chris/opt/STM32CubeIDE/st/stm32cubeide_1.2.0/plugins/com.st.stm32cube.ide.mcu.externaltools.gnu-arm-embedded.7-2018-q2-update.linux64_1.4.0.202007081208/tools/bin/../lib/gcc/arm-none-eabi/9.2.1/../../../../arm-none-eabi/lib/thumb/v7e-m+fp/hard/crt0.o
LOAD Core/Src/adc.o
LOAD Core/Src/dma.o
LOAD Core/Src/gpio.o
LOAD Core/Src/i2s.o
LOAD Core/Src/main.o
LOAD Core/Src/sdio.o
LOAD Core/Src/stm32f4xx_hal_msp.o
LOAD Core/Src/stm32f4xx_it.o
LOAD Core/Src/syscalls.o
LOAD Core/Src/sysmem.o
LOAD Core/Src/system_stm32f4xx.o
LOAD Core/Src/tim.o
LOAD Core/Src/use_microsd.o
LOAD Core/Src/user_input.o
LOAD Core/Startup/startup_stm32f405rgtx.o
LOAD Drivers/STM32F4xx_HAL_Driver/Src/stm32f4xx_hal.o
LOAD Drivers/STM32F4xx_HAL_Driver/Src/stm32f4xx_hal_adc.o
LOAD Drivers/STM32F4xx_HAL_Driver/Src/stm32f4xx_hal_adc_ex.o
LOAD Drivers/STM32F4xx_HAL_Driver/Src/stm32f4xx_hal_cortex.o
LOAD Drivers/STM32F4xx_HAL_Driver/Src/stm32f4xx_hal_dma.o
LOAD Drivers/STM32F4xx_HAL_Driver/Src/stm32f4xx_hal_dma_ex.o
LOAD Drivers/STM32F4xx_HAL_Driver/Src/stm32f4xx_hal_exti.o
LOAD Drivers/STM32F4xx_HAL_Driver/Src/stm32f4xx_hal_flash.o
LOAD Drivers/STM32F4xx_HAL_Driver/Src/stm32f4xx_hal_flash_ex.o
LOAD Drivers/STM32F4xx_HAL_Driver/Src/stm32f4xx_hal_flash_ramfunc.o
LOAD Drivers/STM32F4xx_HAL_Driver/Src/stm32f4xx_hal_gpio.o
LOAD Drivers/STM32F4xx_HAL_Driver/Src/stm32f4xx_hal_i2s.o
LOAD Drivers/STM32F4xx_HAL_Driver/Src/stm32f4xx_hal_i2s_ex.o
LOAD Drivers/STM32F4xx_HAL_Driver/Src/stm32f4xx_hal_pwr.o
LOAD Drivers/STM32F4xx_HAL_Driver/Src/stm32f4xx_hal_pwr_ex.o
LOAD Drivers/STM32F4xx_HAL_Driver/Src/stm32f4xx_hal_rcc.o
LOAD Drivers/STM32F4xx_HAL_Driver/Src/stm32f4xx_hal_rcc_ex.o
LOAD Drivers/STM32F4xx_HAL_Driver/Src/stm32f4xx_hal_sd.o
LOAD Drivers/STM32F4xx_HAL_Driver/Src/stm32f4xx_hal_tim.o
LOAD Drivers/STM32F4xx_HAL_Driver/Src/stm32f4xx_hal_tim_ex.o
LOAD Drivers/STM32F4xx_HAL_Driver/Src/stm32f4xx_ll_sdmmc.o
LOAD FATFS/App/fatfs.o
LOAD FATFS/Target/bsp_driver_sd.o
LOAD FATFS/Target/fatfs_platform.o
LOAD FATFS/Target/sd_diskio.o
LOAD Middlewares/Third_Party/FatFs/src/diskio.o
LOAD Middlewares/Third_Party/FatFs/src/ff.o
LOAD Middlewares/Third_Party/FatFs/src/ff_gen_drv.o
LOAD Middlewares/Third_Party/FatFs/src/option/syscall.o
LOAD /home/chris/Projects/Embedded/CirrusDspFFTPedal_SW/SeggerRTTLib/Debug/libSeggerRTTLib.a
LOAD /home/chris/Projects/Lib/CMSIS_4/CMSIS/Lib/GCC/libarm_cortexM4lf_math.a
START GROUP
LOAD /home/chris/opt/STM32CubeIDE/st/stm32cubeide_1.2.0/plugins/com.st.stm32cube.ide.mcu.externaltools.gnu-arm-embedded.7-2018-q2-update.linux64_1.4.0.202007081208/tools/bin/../lib/gcc/arm-none-eabi/9.2.1/../../../../arm-none-eabi/lib/thumb/v7e-m+fp/hard/libc_nano.a
LOAD /home/chris/opt/STM32CubeIDE/st/stm32cubeide_1.2.0/plugins/com.st.stm32cube.ide.mcu.externaltools.gnu-arm-embedded.7-2018-q2-update.linux64_1.4.0.202007081208/tools/bin/../lib/gcc/arm-none-eabi/9.2.1/../../../../arm-none-eabi/lib/thumb/v7e-m+fp/hard/libm.a
END GROUP
START GROUP
LOAD /home/chris/opt/STM32CubeIDE/st/stm32cubeide_1.2.0/plugins/com.st.stm32cube.ide.mcu.externaltools.gnu-arm-embedded.7-2018-q2-update.linux64_1.4.0.202007081208/tools/bin/../lib/gcc/arm-none-eabi/9.2.1/thumb/v7e-m+fp/hard/libgcc.a
LOAD /home/chris/opt/STM32CubeIDE/st/stm32cubeide_1.2.0/plugins/com.st.stm32cube.ide.mcu.externaltools.gnu-arm-embedded.7-2018-q2-update.linux64_1.4.0.202007081208/tools/bin/../lib/gcc/arm-none-eabi/9.2.1/../../../../arm-none-eabi/lib/thumb/v7e-m+fp/hard/libc_nano.a
END GROUP
START GROUP
LOAD /home/chris/opt/STM32CubeIDE/st/stm32cubeide_1.2.0/plugins/com.st.stm32cube.ide.mcu.externaltools.gnu-arm-embedded.7-2018-q2-update.linux64_1.4.0.202007081208/tools/bin/../lib/gcc/arm-none-eabi/9.2.1/thumb/v7e-m+fp/hard/libgcc.a
LOAD /home/chris/opt/STM32CubeIDE/st/stm32cubeide_1.2.0/plugins/com.st.stm32cube.ide.mcu.externaltools.gnu-arm-embedded.7-2018-q2-update.linux64_1.4.0.202007081208/tools/bin/../lib/gcc/arm-none-eabi/9.2.1/../../../../arm-none-eabi/lib/thumb/v7e-m+fp/hard/libc_nano.a
LOAD /home/chris/opt/STM32CubeIDE/st/stm32cubeide_1.2.0/plugins/com.st.stm32cube.ide.mcu.externaltools.gnu-arm-embedded.7-2018-q2-update.linux64_1.4.0.202007081208/tools/bin/../lib/gcc/arm-none-eabi/9.2.1/../../../../arm-none-eabi/lib/thumb/v7e-m+fp/hard/libnosys.a
END GROUP
START GROUP
LOAD /home/chris/opt/STM32CubeIDE/st/stm32cubeide_1.2.0/plugins/com.st.stm32cube.ide.mcu.externaltools.gnu-arm-embedded.7-2018-q2-update.linux64_1.4.0.202007081208/tools/bin/../lib/gcc/arm-none-eabi/9.2.1/thumb/v7e-m+fp/hard/libgcc.a
LOAD /home/chris/opt/STM32CubeIDE/st/stm32cubeide_1.2.0/plugins/com.st.stm32cube.ide.mcu.externaltools.gnu-arm-embedded.7-2018-q2-update.linux64_1.4.0.202007081208/tools/bin/../lib/gcc/arm-none-eabi/9.2.1/../../../../arm-none-eabi/lib/thumb/v7e-m+fp/hard/libc_nano.a
LOAD /home/chris/opt/STM32CubeIDE/st/stm32cubeide_1.2.0/plugins/com.st.stm32cube.ide.mcu.externaltools.gnu-arm-embedded.7-2018-q2-update.linux64_1.4.0.202007081208/tools/bin/../lib/gcc/arm-none-eabi/9.2.1/../../../../arm-none-eabi/lib/thumb/v7e-m+fp/hard/libnosys.a
END GROUP
LOAD /home/chris/opt/STM32CubeIDE/st/stm32cubeide_1.2.0/plugins/com.st.stm32cube.ide.mcu.externaltools.gnu-arm-embedded.7-2018-q2-update.linux64_1.4.0.202007081208/tools/bin/../lib/gcc/arm-none-eabi/9.2.1/thumb/v7e-m+fp/hard/crtend.o
LOAD /home/chris/opt/STM32CubeIDE/st/stm32cubeide_1.2.0/plugins/com.st.stm32cube.ide.mcu.externaltools.gnu-arm-embedded.7-2018-q2-update.linux64_1.4.0.202007081208/tools/bin/../lib/gcc/arm-none-eabi/9.2.1/thumb/v7e-m+fp/hard/crtn.o
                0x0000000020020000                _estack = (ORIGIN (RAM) + LENGTH (RAM))
                0x0000000000000200                _Min_Heap_Size = 0x200
                0x0000000000000400                _Min_Stack_Size = 0x400

.isr_vector     0x0000000008000000      0x188
                0x0000000008000000                . = ALIGN (0x4)
 *(.isr_vector)
 .isr_vector    0x0000000008000000      0x188 Core/Startup/startup_stm32f405rgtx.o
                0x0000000008000000                g_pfnVectors
                0x0000000008000188                . = ALIGN (0x4)

.text           0x0000000008000190     0xa2e8
                0x0000000008000190                . = ALIGN (0x4)
 *(.text)
 .text          0x0000000008000190       0x40 /home/chris/opt/STM32CubeIDE/st/stm32cubeide_1.2.0/plugins/com.st.stm32cube.ide.mcu.externaltools.gnu-arm-embedded.7-2018-q2-update.linux64_1.4.0.202007081208/tools/bin/../lib/gcc/arm-none-eabi/9.2.1/thumb/v7e-m+fp/hard/crtbegin.o
 .text          0x00000000080001d0       0xa0 /home/chris/opt/STM32CubeIDE/st/stm32cubeide_1.2.0/plugins/com.st.stm32cube.ide.mcu.externaltools.gnu-arm-embedded.7-2018-q2-update.linux64_1.4.0.202007081208/tools/bin/../lib/gcc/arm-none-eabi/9.2.1/../../../../arm-none-eabi/lib/thumb/v7e-m+fp/hard/libc_nano.a(lib_a-memchr.o)
                0x00000000080001d0                memchr
 .text          0x0000000008000270       0x30 /home/chris/opt/STM32CubeIDE/st/stm32cubeide_1.2.0/plugins/com.st.stm32cube.ide.mcu.externaltools.gnu-arm-embedded.7-2018-q2-update.linux64_1.4.0.202007081208/tools/bin/../lib/gcc/arm-none-eabi/9.2.1/thumb/v7e-m+fp/hard/libgcc.a(_aeabi_uldivmod.o)
                0x0000000008000270                __aeabi_uldivmod
 .text          0x00000000080002a0      0x2c4 /home/chris/opt/STM32CubeIDE/st/stm32cubeide_1.2.0/plugins/com.st.stm32cube.ide.mcu.externaltools.gnu-arm-embedded.7-2018-q2-update.linux64_1.4.0.202007081208/tools/bin/../lib/gcc/arm-none-eabi/9.2.1/thumb/v7e-m+fp/hard/libgcc.a(_udivmoddi4.o)
                0x00000000080002a0                __udivmoddi4
 .text          0x0000000008000564        0x4 /home/chris/opt/STM32CubeIDE/st/stm32cubeide_1.2.0/plugins/com.st.stm32cube.ide.mcu.externaltools.gnu-arm-embedded.7-2018-q2-update.linux64_1.4.0.202007081208/tools/bin/../lib/gcc/arm-none-eabi/9.2.1/thumb/v7e-m+fp/hard/libgcc.a(_dvmd_tls.o)
                0x0000000008000564                __aeabi_ldiv0
                0x0000000008000564                __aeabi_idiv0
 *(.text*)
 .text.MX_ADC1_Init
                0x0000000008000568       0xdc Core/Src/adc.o
                0x0000000008000568                MX_ADC1_Init
 .text.HAL_ADC_MspInit
                0x0000000008000644       0xf0 Core/Src/adc.o
                0x0000000008000644                HAL_ADC_MspInit
 .text.MX_DMA_Init
                0x0000000008000734       0x7c Core/Src/dma.o
                0x0000000008000734                MX_DMA_Init
 .text.MX_GPIO_Init
                0x00000000080007b0      0x174 Core/Src/gpio.o
                0x00000000080007b0                MX_GPIO_Init
 .text.MX_I2S2_Init
                0x0000000008000924       0x60 Core/Src/i2s.o
                0x0000000008000924                MX_I2S2_Init
 .text.HAL_I2S_MspInit
                0x0000000008000984      0x1cc Core/Src/i2s.o
                0x0000000008000984                HAL_I2S_MspInit
 .text._write   0x0000000008000b50       0x22 Core/Src/main.o
                0x0000000008000b50                _write
 *fill*         0x0000000008000b72        0x2 
 .text.HAL_I2SEx_TxRxHalfCpltCallback
                0x0000000008000b74       0x20 Core/Src/main.o
                0x0000000008000b74                HAL_I2SEx_TxRxHalfCpltCallback
 .text.HAL_I2SEx_TxRxCpltCallback
                0x0000000008000b94       0x20 Core/Src/main.o
                0x0000000008000b94                HAL_I2SEx_TxRxCpltCallback
 .text.do_iir_init
                0x0000000008000bb4       0x50 Core/Src/main.o
                0x0000000008000bb4                do_iir_init
 .text.do_iir_loop
                0x0000000008000c04      0x200 Core/Src/main.o
                0x0000000008000c04                do_iir_loop
 .text.main     0x0000000008000e04       0x80 Core/Src/main.o
                0x0000000008000e04                main
 .text.SystemClock_Config
                0x0000000008000e84      0x104 Core/Src/main.o
                0x0000000008000e84                SystemClock_Config
 .text.Error_Handler
                0x0000000008000f88        0xe Core/Src/main.o
                0x0000000008000f88                Error_Handler
 *fill*         0x0000000008000f96        0x2 
 .text.MX_SDIO_SD_Init
                0x0000000008000f98       0x40 Core/Src/sdio.o
                0x0000000008000f98                MX_SDIO_SD_Init
 .text.HAL_SD_MspInit
                0x0000000008000fd8       0xd0 Core/Src/sdio.o
                0x0000000008000fd8                HAL_SD_MspInit
 .text.HAL_MspInit
                0x00000000080010a8       0x50 Core/Src/stm32f4xx_hal_msp.o
                0x00000000080010a8                HAL_MspInit
 .text.NMI_Handler
                0x00000000080010f8        0xe Core/Src/stm32f4xx_it.o
                0x00000000080010f8                NMI_Handler
 .text.HardFault_Handler
                0x0000000008001106        0x6 Core/Src/stm32f4xx_it.o
                0x0000000008001106                HardFault_Handler
 .text.MemManage_Handler
                0x000000000800110c        0x6 Core/Src/stm32f4xx_it.o
                0x000000000800110c                MemManage_Handler
 .text.BusFault_Handler
                0x0000000008001112        0x6 Core/Src/stm32f4xx_it.o
                0x0000000008001112                BusFault_Handler
 .text.UsageFault_Handler
                0x0000000008001118        0x6 Core/Src/stm32f4xx_it.o
                0x0000000008001118                UsageFault_Handler
 .text.SVC_Handler
                0x000000000800111e        0xe Core/Src/stm32f4xx_it.o
                0x000000000800111e                SVC_Handler
 .text.DebugMon_Handler
                0x000000000800112c        0xe Core/Src/stm32f4xx_it.o
                0x000000000800112c                DebugMon_Handler
 .text.PendSV_Handler
                0x000000000800113a        0xe Core/Src/stm32f4xx_it.o
                0x000000000800113a                PendSV_Handler
 .text.SysTick_Handler
                0x0000000008001148        0xc Core/Src/stm32f4xx_it.o
                0x0000000008001148                SysTick_Handler
 .text.DMA1_Stream3_IRQHandler
                0x0000000008001154       0x14 Core/Src/stm32f4xx_it.o
                0x0000000008001154                DMA1_Stream3_IRQHandler
 .text.DMA1_Stream4_IRQHandler
                0x0000000008001168       0x14 Core/Src/stm32f4xx_it.o
                0x0000000008001168                DMA1_Stream4_IRQHandler
 .text.EXTI15_10_IRQHandler
                0x000000000800117c       0x18 Core/Src/stm32f4xx_it.o
                0x000000000800117c                EXTI15_10_IRQHandler
 .text.TIM8_UP_TIM13_IRQHandler
                0x0000000008001194       0x2c Core/Src/stm32f4xx_it.o
                0x0000000008001194                TIM8_UP_TIM13_IRQHandler
 .text.DMA2_Stream0_IRQHandler
                0x00000000080011c0       0x14 Core/Src/stm32f4xx_it.o
                0x00000000080011c0                DMA2_Stream0_IRQHandler
 .text._read    0x00000000080011d4       0x3a Core/Src/syscalls.o
                0x00000000080011d4                _read
 .text._close   0x000000000800120e       0x18 Core/Src/syscalls.o
                0x000000000800120e                _close
 .text._fstat   0x0000000008001226       0x20 Core/Src/syscalls.o
                0x0000000008001226                _fstat
 .text._isatty  0x0000000008001246       0x16 Core/Src/syscalls.o
                0x0000000008001246                _isatty
 .text._lseek   0x000000000800125c       0x1a Core/Src/syscalls.o
                0x000000000800125c                _lseek
 *fill*         0x0000000008001276        0x2 
 .text._sbrk    0x0000000008001278       0x6c Core/Src/sysmem.o
                0x0000000008001278                _sbrk
 .text.SystemInit
                0x00000000080012e4       0x2c Core/Src/system_stm32f4xx.o
                0x00000000080012e4                SystemInit
 .text.MX_TIM13_Init
                0x0000000008001310       0x48 Core/Src/tim.o
                0x0000000008001310                MX_TIM13_Init
 .text.HAL_TIM_Base_MspInit
                0x0000000008001358       0x50 Core/Src/tim.o
                0x0000000008001358                HAL_TIM_Base_MspInit
 .text.read_sdio_data
                0x00000000080013a8       0xf4 Core/Src/use_microsd.o
                0x00000000080013a8                read_sdio_data
 .text.error_sdio
                0x000000000800149c       0x28 Core/Src/use_microsd.o
                0x000000000800149c                error_sdio
 .text.check_user_buttons_state
                0x00000000080014c4       0x68 Core/Src/user_input.o
                0x00000000080014c4                check_user_buttons_state
 .text.HAL_GPIO_EXTI_Callback
                0x000000000800152c       0xb0 Core/Src/user_input.o
                0x000000000800152c                HAL_GPIO_EXTI_Callback
 .text.HAL_ADC_ConvCpltCallback
                0x00000000080015dc       0x70 Core/Src/user_input.o
                0x00000000080015dc                HAL_ADC_ConvCpltCallback
 .text.Reset_Handler
                0x000000000800164c       0x50 Core/Startup/startup_stm32f405rgtx.o
                0x000000000800164c                Reset_Handler
 .text.Default_Handler
                0x000000000800169c        0x2 Core/Startup/startup_stm32f405rgtx.o
                0x000000000800169c                RTC_Alarm_IRQHandler
                0x000000000800169c                HASH_RNG_IRQHandler
                0x000000000800169c                EXTI2_IRQHandler
                0x000000000800169c                TIM8_CC_IRQHandler
                0x000000000800169c                TIM1_CC_IRQHandler
                0x000000000800169c                DMA2_Stream5_IRQHandler
                0x000000000800169c                DMA1_Stream5_IRQHandler
                0x000000000800169c                PVD_IRQHandler
                0x000000000800169c                SDIO_IRQHandler
                0x000000000800169c                TAMP_STAMP_IRQHandler
                0x000000000800169c                CAN2_RX1_IRQHandler
                0x000000000800169c                EXTI3_IRQHandler
                0x000000000800169c                TIM8_TRG_COM_TIM14_IRQHandler
                0x000000000800169c                TIM1_UP_TIM10_IRQHandler
                0x000000000800169c                I2C3_ER_IRQHandler
                0x000000000800169c                EXTI0_IRQHandler
                0x000000000800169c                I2C2_EV_IRQHandler
                0x000000000800169c                DMA1_Stream2_IRQHandler
                0x000000000800169c                CAN1_RX0_IRQHandler
                0x000000000800169c                FPU_IRQHandler
                0x000000000800169c                OTG_HS_WKUP_IRQHandler
                0x000000000800169c                CAN2_SCE_IRQHandler
                0x000000000800169c                DMA2_Stream2_IRQHandler
                0x000000000800169c                SPI1_IRQHandler
                0x000000000800169c                TIM6_DAC_IRQHandler
                0x000000000800169c                TIM1_BRK_TIM9_IRQHandler
                0x000000000800169c                CAN2_RX0_IRQHandler
                0x000000000800169c                DMA2_Stream3_IRQHandler
                0x000000000800169c                USART6_IRQHandler
                0x000000000800169c                USART3_IRQHandler
                0x000000000800169c                CAN1_RX1_IRQHandler
                0x000000000800169c                UART5_IRQHandler
                0x000000000800169c                TIM4_IRQHandler
                0x000000000800169c                I2C1_EV_IRQHandler
                0x000000000800169c                DMA1_Stream6_IRQHandler
                0x000000000800169c                DMA1_Stream1_IRQHandler
                0x000000000800169c                UART4_IRQHandler
                0x000000000800169c                TIM3_IRQHandler
                0x000000000800169c                RCC_IRQHandler
                0x000000000800169c                TIM8_BRK_TIM12_IRQHandler
                0x000000000800169c                Default_Handler
                0x000000000800169c                ADC_IRQHandler
                0x000000000800169c                DMA1_Stream7_IRQHandler
                0x000000000800169c                TIM7_IRQHandler
                0x000000000800169c                CAN2_TX_IRQHandler
                0x000000000800169c                TIM5_IRQHandler
                0x000000000800169c                DMA2_Stream7_IRQHandler
                0x000000000800169c                I2C3_EV_IRQHandler
                0x000000000800169c                EXTI9_5_IRQHandler
                0x000000000800169c                RTC_WKUP_IRQHandler
                0x000000000800169c                SPI2_IRQHandler
                0x000000000800169c                OTG_HS_EP1_IN_IRQHandler
                0x000000000800169c                DMA1_Stream0_IRQHandler
                0x000000000800169c                CAN1_TX_IRQHandler
                0x000000000800169c                EXTI4_IRQHandler
                0x000000000800169c                FSMC_IRQHandler
                0x000000000800169c                OTG_HS_EP1_OUT_IRQHandler
                0x000000000800169c                WWDG_IRQHandler
                0x000000000800169c                TIM2_IRQHandler
                0x000000000800169c                OTG_FS_WKUP_IRQHandler
                0x000000000800169c                TIM1_TRG_COM_TIM11_IRQHandler
                0x000000000800169c                OTG_HS_IRQHandler
                0x000000000800169c                EXTI1_IRQHandler
                0x000000000800169c                USART2_IRQHandler
                0x000000000800169c                I2C2_ER_IRQHandler
                0x000000000800169c                DMA2_Stream1_IRQHandler
                0x000000000800169c                CAN1_SCE_IRQHandler
                0x000000000800169c                FLASH_IRQHandler
                0x000000000800169c                DMA2_Stream4_IRQHandler
                0x000000000800169c                USART1_IRQHandler
                0x000000000800169c                OTG_FS_IRQHandler
                0x000000000800169c                SPI3_IRQHandler
                0x000000000800169c                I2C1_ER_IRQHandler
                0x000000000800169c                DMA2_Stream6_IRQHandler
 *fill*         0x000000000800169e        0x2 
 .text.HAL_Init
                0x00000000080016a0       0x44 Drivers/STM32F4xx_HAL_Driver/Src/stm32f4xx_hal.o
                0x00000000080016a0                HAL_Init
 .text.HAL_InitTick
                0x00000000080016e4       0x60 Drivers/STM32F4xx_HAL_Driver/Src/stm32f4xx_hal.o
                0x00000000080016e4                HAL_InitTick
 .text.HAL_IncTick
                0x0000000008001744       0x28 Drivers/STM32F4xx_HAL_Driver/Src/stm32f4xx_hal.o
                0x0000000008001744                HAL_IncTick
 .text.HAL_GetTick
                0x000000000800176c       0x18 Drivers/STM32F4xx_HAL_Driver/Src/stm32f4xx_hal.o
                0x000000000800176c                HAL_GetTick
 .text.HAL_Delay
                0x0000000008001784       0x48 Drivers/STM32F4xx_HAL_Driver/Src/stm32f4xx_hal.o
                0x0000000008001784                HAL_Delay
 .text.HAL_ADC_Init
                0x00000000080017cc       0x86 Drivers/STM32F4xx_HAL_Driver/Src/stm32f4xx_hal_adc.o
                0x00000000080017cc                HAL_ADC_Init
 *fill*         0x0000000008001852        0x2 
 .text.HAL_ADC_Start_DMA
                0x0000000008001854      0x1e4 Drivers/STM32F4xx_HAL_Driver/Src/stm32f4xx_hal_adc.o
                0x0000000008001854                HAL_ADC_Start_DMA
 .text.HAL_ADC_ConvHalfCpltCallback
                0x0000000008001a38       0x14 Drivers/STM32F4xx_HAL_Driver/Src/stm32f4xx_hal_adc.o
                0x0000000008001a38                HAL_ADC_ConvHalfCpltCallback
 .text.HAL_ADC_ErrorCallback
                0x0000000008001a4c       0x14 Drivers/STM32F4xx_HAL_Driver/Src/stm32f4xx_hal_adc.o
                0x0000000008001a4c                HAL_ADC_ErrorCallback
 .text.HAL_ADC_ConfigChannel
                0x0000000008001a60      0x244 Drivers/STM32F4xx_HAL_Driver/Src/stm32f4xx_hal_adc.o
                0x0000000008001a60                HAL_ADC_ConfigChannel
 .text.ADC_Init
                0x0000000008001ca4      0x1f8 Drivers/STM32F4xx_HAL_Driver/Src/stm32f4xx_hal_adc.o
 .text.ADC_DMAConvCplt
                0x0000000008001e9c       0xba Drivers/STM32F4xx_HAL_Driver/Src/stm32f4xx_hal_adc.o
 .text.ADC_DMAHalfConvCplt
                0x0000000008001f56       0x1c Drivers/STM32F4xx_HAL_Driver/Src/stm32f4xx_hal_adc.o
 .text.ADC_DMAError
                0x0000000008001f72       0x2e Drivers/STM32F4xx_HAL_Driver/Src/stm32f4xx_hal_adc.o
 .text.__NVIC_SetPriorityGrouping
                0x0000000008001fa0       0x48 Drivers/STM32F4xx_HAL_Driver/Src/stm32f4xx_hal_cortex.o
 .text.__NVIC_GetPriorityGrouping
                0x0000000008001fe8       0x1c Drivers/STM32F4xx_HAL_Driver/Src/stm32f4xx_hal_cortex.o
 .text.__NVIC_EnableIRQ
                0x0000000008002004       0x3c Drivers/STM32F4xx_HAL_Driver/Src/stm32f4xx_hal_cortex.o
 .text.__NVIC_SetPriority
                0x0000000008002040       0x54 Drivers/STM32F4xx_HAL_Driver/Src/stm32f4xx_hal_cortex.o
 .text.NVIC_EncodePriority
                0x0000000008002094       0x66 Drivers/STM32F4xx_HAL_Driver/Src/stm32f4xx_hal_cortex.o
 *fill*         0x00000000080020fa        0x2 
 .text.SysTick_Config
                0x00000000080020fc       0x44 Drivers/STM32F4xx_HAL_Driver/Src/stm32f4xx_hal_cortex.o
 .text.HAL_NVIC_SetPriorityGrouping
                0x0000000008002140       0x16 Drivers/STM32F4xx_HAL_Driver/Src/stm32f4xx_hal_cortex.o
                0x0000000008002140                HAL_NVIC_SetPriorityGrouping
 .text.HAL_NVIC_SetPriority
                0x0000000008002156       0x38 Drivers/STM32F4xx_HAL_Driver/Src/stm32f4xx_hal_cortex.o
                0x0000000008002156                HAL_NVIC_SetPriority
 .text.HAL_NVIC_EnableIRQ
                0x000000000800218e       0x1c Drivers/STM32F4xx_HAL_Driver/Src/stm32f4xx_hal_cortex.o
                0x000000000800218e                HAL_NVIC_EnableIRQ
 .text.HAL_SYSTICK_Config
                0x00000000080021aa       0x18 Drivers/STM32F4xx_HAL_Driver/Src/stm32f4xx_hal_cortex.o
                0x00000000080021aa                HAL_SYSTICK_Config
 *fill*         0x00000000080021c2        0x2 
 .text.HAL_DMA_Init
                0x00000000080021c4      0x15c Drivers/STM32F4xx_HAL_Driver/Src/stm32f4xx_hal_dma.o
                0x00000000080021c4                HAL_DMA_Init
 .text.HAL_DMA_Start_IT
                0x0000000008002320       0xb0 Drivers/STM32F4xx_HAL_Driver/Src/stm32f4xx_hal_dma.o
                0x0000000008002320                HAL_DMA_Start_IT
 .text.HAL_DMA_IRQHandler
                0x00000000080023d0      0x314 Drivers/STM32F4xx_HAL_Driver/Src/stm32f4xx_hal_dma.o
                0x00000000080023d0                HAL_DMA_IRQHandler
 .text.DMA_SetConfig
                0x00000000080026e4       0x5c Drivers/STM32F4xx_HAL_Driver/Src/stm32f4xx_hal_dma.o
 .text.DMA_CalcBaseAndBitshift
                0x0000000008002740       0x6c Drivers/STM32F4xx_HAL_Driver/Src/stm32f4xx_hal_dma.o
 .text.DMA_CheckFifoParam
                0x00000000080027ac       0xf8 Drivers/STM32F4xx_HAL_Driver/Src/stm32f4xx_hal_dma.o
 .text.HAL_GPIO_Init
                0x00000000080028a4      0x338 Drivers/STM32F4xx_HAL_Driver/Src/stm32f4xx_hal_gpio.o
                0x00000000080028a4                HAL_GPIO_Init
 .text.HAL_GPIO_ReadPin
                0x0000000008002bdc       0x30 Drivers/STM32F4xx_HAL_Driver/Src/stm32f4xx_hal_gpio.o
                0x0000000008002bdc                HAL_GPIO_ReadPin
 .text.HAL_GPIO_WritePin
                0x0000000008002c0c       0x32 Drivers/STM32F4xx_HAL_Driver/Src/stm32f4xx_hal_gpio.o
                0x0000000008002c0c                HAL_GPIO_WritePin
 .text.HAL_GPIO_TogglePin
                0x0000000008002c3e       0x36 Drivers/STM32F4xx_HAL_Driver/Src/stm32f4xx_hal_gpio.o
                0x0000000008002c3e                HAL_GPIO_TogglePin
 .text.HAL_GPIO_EXTI_IRQHandler
                0x0000000008002c74       0x30 Drivers/STM32F4xx_HAL_Driver/Src/stm32f4xx_hal_gpio.o
                0x0000000008002c74                HAL_GPIO_EXTI_IRQHandler
 .text.HAL_I2S_Init
                0x0000000008002ca4      0x280 Drivers/STM32F4xx_HAL_Driver/Src/stm32f4xx_hal_i2s.o
                0x0000000008002ca4                HAL_I2S_Init
 .text.HAL_I2S_TxCpltCallback
                0x0000000008002f24       0x14 Drivers/STM32F4xx_HAL_Driver/Src/stm32f4xx_hal_i2s.o
                0x0000000008002f24                HAL_I2S_TxCpltCallback
 .text.HAL_I2S_RxCpltCallback
                0x0000000008002f38       0x14 Drivers/STM32F4xx_HAL_Driver/Src/stm32f4xx_hal_i2s.o
                0x0000000008002f38                HAL_I2S_RxCpltCallback
 .text.HAL_I2S_ErrorCallback
                0x0000000008002f4c       0x14 Drivers/STM32F4xx_HAL_Driver/Src/stm32f4xx_hal_i2s.o
                0x0000000008002f4c                HAL_I2S_ErrorCallback
 .text.I2S_Transmit_IT
                0x0000000008002f60       0x5c Drivers/STM32F4xx_HAL_Driver/Src/stm32f4xx_hal_i2s.o
 .text.I2S_Receive_IT
                0x0000000008002fbc       0x5e Drivers/STM32F4xx_HAL_Driver/Src/stm32f4xx_hal_i2s.o
 .text.I2S_IRQHandler
                0x000000000800301a      0x114 Drivers/STM32F4xx_HAL_Driver/Src/stm32f4xx_hal_i2s.o
 *fill*         0x000000000800312e        0x2 
 .text.HAL_I2SEx_TransmitReceive_DMA
                0x0000000008003130      0x314 Drivers/STM32F4xx_HAL_Driver/Src/stm32f4xx_hal_i2s_ex.o
                0x0000000008003130                HAL_I2SEx_TransmitReceive_DMA
 .text.HAL_I2SEx_FullDuplex_IRQHandler
                0x0000000008003444      0x2a8 Drivers/STM32F4xx_HAL_Driver/Src/stm32f4xx_hal_i2s_ex.o
                0x0000000008003444                HAL_I2SEx_FullDuplex_IRQHandler
 .text.I2SEx_TxRxDMAHalfCplt
                0x00000000080036ec       0x1c Drivers/STM32F4xx_HAL_Driver/Src/stm32f4xx_hal_i2s_ex.o
 .text.I2SEx_TxRxDMACplt
                0x0000000008003708      0x130 Drivers/STM32F4xx_HAL_Driver/Src/stm32f4xx_hal_i2s_ex.o
 .text.I2SEx_TxRxDMAError
                0x0000000008003838       0x80 Drivers/STM32F4xx_HAL_Driver/Src/stm32f4xx_hal_i2s_ex.o
 .text.I2SEx_TxISR_I2S
                0x00000000080038b8       0x62 Drivers/STM32F4xx_HAL_Driver/Src/stm32f4xx_hal_i2s_ex.o
 *fill*         0x000000000800391a        0x2 
 .text.I2SEx_TxISR_I2SExt
                0x000000000800391c       0x98 Drivers/STM32F4xx_HAL_Driver/Src/stm32f4xx_hal_i2s_ex.o
 .text.I2SEx_RxISR_I2S
                0x00000000080039b4       0x64 Drivers/STM32F4xx_HAL_Driver/Src/stm32f4xx_hal_i2s_ex.o
 .text.I2SEx_RxISR_I2SExt
                0x0000000008003a18       0x98 Drivers/STM32F4xx_HAL_Driver/Src/stm32f4xx_hal_i2s_ex.o
 .text.HAL_RCC_OscConfig
                0x0000000008003ab0      0x4e0 Drivers/STM32F4xx_HAL_Driver/Src/stm32f4xx_hal_rcc.o
                0x0000000008003ab0                HAL_RCC_OscConfig
 .text.HAL_RCC_ClockConfig
                0x0000000008003f90      0x1cc Drivers/STM32F4xx_HAL_Driver/Src/stm32f4xx_hal_rcc.o
                0x0000000008003f90                HAL_RCC_ClockConfig
 .text.HAL_RCC_GetSysClockFreq
                0x000000000800415c      0x16c Drivers/STM32F4xx_HAL_Driver/Src/stm32f4xx_hal_rcc.o
                0x000000000800415c                HAL_RCC_GetSysClockFreq
 .text.HAL_RCCEx_PeriphCLKConfig
                0x00000000080042c8      0x1c4 Drivers/STM32F4xx_HAL_Driver/Src/stm32f4xx_hal_rcc_ex.o
                0x00000000080042c8                HAL_RCCEx_PeriphCLKConfig
 .text.HAL_RCCEx_GetPeriphCLKFreq
                0x000000000800448c       0xbc Drivers/STM32F4xx_HAL_Driver/Src/stm32f4xx_hal_rcc_ex.o
                0x000000000800448c                HAL_RCCEx_GetPeriphCLKFreq
 .text.HAL_SD_Init
                0x0000000008004548       0x60 Drivers/STM32F4xx_HAL_Driver/Src/stm32f4xx_hal_sd.o
                0x0000000008004548                HAL_SD_Init
 .text.HAL_SD_InitCard
                0x00000000080045a8       0xc0 Drivers/STM32F4xx_HAL_Driver/Src/stm32f4xx_hal_sd.o
                0x00000000080045a8                HAL_SD_InitCard
 .text.HAL_SD_ReadBlocks
                0x0000000008004668      0x3f4 Drivers/STM32F4xx_HAL_Driver/Src/stm32f4xx_hal_sd.o
                0x0000000008004668                HAL_SD_ReadBlocks
 .text.HAL_SD_WriteBlocks
                0x0000000008004a5c      0x344 Drivers/STM32F4xx_HAL_Driver/Src/stm32f4xx_hal_sd.o
                0x0000000008004a5c                HAL_SD_WriteBlocks
 .text.HAL_SD_GetCardCSD
                0x0000000008004da0      0x348 Drivers/STM32F4xx_HAL_Driver/Src/stm32f4xx_hal_sd.o
                0x0000000008004da0                HAL_SD_GetCardCSD
 .text.HAL_SD_GetCardInfo
                0x00000000080050e8       0x58 Drivers/STM32F4xx_HAL_Driver/Src/stm32f4xx_hal_sd.o
                0x00000000080050e8                HAL_SD_GetCardInfo
 .text.HAL_SD_ConfigWideBusOperation
                0x0000000008005140       0xf8 Drivers/STM32F4xx_HAL_Driver/Src/stm32f4xx_hal_sd.o
                0x0000000008005140                HAL_SD_ConfigWideBusOperation
 .text.HAL_SD_GetCardState
                0x0000000008005238       0x40 Drivers/STM32F4xx_HAL_Driver/Src/stm32f4xx_hal_sd.o
                0x0000000008005238                HAL_SD_GetCardState
 .text.SD_InitCard
                0x0000000008005278      0x198 Drivers/STM32F4xx_HAL_Driver/Src/stm32f4xx_hal_sd.o
 .text.SD_PowerON
                0x0000000008005410      0x11c Drivers/STM32F4xx_HAL_Driver/Src/stm32f4xx_hal_sd.o
 .text.SD_SendStatus
                0x000000000800552c       0x50 Drivers/STM32F4xx_HAL_Driver/Src/stm32f4xx_hal_sd.o
 .text.SD_WideBus_Enable
                0x000000000800557c       0x96 Drivers/STM32F4xx_HAL_Driver/Src/stm32f4xx_hal_sd.o
 .text.SD_WideBus_Disable
                0x0000000008005612       0x96 Drivers/STM32F4xx_HAL_Driver/Src/stm32f4xx_hal_sd.o
 .text.SD_FindSCR
                0x00000000080056a8      0x194 Drivers/STM32F4xx_HAL_Driver/Src/stm32f4xx_hal_sd.o
 .text.HAL_TIM_Base_Init
                0x000000000800583c       0x56 Drivers/STM32F4xx_HAL_Driver/Src/stm32f4xx_hal_tim.o
                0x000000000800583c                HAL_TIM_Base_Init
 .text.HAL_TIM_IRQHandler
                0x0000000008005892      0x210 Drivers/STM32F4xx_HAL_Driver/Src/stm32f4xx_hal_tim.o
                0x0000000008005892                HAL_TIM_IRQHandler
 .text.HAL_TIM_PeriodElapsedCallback
                0x0000000008005aa2       0x14 Drivers/STM32F4xx_HAL_Driver/Src/stm32f4xx_hal_tim.o
                0x0000000008005aa2                HAL_TIM_PeriodElapsedCallback
 .text.HAL_TIM_OC_DelayElapsedCallback
                0x0000000008005ab6       0x14 Drivers/STM32F4xx_HAL_Driver/Src/stm32f4xx_hal_tim.o
                0x0000000008005ab6                HAL_TIM_OC_DelayElapsedCallback
 .text.HAL_TIM_IC_CaptureCallback
                0x0000000008005aca       0x14 Drivers/STM32F4xx_HAL_Driver/Src/stm32f4xx_hal_tim.o
                0x0000000008005aca                HAL_TIM_IC_CaptureCallback
 .text.HAL_TIM_PWM_PulseFinishedCallback
                0x0000000008005ade       0x14 Drivers/STM32F4xx_HAL_Driver/Src/stm32f4xx_hal_tim.o
                0x0000000008005ade                HAL_TIM_PWM_PulseFinishedCallback
 .text.HAL_TIM_TriggerCallback
                0x0000000008005af2       0x14 Drivers/STM32F4xx_HAL_Driver/Src/stm32f4xx_hal_tim.o
                0x0000000008005af2                HAL_TIM_TriggerCallback
 *fill*         0x0000000008005b06        0x2 
 .text.TIM_Base_SetConfig
                0x0000000008005b08      0x140 Drivers/STM32F4xx_HAL_Driver/Src/stm32f4xx_hal_tim.o
                0x0000000008005b08                TIM_Base_SetConfig
 .text.HAL_TIMEx_CommutCallback
                0x0000000008005c48       0x14 Drivers/STM32F4xx_HAL_Driver/Src/stm32f4xx_hal_tim_ex.o
                0x0000000008005c48                HAL_TIMEx_CommutCallback
 .text.HAL_TIMEx_BreakCallback
                0x0000000008005c5c       0x14 Drivers/STM32F4xx_HAL_Driver/Src/stm32f4xx_hal_tim_ex.o
                0x0000000008005c5c                HAL_TIMEx_BreakCallback
 .text.SDIO_Init
                0x0000000008005c70       0x56 Drivers/STM32F4xx_HAL_Driver/Src/stm32f4xx_ll_sdmmc.o
                0x0000000008005c70                SDIO_Init
 .text.SDIO_ReadFIFO
                0x0000000008005cc6       0x1a Drivers/STM32F4xx_HAL_Driver/Src/stm32f4xx_ll_sdmmc.o
                0x0000000008005cc6                SDIO_ReadFIFO
 .text.SDIO_WriteFIFO
                0x0000000008005ce0       0x22 Drivers/STM32F4xx_HAL_Driver/Src/stm32f4xx_ll_sdmmc.o
                0x0000000008005ce0                SDIO_WriteFIFO
 .text.SDIO_PowerState_ON
                0x0000000008005d02       0x1e Drivers/STM32F4xx_HAL_Driver/Src/stm32f4xx_ll_sdmmc.o
                0x0000000008005d02                SDIO_PowerState_ON
 .text.SDIO_GetPowerState
                0x0000000008005d20       0x1c Drivers/STM32F4xx_HAL_Driver/Src/stm32f4xx_ll_sdmmc.o
                0x0000000008005d20                SDIO_GetPowerState
 .text.SDIO_SendCommand
                0x0000000008005d3c       0x54 Drivers/STM32F4xx_HAL_Driver/Src/stm32f4xx_ll_sdmmc.o
                0x0000000008005d3c                SDIO_SendCommand
 .text.SDIO_GetCommandResponse
                0x0000000008005d90       0x1a Drivers/STM32F4xx_HAL_Driver/Src/stm32f4xx_ll_sdmmc.o
                0x0000000008005d90                SDIO_GetCommandResponse
 .text.SDIO_GetResponse
                0x0000000008005daa       0x26 Drivers/STM32F4xx_HAL_Driver/Src/stm32f4xx_ll_sdmmc.o
                0x0000000008005daa                SDIO_GetResponse
 .text.SDIO_ConfigData
                0x0000000008005dd0       0x58 Drivers/STM32F4xx_HAL_Driver/Src/stm32f4xx_ll_sdmmc.o
                0x0000000008005dd0                SDIO_ConfigData
 .text.SDMMC_CmdBlockLength
                0x0000000008005e28       0x44 Drivers/STM32F4xx_HAL_Driver/Src/stm32f4xx_ll_sdmmc.o
                0x0000000008005e28                SDMMC_CmdBlockLength
 .text.SDMMC_CmdReadSingleBlock
                0x0000000008005e6c       0x44 Drivers/STM32F4xx_HAL_Driver/Src/stm32f4xx_ll_sdmmc.o
                0x0000000008005e6c                SDMMC_CmdReadSingleBlock
 .text.SDMMC_CmdReadMultiBlock
                0x0000000008005eb0       0x44 Drivers/STM32F4xx_HAL_Driver/Src/stm32f4xx_ll_sdmmc.o
                0x0000000008005eb0                SDMMC_CmdReadMultiBlock
 .text.SDMMC_CmdWriteSingleBlock
                0x0000000008005ef4       0x44 Drivers/STM32F4xx_HAL_Driver/Src/stm32f4xx_ll_sdmmc.o
                0x0000000008005ef4                SDMMC_CmdWriteSingleBlock
 .text.SDMMC_CmdWriteMultiBlock
                0x0000000008005f38       0x44 Drivers/STM32F4xx_HAL_Driver/Src/stm32f4xx_ll_sdmmc.o
                0x0000000008005f38                SDMMC_CmdWriteMultiBlock
 .text.SDMMC_CmdStopTransfer
                0x0000000008005f7c       0x44 Drivers/STM32F4xx_HAL_Driver/Src/stm32f4xx_ll_sdmmc.o
                0x0000000008005f7c                SDMMC_CmdStopTransfer
 .text.SDMMC_CmdSelDesel
                0x0000000008005fc0       0x46 Drivers/STM32F4xx_HAL_Driver/Src/stm32f4xx_ll_sdmmc.o
                0x0000000008005fc0                SDMMC_CmdSelDesel
 .text.SDMMC_CmdGoIdleState
                0x0000000008006006       0x3c Drivers/STM32F4xx_HAL_Driver/Src/stm32f4xx_ll_sdmmc.o
                0x0000000008006006                SDMMC_CmdGoIdleState
 .text.SDMMC_CmdOperCond
                0x0000000008006042       0x3e Drivers/STM32F4xx_HAL_Driver/Src/stm32f4xx_ll_sdmmc.o
                0x0000000008006042                SDMMC_CmdOperCond
 .text.SDMMC_CmdAppCommand
                0x0000000008006080       0x44 Drivers/STM32F4xx_HAL_Driver/Src/stm32f4xx_ll_sdmmc.o
                0x0000000008006080                SDMMC_CmdAppCommand
 .text.SDMMC_CmdAppOperCommand
                0x00000000080060c4       0x46 Drivers/STM32F4xx_HAL_Driver/Src/stm32f4xx_ll_sdmmc.o
                0x00000000080060c4                SDMMC_CmdAppOperCommand
 .text.SDMMC_CmdBusWidth
                0x000000000800610a       0x44 Drivers/STM32F4xx_HAL_Driver/Src/stm32f4xx_ll_sdmmc.o
                0x000000000800610a                SDMMC_CmdBusWidth
 .text.SDMMC_CmdSendSCR
                0x000000000800614e       0x42 Drivers/STM32F4xx_HAL_Driver/Src/stm32f4xx_ll_sdmmc.o
                0x000000000800614e                SDMMC_CmdSendSCR
 .text.SDMMC_CmdSendCID
                0x0000000008006190       0x3c Drivers/STM32F4xx_HAL_Driver/Src/stm32f4xx_ll_sdmmc.o
                0x0000000008006190                SDMMC_CmdSendCID
 .text.SDMMC_CmdSendCSD
                0x00000000080061cc       0x3e Drivers/STM32F4xx_HAL_Driver/Src/stm32f4xx_ll_sdmmc.o
                0x00000000080061cc                SDMMC_CmdSendCSD
 .text.SDMMC_CmdSetRelAdd
                0x000000000800620a       0x42 Drivers/STM32F4xx_HAL_Driver/Src/stm32f4xx_ll_sdmmc.o
                0x000000000800620a                SDMMC_CmdSetRelAdd
 .text.SDMMC_CmdSendStatus
                0x000000000800624c       0x44 Drivers/STM32F4xx_HAL_Driver/Src/stm32f4xx_ll_sdmmc.o
                0x000000000800624c                SDMMC_CmdSendStatus
 .text.SDMMC_GetCmdError
                0x0000000008006290       0x50 Drivers/STM32F4xx_HAL_Driver/Src/stm32f4xx_ll_sdmmc.o
 .text.SDMMC_GetCmdResp1
                0x00000000080062e0      0x1d8 Drivers/STM32F4xx_HAL_Driver/Src/stm32f4xx_ll_sdmmc.o
 .text.SDMMC_GetCmdResp2
                0x00000000080064b8       0x8c Drivers/STM32F4xx_HAL_Driver/Src/stm32f4xx_ll_sdmmc.o
 .text.SDMMC_GetCmdResp3
                0x0000000008006544       0x74 Drivers/STM32F4xx_HAL_Driver/Src/stm32f4xx_ll_sdmmc.o
 .text.SDMMC_GetCmdResp6
                0x00000000080065b8       0xe8 Drivers/STM32F4xx_HAL_Driver/Src/stm32f4xx_ll_sdmmc.o
 .text.SDMMC_GetCmdResp7
                0x00000000080066a0       0x98 Drivers/STM32F4xx_HAL_Driver/Src/stm32f4xx_ll_sdmmc.o
 .text.MX_FATFS_Init
                0x0000000008006738       0x24 FATFS/App/fatfs.o
                0x0000000008006738                MX_FATFS_Init
 .text.get_fattime
                0x000000000800675c       0x10 FATFS/App/fatfs.o
                0x000000000800675c                get_fattime
 .text.BSP_SD_Init
                0x000000000800676c       0x4c FATFS/Target/bsp_driver_sd.o
                0x000000000800676c                BSP_SD_Init
 .text.BSP_SD_ReadBlocks
                0x00000000080067b8       0x3c FATFS/Target/bsp_driver_sd.o
                0x00000000080067b8                BSP_SD_ReadBlocks
 .text.BSP_SD_WriteBlocks
                0x00000000080067f4       0x3c FATFS/Target/bsp_driver_sd.o
                0x00000000080067f4                BSP_SD_WriteBlocks
 .text.BSP_SD_GetCardState
                0x0000000008006830       0x20 FATFS/Target/bsp_driver_sd.o
                0x0000000008006830                BSP_SD_GetCardState
 .text.BSP_SD_GetCardInfo
                0x0000000008006850       0x1c FATFS/Target/bsp_driver_sd.o
                0x0000000008006850                BSP_SD_GetCardInfo
 .text.BSP_SD_IsDetected
                0x000000000800686c       0x24 FATFS/Target/bsp_driver_sd.o
                0x000000000800686c                BSP_SD_IsDetected
 .text.BSP_PlatformIsDetected
                0x0000000008006890       0x2c FATFS/Target/fatfs_platform.o
                0x0000000008006890                BSP_PlatformIsDetected
 .text.SD_CheckStatus
                0x00000000080068bc       0x3c FATFS/Target/sd_diskio.o
 .text.SD_initialize
                0x00000000080068f8       0x3c FATFS/Target/sd_diskio.o
                0x00000000080068f8                SD_initialize
 .text.SD_status
                0x0000000008006934       0x1c FATFS/Target/sd_diskio.o
                0x0000000008006934                SD_status
 .text.SD_read  0x0000000008006950       0x42 FATFS/Target/sd_diskio.o
                0x0000000008006950                SD_read
 .text.SD_write
                0x0000000008006992       0x42 FATFS/Target/sd_diskio.o
                0x0000000008006992                SD_write
 .text.SD_ioctl
                0x00000000080069d4       0xb0 FATFS/Target/sd_diskio.o
                0x00000000080069d4                SD_ioctl
 .text.disk_status
                0x0000000008006a84       0x34 Middlewares/Third_Party/FatFs/src/diskio.o
                0x0000000008006a84                disk_status
 .text.disk_initialize
                0x0000000008006ab8       0x4c Middlewares/Third_Party/FatFs/src/diskio.o
                0x0000000008006ab8                disk_initialize
 .text.disk_read
                0x0000000008006b04       0x40 Middlewares/Third_Party/FatFs/src/diskio.o
                0x0000000008006b04                disk_read
 .text.disk_write
                0x0000000008006b44       0x40 Middlewares/Third_Party/FatFs/src/diskio.o
                0x0000000008006b44                disk_write
 .text.disk_ioctl
                0x0000000008006b84       0x3c Middlewares/Third_Party/FatFs/src/diskio.o
                0x0000000008006b84                disk_ioctl
 .text.ld_word  0x0000000008006bc0       0x30 Middlewares/Third_Party/FatFs/src/ff.o
 .text.ld_dword
                0x0000000008006bf0       0x46 Middlewares/Third_Party/FatFs/src/ff.o
 .text.st_word  0x0000000008006c36       0x36 Middlewares/Third_Party/FatFs/src/ff.o
 .text.st_dword
                0x0000000008006c6c       0x58 Middlewares/Third_Party/FatFs/src/ff.o
 .text.mem_cpy  0x0000000008006cc4       0x42 Middlewares/Third_Party/FatFs/src/ff.o
 .text.mem_set  0x0000000008006d06       0x36 Middlewares/Third_Party/FatFs/src/ff.o
 .text.mem_cmp  0x0000000008006d3c       0x4e Middlewares/Third_Party/FatFs/src/ff.o
 .text.chk_chr  0x0000000008006d8a       0x36 Middlewares/Third_Party/FatFs/src/ff.o
 .text.chk_lock
                0x0000000008006dc0       0xb8 Middlewares/Third_Party/FatFs/src/ff.o
 .text.enq_lock
                0x0000000008006e78       0x44 Middlewares/Third_Party/FatFs/src/ff.o
 .text.inc_lock
                0x0000000008006ebc      0x11c Middlewares/Third_Party/FatFs/src/ff.o
 .text.dec_lock
                0x0000000008006fd8       0x78 Middlewares/Third_Party/FatFs/src/ff.o
 .text.clear_lock
                0x0000000008007050       0x48 Middlewares/Third_Party/FatFs/src/ff.o
 .text.sync_window
                0x0000000008007098       0x88 Middlewares/Third_Party/FatFs/src/ff.o
 .text.move_window
                0x0000000008007120       0x5a Middlewares/Third_Party/FatFs/src/ff.o
 *fill*         0x000000000800717a        0x2 
 .text.sync_fs  0x000000000800717c       0xdc Middlewares/Third_Party/FatFs/src/ff.o
 .text.clust2sect
                0x0000000008007258       0x3e Middlewares/Third_Party/FatFs/src/ff.o
 .text.get_fat  0x0000000008007296      0x150 Middlewares/Third_Party/FatFs/src/ff.o
 .text.put_fat  0x00000000080073e6      0x1d8 Middlewares/Third_Party/FatFs/src/ff.o
 .text.remove_chain
                0x00000000080075be       0xca Middlewares/Third_Party/FatFs/src/ff.o
 .text.create_chain
                0x0000000008007688      0x130 Middlewares/Third_Party/FatFs/src/ff.o
 .text.clmt_clust
                0x00000000080077b8       0x68 Middlewares/Third_Party/FatFs/src/ff.o
 .text.dir_sdi  0x0000000008007820       0xf6 Middlewares/Third_Party/FatFs/src/ff.o
 .text.dir_next
                0x0000000008007916      0x18a Middlewares/Third_Party/FatFs/src/ff.o
 .text.dir_alloc
                0x0000000008007aa0       0x8e Middlewares/Third_Party/FatFs/src/ff.o
 .text.ld_clust
                0x0000000008007b2e       0x3e Middlewares/Third_Party/FatFs/src/ff.o
 .text.st_clust
                0x0000000008007b6c       0x40 Middlewares/Third_Party/FatFs/src/ff.o
 .text.dir_find
                0x0000000008007bac       0xaa Middlewares/Third_Party/FatFs/src/ff.o
 .text.dir_register
                0x0000000008007c56       0x64 Middlewares/Third_Party/FatFs/src/ff.o
 *fill*         0x0000000008007cba        0x2 
 .text.create_name
                0x0000000008007cbc      0x128 Middlewares/Third_Party/FatFs/src/ff.o
 .text.follow_path
                0x0000000008007de4       0xe2 Middlewares/Third_Party/FatFs/src/ff.o
 .text.get_ldnumber
                0x0000000008007ec6       0x88 Middlewares/Third_Party/FatFs/src/ff.o
 *fill*         0x0000000008007f4e        0x2 
 .text.check_fs
                0x0000000008007f50       0xac Middlewares/Third_Party/FatFs/src/ff.o
 .text.find_volume
                0x0000000008007ffc      0x498 Middlewares/Third_Party/FatFs/src/ff.o
 .text.validate
                0x0000000008008494       0x6a Middlewares/Third_Party/FatFs/src/ff.o
 *fill*         0x00000000080084fe        0x2 
 .text.f_mount  0x0000000008008500       0x8c Middlewares/Third_Party/FatFs/src/ff.o
                0x0000000008008500                f_mount
 .text.f_open   0x000000000800858c      0x37c Middlewares/Third_Party/FatFs/src/ff.o
                0x000000000800858c                f_open
 .text.f_read   0x0000000008008908      0x27e Middlewares/Third_Party/FatFs/src/ff.o
                0x0000000008008908                f_read
 .text.f_sync   0x0000000008008b86       0xfc Middlewares/Third_Party/FatFs/src/ff.o
                0x0000000008008b86                f_sync
 .text.f_close  0x0000000008008c82       0x54 Middlewares/Third_Party/FatFs/src/ff.o
                0x0000000008008c82                f_close
 .text.f_getfree
                0x0000000008008cd6      0x16a Middlewares/Third_Party/FatFs/src/ff.o
                0x0000000008008cd6                f_getfree
 .text.f_gets   0x0000000008008e40       0x7a Middlewares/Third_Party/FatFs/src/ff.o
                0x0000000008008e40                f_gets
 *fill*         0x0000000008008eba        0x2 
 .text.FATFS_LinkDriverEx
                0x0000000008008ebc       0x98 Middlewares/Third_Party/FatFs/src/ff_gen_drv.o
                0x0000000008008ebc                FATFS_LinkDriverEx
 .text.FATFS_LinkDriver
                0x0000000008008f54       0x1e Middlewares/Third_Party/FatFs/src/ff_gen_drv.o
                0x0000000008008f54                FATFS_LinkDriver
 *fill*         0x0000000008008f72        0x2 
 .text._DoInit  0x0000000008008f74       0xb0 /home/chris/Projects/Embedded/CirrusDspFFTPedal_SW/SeggerRTTLib/Debug/libSeggerRTTLib.a(SEGGER_RTT.o)
 .text._WriteBlocking
                0x0000000008009024       0xba /home/chris/Projects/Embedded/CirrusDspFFTPedal_SW/SeggerRTTLib/Debug/libSeggerRTTLib.a(SEGGER_RTT.o)
 .text._WriteNoCheck
                0x00000000080090de       0x90 /home/chris/Projects/Embedded/CirrusDspFFTPedal_SW/SeggerRTTLib/Debug/libSeggerRTTLib.a(SEGGER_RTT.o)
 .text._GetAvailWriteSpace
                0x000000000800916e       0x46 /home/chris/Projects/Embedded/CirrusDspFFTPedal_SW/SeggerRTTLib/Debug/libSeggerRTTLib.a(SEGGER_RTT.o)
 .text.SEGGER_RTT_WriteNoLock
                0x00000000080091b4       0x9c /home/chris/Projects/Embedded/CirrusDspFFTPedal_SW/SeggerRTTLib/Debug/libSeggerRTTLib.a(SEGGER_RTT.o)
                0x00000000080091b4                SEGGER_RTT_WriteNoLock
 .text.SEGGER_RTT_Write
                0x0000000008009250       0x4c /home/chris/Projects/Embedded/CirrusDspFFTPedal_SW/SeggerRTTLib/Debug/libSeggerRTTLib.a(SEGGER_RTT.o)
                0x0000000008009250                SEGGER_RTT_Write
 .text.SEGGER_RTT_ConfigUpBuffer
                0x000000000800929c       0xe0 /home/chris/Projects/Embedded/CirrusDspFFTPedal_SW/SeggerRTTLib/Debug/libSeggerRTTLib.a(SEGGER_RTT.o)
                0x000000000800929c                SEGGER_RTT_ConfigUpBuffer
 .text.arm_biquad_cascade_df1_init_f32
                0x000000000800937c       0x18 /home/chris/Projects/Lib/CMSIS_4/CMSIS/Lib/GCC/libarm_cortexM4lf_math.a(arm_biquad_cascade_df1_init_f32.o)
                0x000000000800937c                arm_biquad_cascade_df1_init_f32
 .text.arm_biquad_cascade_df1_f32
                0x0000000008009394      0x1a0 /home/chris/Projects/Lib/CMSIS_4/CMSIS/Lib/GCC/libarm_cortexM4lf_math.a(arm_biquad_cascade_df1_f32.o)
                0x0000000008009394                arm_biquad_cascade_df1_f32
 .text.__errno  0x0000000008009534        0xc /home/chris/opt/STM32CubeIDE/st/stm32cubeide_1.2.0/plugins/com.st.stm32cube.ide.mcu.externaltools.gnu-arm-embedded.7-2018-q2-update.linux64_1.4.0.202007081208/tools/bin/../lib/gcc/arm-none-eabi/9.2.1/../../../../arm-none-eabi/lib/thumb/v7e-m+fp/hard/libc_nano.a(lib_a-errno.o)
                0x0000000008009534                __errno
 .text.__libc_init_array
                0x0000000008009540       0x48 /home/chris/opt/STM32CubeIDE/st/stm32cubeide_1.2.0/plugins/com.st.stm32cube.ide.mcu.externaltools.gnu-arm-embedded.7-2018-q2-update.linux64_1.4.0.202007081208/tools/bin/../lib/gcc/arm-none-eabi/9.2.1/../../../../arm-none-eabi/lib/thumb/v7e-m+fp/hard/libc_nano.a(lib_a-init.o)
                0x0000000008009540                __libc_init_array
 .text.memcpy   0x0000000008009588       0x1c /home/chris/opt/STM32CubeIDE/st/stm32cubeide_1.2.0/plugins/com.st.stm32cube.ide.mcu.externaltools.gnu-arm-embedded.7-2018-q2-update.linux64_1.4.0.202007081208/tools/bin/../lib/gcc/arm-none-eabi/9.2.1/../../../../arm-none-eabi/lib/thumb/v7e-m+fp/hard/libc_nano.a(lib_a-memcpy-stub.o)
                0x0000000008009588                memcpy
 .text.memset   0x00000000080095a4       0x10 /home/chris/opt/STM32CubeIDE/st/stm32cubeide_1.2.0/plugins/com.st.stm32cube.ide.mcu.externaltools.gnu-arm-embedded.7-2018-q2-update.linux64_1.4.0.202007081208/tools/bin/../lib/gcc/arm-none-eabi/9.2.1/../../../../arm-none-eabi/lib/thumb/v7e-m+fp/hard/libc_nano.a(lib_a-memset.o)
                0x00000000080095a4                memset
 .text.printf   0x00000000080095b4       0x30 /home/chris/opt/STM32CubeIDE/st/stm32cubeide_1.2.0/plugins/com.st.stm32cube.ide.mcu.externaltools.gnu-arm-embedded.7-2018-q2-update.linux64_1.4.0.202007081208/tools/bin/../lib/gcc/arm-none-eabi/9.2.1/../../../../arm-none-eabi/lib/thumb/v7e-m+fp/hard/libc_nano.a(lib_a-printf.o)
                0x00000000080095b4                printf
                0x00000000080095b4                iprintf
 .text.__swbuf_r
                0x00000000080095e4       0xa4 /home/chris/opt/STM32CubeIDE/st/stm32cubeide_1.2.0/plugins/com.st.stm32cube.ide.mcu.externaltools.gnu-arm-embedded.7-2018-q2-update.linux64_1.4.0.202007081208/tools/bin/../lib/gcc/arm-none-eabi/9.2.1/../../../../arm-none-eabi/lib/thumb/v7e-m+fp/hard/libc_nano.a(lib_a-wbuf.o)
                0x00000000080095e4                __swbuf_r
 .text.__swsetup_r
                0x0000000008009688       0xdc /home/chris/opt/STM32CubeIDE/st/stm32cubeide_1.2.0/plugins/com.st.stm32cube.ide.mcu.externaltools.gnu-arm-embedded.7-2018-q2-update.linux64_1.4.0.202007081208/tools/bin/../lib/gcc/arm-none-eabi/9.2.1/../../../../arm-none-eabi/lib/thumb/v7e-m+fp/hard/libc_nano.a(lib_a-wsetup.o)
                0x0000000008009688                __swsetup_r
 .text.__sflush_r
                0x0000000008009764      0x10c /home/chris/opt/STM32CubeIDE/st/stm32cubeide_1.2.0/plugins/com.st.stm32cube.ide.mcu.externaltools.gnu-arm-embedded.7-2018-q2-update.linux64_1.4.0.202007081208/tools/bin/../lib/gcc/arm-none-eabi/9.2.1/../../../../arm-none-eabi/lib/thumb/v7e-m+fp/hard/libc_nano.a(lib_a-fflush.o)
                0x0000000008009764                __sflush_r
 .text._fflush_r
                0x0000000008009870       0x78 /home/chris/opt/STM32CubeIDE/st/stm32cubeide_1.2.0/plugins/com.st.stm32cube.ide.mcu.externaltools.gnu-arm-embedded.7-2018-q2-update.linux64_1.4.0.202007081208/tools/bin/../lib/gcc/arm-none-eabi/9.2.1/../../../../arm-none-eabi/lib/thumb/v7e-m+fp/hard/libc_nano.a(lib_a-fflush.o)
                0x0000000008009870                _fflush_r
 .text.std      0x00000000080098e8       0x48 /home/chris/opt/STM32CubeIDE/st/stm32cubeide_1.2.0/plugins/com.st.stm32cube.ide.mcu.externaltools.gnu-arm-embedded.7-2018-q2-update.linux64_1.4.0.202007081208/tools/bin/../lib/gcc/arm-none-eabi/9.2.1/../../../../arm-none-eabi/lib/thumb/v7e-m+fp/hard/libc_nano.a(lib_a-findfp.o)
 .text._cleanup_r
                0x0000000008009930        0xc /home/chris/opt/STM32CubeIDE/st/stm32cubeide_1.2.0/plugins/com.st.stm32cube.ide.mcu.externaltools.gnu-arm-embedded.7-2018-q2-update.linux64_1.4.0.202007081208/tools/bin/../lib/gcc/arm-none-eabi/9.2.1/../../../../arm-none-eabi/lib/thumb/v7e-m+fp/hard/libc_nano.a(lib_a-findfp.o)
                0x0000000008009930                _cleanup_r
 .text.__sfmoreglue
                0x000000000800993c       0x2c /home/chris/opt/STM32CubeIDE/st/stm32cubeide_1.2.0/plugins/com.st.stm32cube.ide.mcu.externaltools.gnu-arm-embedded.7-2018-q2-update.linux64_1.4.0.202007081208/tools/bin/../lib/gcc/arm-none-eabi/9.2.1/../../../../arm-none-eabi/lib/thumb/v7e-m+fp/hard/libc_nano.a(lib_a-findfp.o)
                0x000000000800993c                __sfmoreglue
 .text.__sfp_lock_acquire
                0x0000000008009968        0xc /home/chris/opt/STM32CubeIDE/st/stm32cubeide_1.2.0/plugins/com.st.stm32cube.ide.mcu.externaltools.gnu-arm-embedded.7-2018-q2-update.linux64_1.4.0.202007081208/tools/bin/../lib/gcc/arm-none-eabi/9.2.1/../../../../arm-none-eabi/lib/thumb/v7e-m+fp/hard/libc_nano.a(lib_a-findfp.o)
                0x0000000008009968                __sfp_lock_acquire
 .text.__sfp_lock_release
                0x0000000008009974        0xc /home/chris/opt/STM32CubeIDE/st/stm32cubeide_1.2.0/plugins/com.st.stm32cube.ide.mcu.externaltools.gnu-arm-embedded.7-2018-q2-update.linux64_1.4.0.202007081208/tools/bin/../lib/gcc/arm-none-eabi/9.2.1/../../../../arm-none-eabi/lib/thumb/v7e-m+fp/hard/libc_nano.a(lib_a-findfp.o)
                0x0000000008009974                __sfp_lock_release
 .text.__sinit_lock_acquire
                0x0000000008009980        0xc /home/chris/opt/STM32CubeIDE/st/stm32cubeide_1.2.0/plugins/com.st.stm32cube.ide.mcu.externaltools.gnu-arm-embedded.7-2018-q2-update.linux64_1.4.0.202007081208/tools/bin/../lib/gcc/arm-none-eabi/9.2.1/../../../../arm-none-eabi/lib/thumb/v7e-m+fp/hard/libc_nano.a(lib_a-findfp.o)
                0x0000000008009980                __sinit_lock_acquire
 .text.__sinit_lock_release
                0x000000000800998c        0xc /home/chris/opt/STM32CubeIDE/st/stm32cubeide_1.2.0/plugins/com.st.stm32cube.ide.mcu.externaltools.gnu-arm-embedded.7-2018-q2-update.linux64_1.4.0.202007081208/tools/bin/../lib/gcc/arm-none-eabi/9.2.1/../../../../arm-none-eabi/lib/thumb/v7e-m+fp/hard/libc_nano.a(lib_a-findfp.o)
                0x000000000800998c                __sinit_lock_release
 .text.__sinit  0x0000000008009998       0x70 /home/chris/opt/STM32CubeIDE/st/stm32cubeide_1.2.0/plugins/com.st.stm32cube.ide.mcu.externaltools.gnu-arm-embedded.7-2018-q2-update.linux64_1.4.0.202007081208/tools/bin/../lib/gcc/arm-none-eabi/9.2.1/../../../../arm-none-eabi/lib/thumb/v7e-m+fp/hard/libc_nano.a(lib_a-findfp.o)
                0x0000000008009998                __sinit
 .text.__sfp    0x0000000008009a08       0x8c /home/chris/opt/STM32CubeIDE/st/stm32cubeide_1.2.0/plugins/com.st.stm32cube.ide.mcu.externaltools.gnu-arm-embedded.7-2018-q2-update.linux64_1.4.0.202007081208/tools/bin/../lib/gcc/arm-none-eabi/9.2.1/../../../../arm-none-eabi/lib/thumb/v7e-m+fp/hard/libc_nano.a(lib_a-findfp.o)
                0x0000000008009a08                __sfp
 .text._fwalk_reent
                0x0000000008009a94       0x3e /home/chris/opt/STM32CubeIDE/st/stm32cubeide_1.2.0/plugins/com.st.stm32cube.ide.mcu.externaltools.gnu-arm-embedded.7-2018-q2-update.linux64_1.4.0.202007081208/tools/bin/../lib/gcc/arm-none-eabi/9.2.1/../../../../arm-none-eabi/lib/thumb/v7e-m+fp/hard/libc_nano.a(lib_a-fwalk.o)
                0x0000000008009a94                _fwalk_reent
 .text.__retarget_lock_init_recursive
                0x0000000008009ad2        0x2 /home/chris/opt/STM32CubeIDE/st/stm32cubeide_1.2.0/plugins/com.st.stm32cube.ide.mcu.externaltools.gnu-arm-embedded.7-2018-q2-update.linux64_1.4.0.202007081208/tools/bin/../lib/gcc/arm-none-eabi/9.2.1/../../../../arm-none-eabi/lib/thumb/v7e-m+fp/hard/libc_nano.a(lib_a-lock.o)
                0x0000000008009ad2                __retarget_lock_init_recursive
 .text.__retarget_lock_acquire_recursive
                0x0000000008009ad4        0x2 /home/chris/opt/STM32CubeIDE/st/stm32cubeide_1.2.0/plugins/com.st.stm32cube.ide.mcu.externaltools.gnu-arm-embedded.7-2018-q2-update.linux64_1.4.0.202007081208/tools/bin/../lib/gcc/arm-none-eabi/9.2.1/../../../../arm-none-eabi/lib/thumb/v7e-m+fp/hard/libc_nano.a(lib_a-lock.o)
                0x0000000008009ad4                __retarget_lock_acquire_recursive
 .text.__retarget_lock_release_recursive
                0x0000000008009ad6        0x2 /home/chris/opt/STM32CubeIDE/st/stm32cubeide_1.2.0/plugins/com.st.stm32cube.ide.mcu.externaltools.gnu-arm-embedded.7-2018-q2-update.linux64_1.4.0.202007081208/tools/bin/../lib/gcc/arm-none-eabi/9.2.1/../../../../arm-none-eabi/lib/thumb/v7e-m+fp/hard/libc_nano.a(lib_a-lock.o)
                0x0000000008009ad6                __retarget_lock_release_recursive
 .text.__swhatbuf_r
                0x0000000008009ad8       0x48 /home/chris/opt/STM32CubeIDE/st/stm32cubeide_1.2.0/plugins/com.st.stm32cube.ide.mcu.externaltools.gnu-arm-embedded.7-2018-q2-update.linux64_1.4.0.202007081208/tools/bin/../lib/gcc/arm-none-eabi/9.2.1/../../../../arm-none-eabi/lib/thumb/v7e-m+fp/hard/libc_nano.a(lib_a-makebuf.o)
                0x0000000008009ad8                __swhatbuf_r
 .text.__smakebuf_r
                0x0000000008009b20       0x80 /home/chris/opt/STM32CubeIDE/st/stm32cubeide_1.2.0/plugins/com.st.stm32cube.ide.mcu.externaltools.gnu-arm-embedded.7-2018-q2-update.linux64_1.4.0.202007081208/tools/bin/../lib/gcc/arm-none-eabi/9.2.1/../../../../arm-none-eabi/lib/thumb/v7e-m+fp/hard/libc_nano.a(lib_a-makebuf.o)
                0x0000000008009b20                __smakebuf_r
 .text._free_r  0x0000000008009ba0       0xa0 /home/chris/opt/STM32CubeIDE/st/stm32cubeide_1.2.0/plugins/com.st.stm32cube.ide.mcu.externaltools.gnu-arm-embedded.7-2018-q2-update.linux64_1.4.0.202007081208/tools/bin/../lib/gcc/arm-none-eabi/9.2.1/../../../../arm-none-eabi/lib/thumb/v7e-m+fp/hard/libc_nano.a(lib_a-nano-freer.o)
                0x0000000008009ba0                _free_r
 .text._malloc_r
                0x0000000008009c40       0xb4 /home/chris/opt/STM32CubeIDE/st/stm32cubeide_1.2.0/plugins/com.st.stm32cube.ide.mcu.externaltools.gnu-arm-embedded.7-2018-q2-update.linux64_1.4.0.202007081208/tools/bin/../lib/gcc/arm-none-eabi/9.2.1/../../../../arm-none-eabi/lib/thumb/v7e-m+fp/hard/libc_nano.a(lib_a-nano-mallocr.o)
                0x0000000008009c40                _malloc_r
 .text.__sfputc_r
                0x0000000008009cf4       0x2e /home/chris/opt/STM32CubeIDE/st/stm32cubeide_1.2.0/plugins/com.st.stm32cube.ide.mcu.externaltools.gnu-arm-embedded.7-2018-q2-update.linux64_1.4.0.202007081208/tools/bin/../lib/gcc/arm-none-eabi/9.2.1/../../../../arm-none-eabi/lib/thumb/v7e-m+fp/hard/libc_nano.a(lib_a-nano-vfprintf.o)
 .text.__sfputs_r
                0x0000000008009d22       0x24 /home/chris/opt/STM32CubeIDE/st/stm32cubeide_1.2.0/plugins/com.st.stm32cube.ide.mcu.externaltools.gnu-arm-embedded.7-2018-q2-update.linux64_1.4.0.202007081208/tools/bin/../lib/gcc/arm-none-eabi/9.2.1/../../../../arm-none-eabi/lib/thumb/v7e-m+fp/hard/libc_nano.a(lib_a-nano-vfprintf.o)
                0x0000000008009d22                __sfputs_r
 *fill*         0x0000000008009d46        0x2 
 .text._vfprintf_r
                0x0000000008009d48      0x260 /home/chris/opt/STM32CubeIDE/st/stm32cubeide_1.2.0/plugins/com.st.stm32cube.ide.mcu.externaltools.gnu-arm-embedded.7-2018-q2-update.linux64_1.4.0.202007081208/tools/bin/../lib/gcc/arm-none-eabi/9.2.1/../../../../arm-none-eabi/lib/thumb/v7e-m+fp/hard/libc_nano.a(lib_a-nano-vfprintf.o)
                0x0000000008009d48                _vfiprintf_r
                0x0000000008009d48                _vfprintf_r
 .text._printf_common
                0x0000000008009fa8       0xda /home/chris/opt/STM32CubeIDE/st/stm32cubeide_1.2.0/plugins/com.st.stm32cube.ide.mcu.externaltools.gnu-arm-embedded.7-2018-q2-update.linux64_1.4.0.202007081208/tools/bin/../lib/gcc/arm-none-eabi/9.2.1/../../../../arm-none-eabi/lib/thumb/v7e-m+fp/hard/libc_nano.a(lib_a-nano-vfprintf_i.o)
                0x0000000008009fa8                _printf_common
 *fill*         0x000000000800a082        0x2 
 .text._printf_i
                0x000000000800a084      0x24c /home/chris/opt/STM32CubeIDE/st/stm32cubeide_1.2.0/plugins/com.st.stm32cube.ide.mcu.externaltools.gnu-arm-embedded.7-2018-q2-update.linux64_1.4.0.202007081208/tools/bin/../lib/gcc/arm-none-eabi/9.2.1/../../../../arm-none-eabi/lib/thumb/v7e-m+fp/hard/libc_nano.a(lib_a-nano-vfprintf_i.o)
                0x000000000800a084                _printf_i
 .text._sbrk_r  0x000000000800a2d0       0x20 /home/chris/opt/STM32CubeIDE/st/stm32cubeide_1.2.0/plugins/com.st.stm32cube.ide.mcu.externaltools.gnu-arm-embedded.7-2018-q2-update.linux64_1.4.0.202007081208/tools/bin/../lib/gcc/arm-none-eabi/9.2.1/../../../../arm-none-eabi/lib/thumb/v7e-m+fp/hard/libc_nano.a(lib_a-sbrkr.o)
                0x000000000800a2d0                _sbrk_r
 .text.__sread  0x000000000800a2f0       0x22 /home/chris/opt/STM32CubeIDE/st/stm32cubeide_1.2.0/plugins/com.st.stm32cube.ide.mcu.externaltools.gnu-arm-embedded.7-2018-q2-update.linux64_1.4.0.202007081208/tools/bin/../lib/gcc/arm-none-eabi/9.2.1/../../../../arm-none-eabi/lib/thumb/v7e-m+fp/hard/libc_nano.a(lib_a-stdio.o)
                0x000000000800a2f0                __sread
 .text.__swrite
                0x000000000800a312       0x38 /home/chris/opt/STM32CubeIDE/st/stm32cubeide_1.2.0/plugins/com.st.stm32cube.ide.mcu.externaltools.gnu-arm-embedded.7-2018-q2-update.linux64_1.4.0.202007081208/tools/bin/../lib/gcc/arm-none-eabi/9.2.1/../../../../arm-none-eabi/lib/thumb/v7e-m+fp/hard/libc_nano.a(lib_a-stdio.o)
                0x000000000800a312                __swrite
 .text.__sseek  0x000000000800a34a       0x24 /home/chris/opt/STM32CubeIDE/st/stm32cubeide_1.2.0/plugins/com.st.stm32cube.ide.mcu.externaltools.gnu-arm-embedded.7-2018-q2-update.linux64_1.4.0.202007081208/tools/bin/../lib/gcc/arm-none-eabi/9.2.1/../../../../arm-none-eabi/lib/thumb/v7e-m+fp/hard/libc_nano.a(lib_a-stdio.o)
                0x000000000800a34a                __sseek
 .text.__sclose
                0x000000000800a36e        0x8 /home/chris/opt/STM32CubeIDE/st/stm32cubeide_1.2.0/plugins/com.st.stm32cube.ide.mcu.externaltools.gnu-arm-embedded.7-2018-q2-update.linux64_1.4.0.202007081208/tools/bin/../lib/gcc/arm-none-eabi/9.2.1/../../../../arm-none-eabi/lib/thumb/v7e-m+fp/hard/libc_nano.a(lib_a-stdio.o)
                0x000000000800a36e                __sclose
 *fill*         0x000000000800a376        0x2 
 .text._write_r
                0x000000000800a378       0x24 /home/chris/opt/STM32CubeIDE/st/stm32cubeide_1.2.0/plugins/com.st.stm32cube.ide.mcu.externaltools.gnu-arm-embedded.7-2018-q2-update.linux64_1.4.0.202007081208/tools/bin/../lib/gcc/arm-none-eabi/9.2.1/../../../../arm-none-eabi/lib/thumb/v7e-m+fp/hard/libc_nano.a(lib_a-writer.o)
                0x000000000800a378                _write_r
 .text._close_r
                0x000000000800a39c       0x20 /home/chris/opt/STM32CubeIDE/st/stm32cubeide_1.2.0/plugins/com.st.stm32cube.ide.mcu.externaltools.gnu-arm-embedded.7-2018-q2-update.linux64_1.4.0.202007081208/tools/bin/../lib/gcc/arm-none-eabi/9.2.1/../../../../arm-none-eabi/lib/thumb/v7e-m+fp/hard/libc_nano.a(lib_a-closer.o)
                0x000000000800a39c                _close_r
 .text._fstat_r
                0x000000000800a3bc       0x24 /home/chris/opt/STM32CubeIDE/st/stm32cubeide_1.2.0/plugins/com.st.stm32cube.ide.mcu.externaltools.gnu-arm-embedded.7-2018-q2-update.linux64_1.4.0.202007081208/tools/bin/../lib/gcc/arm-none-eabi/9.2.1/../../../../arm-none-eabi/lib/thumb/v7e-m+fp/hard/libc_nano.a(lib_a-fstatr.o)
                0x000000000800a3bc                _fstat_r
 .text._isatty_r
                0x000000000800a3e0       0x20 /home/chris/opt/STM32CubeIDE/st/stm32cubeide_1.2.0/plugins/com.st.stm32cube.ide.mcu.externaltools.gnu-arm-embedded.7-2018-q2-update.linux64_1.4.0.202007081208/tools/bin/../lib/gcc/arm-none-eabi/9.2.1/../../../../arm-none-eabi/lib/thumb/v7e-m+fp/hard/libc_nano.a(lib_a-isattyr.o)
                0x000000000800a3e0                _isatty_r
 .text._lseek_r
                0x000000000800a400       0x24 /home/chris/opt/STM32CubeIDE/st/stm32cubeide_1.2.0/plugins/com.st.stm32cube.ide.mcu.externaltools.gnu-arm-embedded.7-2018-q2-update.linux64_1.4.0.202007081208/tools/bin/../lib/gcc/arm-none-eabi/9.2.1/../../../../arm-none-eabi/lib/thumb/v7e-m+fp/hard/libc_nano.a(lib_a-lseekr.o)
                0x000000000800a400                _lseek_r
 .text.__malloc_lock
                0x000000000800a424        0xc /home/chris/opt/STM32CubeIDE/st/stm32cubeide_1.2.0/plugins/com.st.stm32cube.ide.mcu.externaltools.gnu-arm-embedded.7-2018-q2-update.linux64_1.4.0.202007081208/tools/bin/../lib/gcc/arm-none-eabi/9.2.1/../../../../arm-none-eabi/lib/thumb/v7e-m+fp/hard/libc_nano.a(lib_a-mlock.o)
                0x000000000800a424                __malloc_lock
 .text.__malloc_unlock
                0x000000000800a430        0xc /home/chris/opt/STM32CubeIDE/st/stm32cubeide_1.2.0/plugins/com.st.stm32cube.ide.mcu.externaltools.gnu-arm-embedded.7-2018-q2-update.linux64_1.4.0.202007081208/tools/bin/../lib/gcc/arm-none-eabi/9.2.1/../../../../arm-none-eabi/lib/thumb/v7e-m+fp/hard/libc_nano.a(lib_a-mlock.o)
                0x000000000800a430                __malloc_unlock
 .text._read_r  0x000000000800a43c       0x24 /home/chris/opt/STM32CubeIDE/st/stm32cubeide_1.2.0/plugins/com.st.stm32cube.ide.mcu.externaltools.gnu-arm-embedded.7-2018-q2-update.linux64_1.4.0.202007081208/tools/bin/../lib/gcc/arm-none-eabi/9.2.1/../../../../arm-none-eabi/lib/thumb/v7e-m+fp/hard/libc_nano.a(lib_a-readr.o)
                0x000000000800a43c                _read_r
 *(.glue_7)
 .glue_7        0x000000000800a460        0x0 linker stubs
 *(.glue_7t)
 .glue_7t       0x000000000800a460        0x0 linker stubs
 *(.eh_frame)
 .eh_frame      0x000000000800a460        0x0 /home/chris/opt/STM32CubeIDE/st/stm32cubeide_1.2.0/plugins/com.st.stm32cube.ide.mcu.externaltools.gnu-arm-embedded.7-2018-q2-update.linux64_1.4.0.202007081208/tools/bin/../lib/gcc/arm-none-eabi/9.2.1/thumb/v7e-m+fp/hard/crtbegin.o
 *(.init)
 .init          0x000000000800a460        0x4 /home/chris/opt/STM32CubeIDE/st/stm32cubeide_1.2.0/plugins/com.st.stm32cube.ide.mcu.externaltools.gnu-arm-embedded.7-2018-q2-update.linux64_1.4.0.202007081208/tools/bin/../lib/gcc/arm-none-eabi/9.2.1/thumb/v7e-m+fp/hard/crti.o
                0x000000000800a460                _init
 .init          0x000000000800a464        0x8 /home/chris/opt/STM32CubeIDE/st/stm32cubeide_1.2.0/plugins/com.st.stm32cube.ide.mcu.externaltools.gnu-arm-embedded.7-2018-q2-update.linux64_1.4.0.202007081208/tools/bin/../lib/gcc/arm-none-eabi/9.2.1/thumb/v7e-m+fp/hard/crtn.o
 *(.fini)
 .fini          0x000000000800a46c        0x4 /home/chris/opt/STM32CubeIDE/st/stm32cubeide_1.2.0/plugins/com.st.stm32cube.ide.mcu.externaltools.gnu-arm-embedded.7-2018-q2-update.linux64_1.4.0.202007081208/tools/bin/../lib/gcc/arm-none-eabi/9.2.1/thumb/v7e-m+fp/hard/crti.o
                0x000000000800a46c                _fini
 .fini          0x000000000800a470        0x8 /home/chris/opt/STM32CubeIDE/st/stm32cubeide_1.2.0/plugins/com.st.stm32cube.ide.mcu.externaltools.gnu-arm-embedded.7-2018-q2-update.linux64_1.4.0.202007081208/tools/bin/../lib/gcc/arm-none-eabi/9.2.1/thumb/v7e-m+fp/hard/crtn.o
                0x000000000800a478                . = ALIGN (0x4)
                0x000000000800a478                _etext = .

.vfp11_veneer   0x000000000800a478        0x0
 .vfp11_veneer  0x000000000800a478        0x0 linker stubs

.v4_bx          0x000000000800a478        0x0
 .v4_bx         0x000000000800a478        0x0 linker stubs

.iplt           0x000000000800a478        0x0
 .iplt          0x000000000800a478        0x0 /home/chris/opt/STM32CubeIDE/st/stm32cubeide_1.2.0/plugins/com.st.stm32cube.ide.mcu.externaltools.gnu-arm-embedded.7-2018-q2-update.linux64_1.4.0.202007081208/tools/bin/../lib/gcc/arm-none-eabi/9.2.1/thumb/v7e-m+fp/hard/crtbegin.o

.rodata         0x000000000800a478      0x2b0
                0x000000000800a478                . = ALIGN (0x4)
 *(.rodata)
 .rodata        0x000000000800a478       0x12 Core/Src/main.o
 *fill*         0x000000000800a48a        0x2 
 .rodata        0x000000000800a48c       0xfa Core/Src/use_microsd.o
 *fill*         0x000000000800a586        0x2 
 .rodata        0x000000000800a588       0x44 Middlewares/Third_Party/FatFs/src/ff.o
 .rodata        0x000000000800a5cc       0x17 /home/chris/Projects/Embedded/CirrusDspFFTPedal_SW/SeggerRTTLib/Debug/libSeggerRTTLib.a(SEGGER_RTT.o)
 *(.rodata*)
 *fill*         0x000000000800a5e3        0x1 
 .rodata.AHBPrescTable
                0x000000000800a5e4       0x10 Core/Src/system_stm32f4xx.o
                0x000000000800a5e4                AHBPrescTable
 .rodata.flagBitshiftOffset.8593
                0x000000000800a5f4        0x8 Drivers/STM32F4xx_HAL_Driver/Src/stm32f4xx_hal_dma.o
 .rodata.SD_Driver
                0x000000000800a5fc       0x14 FATFS/Target/sd_diskio.o
                0x000000000800a5fc                SD_Driver
 .rodata.ExCvt  0x000000000800a610       0x80 Middlewares/Third_Party/FatFs/src/ff.o
 .rodata._global_impure_ptr
                0x000000000800a690        0x4 /home/chris/opt/STM32CubeIDE/st/stm32cubeide_1.2.0/plugins/com.st.stm32cube.ide.mcu.externaltools.gnu-arm-embedded.7-2018-q2-update.linux64_1.4.0.202007081208/tools/bin/../lib/gcc/arm-none-eabi/9.2.1/../../../../arm-none-eabi/lib/thumb/v7e-m+fp/hard/libc_nano.a(lib_a-impure.o)
                0x000000000800a690                _global_impure_ptr
 .rodata.__sf_fake_stderr
                0x000000000800a694       0x20 /home/chris/opt/STM32CubeIDE/st/stm32cubeide_1.2.0/plugins/com.st.stm32cube.ide.mcu.externaltools.gnu-arm-embedded.7-2018-q2-update.linux64_1.4.0.202007081208/tools/bin/../lib/gcc/arm-none-eabi/9.2.1/../../../../arm-none-eabi/lib/thumb/v7e-m+fp/hard/libc_nano.a(lib_a-findfp.o)
                0x000000000800a694                __sf_fake_stderr
 .rodata.__sf_fake_stdin
                0x000000000800a6b4       0x20 /home/chris/opt/STM32CubeIDE/st/stm32cubeide_1.2.0/plugins/com.st.stm32cube.ide.mcu.externaltools.gnu-arm-embedded.7-2018-q2-update.linux64_1.4.0.202007081208/tools/bin/../lib/gcc/arm-none-eabi/9.2.1/../../../../arm-none-eabi/lib/thumb/v7e-m+fp/hard/libc_nano.a(lib_a-findfp.o)
                0x000000000800a6b4                __sf_fake_stdin
 .rodata.__sf_fake_stdout
                0x000000000800a6d4       0x20 /home/chris/opt/STM32CubeIDE/st/stm32cubeide_1.2.0/plugins/com.st.stm32cube.ide.mcu.externaltools.gnu-arm-embedded.7-2018-q2-update.linux64_1.4.0.202007081208/tools/bin/../lib/gcc/arm-none-eabi/9.2.1/../../../../arm-none-eabi/lib/thumb/v7e-m+fp/hard/libc_nano.a(lib_a-findfp.o)
                0x000000000800a6d4                __sf_fake_stdout
 .rodata._vfprintf_r.str1.1
                0x000000000800a6f4       0x11 /home/chris/opt/STM32CubeIDE/st/stm32cubeide_1.2.0/plugins/com.st.stm32cube.ide.mcu.externaltools.gnu-arm-embedded.7-2018-q2-update.linux64_1.4.0.202007081208/tools/bin/../lib/gcc/arm-none-eabi/9.2.1/../../../../arm-none-eabi/lib/thumb/v7e-m+fp/hard/libc_nano.a(lib_a-nano-vfprintf.o)
 .rodata._printf_i.str1.1
                0x000000000800a705       0x22 /home/chris/opt/STM32CubeIDE/st/stm32cubeide_1.2.0/plugins/com.st.stm32cube.ide.mcu.externaltools.gnu-arm-embedded.7-2018-q2-update.linux64_1.4.0.202007081208/tools/bin/../lib/gcc/arm-none-eabi/9.2.1/../../../../arm-none-eabi/lib/thumb/v7e-m+fp/hard/libc_nano.a(lib_a-nano-vfprintf_i.o)
                0x000000000800a728                . = ALIGN (0x4)
 *fill*         0x000000000800a727        0x1 

.ARM.extab      0x000000000800a728        0x0
                0x000000000800a728                . = ALIGN (0x4)
 *(.ARM.extab* .gnu.linkonce.armextab.*)
                0x000000000800a728                . = ALIGN (0x4)

.ARM            0x000000000800a728        0x8
                0x000000000800a728                . = ALIGN (0x4)
                0x000000000800a728                __exidx_start = .
 *(.ARM.exidx*)
 .ARM.exidx     0x000000000800a728        0x8 /home/chris/opt/STM32CubeIDE/st/stm32cubeide_1.2.0/plugins/com.st.stm32cube.ide.mcu.externaltools.gnu-arm-embedded.7-2018-q2-update.linux64_1.4.0.202007081208/tools/bin/../lib/gcc/arm-none-eabi/9.2.1/thumb/v7e-m+fp/hard/libgcc.a(_udivmoddi4.o)
                0x000000000800a730                __exidx_end = .
                0x000000000800a730                . = ALIGN (0x4)

.rel.dyn        0x000000000800a730        0x0
 .rel.iplt      0x000000000800a730        0x0 /home/chris/opt/STM32CubeIDE/st/stm32cubeide_1.2.0/plugins/com.st.stm32cube.ide.mcu.externaltools.gnu-arm-embedded.7-2018-q2-update.linux64_1.4.0.202007081208/tools/bin/../lib/gcc/arm-none-eabi/9.2.1/thumb/v7e-m+fp/hard/crtbegin.o

.preinit_array  0x000000000800a730        0x0
                0x000000000800a730                . = ALIGN (0x4)
                0x000000000800a730                PROVIDE (__preinit_array_start = .)
 *(.preinit_array*)
                0x000000000800a730                PROVIDE (__preinit_array_end = .)
                0x000000000800a730                . = ALIGN (0x4)

.init_array     0x000000000800a730        0x4
                0x000000000800a730                . = ALIGN (0x4)
                0x000000000800a730                PROVIDE (__init_array_start = .)
 *(SORT_BY_NAME(.init_array.*))
 *(.init_array*)
 .init_array    0x000000000800a730        0x4 /home/chris/opt/STM32CubeIDE/st/stm32cubeide_1.2.0/plugins/com.st.stm32cube.ide.mcu.externaltools.gnu-arm-embedded.7-2018-q2-update.linux64_1.4.0.202007081208/tools/bin/../lib/gcc/arm-none-eabi/9.2.1/thumb/v7e-m+fp/hard/crtbegin.o
                0x000000000800a734                PROVIDE (__init_array_end = .)
                0x000000000800a734                . = ALIGN (0x4)

.fini_array     0x000000000800a734        0x4
                0x000000000800a734                . = ALIGN (0x4)
                [!provide]                        PROVIDE (__fini_array_start = .)
 *(SORT_BY_NAME(.fini_array.*))
 *(.fini_array*)
 .fini_array    0x000000000800a734        0x4 /home/chris/opt/STM32CubeIDE/st/stm32cubeide_1.2.0/plugins/com.st.stm32cube.ide.mcu.externaltools.gnu-arm-embedded.7-2018-q2-update.linux64_1.4.0.202007081208/tools/bin/../lib/gcc/arm-none-eabi/9.2.1/thumb/v7e-m+fp/hard/crtbegin.o
                [!provide]                        PROVIDE (__fini_array_end = .)
                0x000000000800a738                . = ALIGN (0x4)
                0x000000000800a738                _sidata = LOADADDR (.data)

.data           0x0000000020000000       0x84 load address 0x000000000800a738
                0x0000000020000000                . = ALIGN (0x4)
                0x0000000020000000                _sdata = .
 *(.data)
 *(.data*)
 .data.iir_coeffs
                0x0000000020000000       0x14 Core/Src/main.o
                0x0000000020000000                iir_coeffs
 .data.SystemCoreClock
                0x0000000020000014        0x4 Core/Src/system_stm32f4xx.o
                0x0000000020000014                SystemCoreClock
 .data.uwTickPrio
                0x0000000020000018        0x4 Drivers/STM32F4xx_HAL_Driver/Src/stm32f4xx_hal.o
                0x0000000020000018                uwTickPrio
 .data.uwTickFreq
                0x000000002000001c        0x1 Drivers/STM32F4xx_HAL_Driver/Src/stm32f4xx_hal.o
                0x000000002000001c                uwTickFreq
 .data.Stat     0x000000002000001d        0x1 FATFS/Target/sd_diskio.o
 *fill*         0x000000002000001e        0x2 
 .data._impure_ptr
                0x0000000020000020        0x4 /home/chris/opt/STM32CubeIDE/st/stm32cubeide_1.2.0/plugins/com.st.stm32cube.ide.mcu.externaltools.gnu-arm-embedded.7-2018-q2-update.linux64_1.4.0.202007081208/tools/bin/../lib/gcc/arm-none-eabi/9.2.1/../../../../arm-none-eabi/lib/thumb/v7e-m+fp/hard/libc_nano.a(lib_a-impure.o)
                0x0000000020000020                _impure_ptr
 .data.impure_data
                0x0000000020000024       0x60 /home/chris/opt/STM32CubeIDE/st/stm32cubeide_1.2.0/plugins/com.st.stm32cube.ide.mcu.externaltools.gnu-arm-embedded.7-2018-q2-update.linux64_1.4.0.202007081208/tools/bin/../lib/gcc/arm-none-eabi/9.2.1/../../../../arm-none-eabi/lib/thumb/v7e-m+fp/hard/libc_nano.a(lib_a-impure.o)
                0x0000000020000084                . = ALIGN (0x4)
                0x0000000020000084                _edata = .

.igot.plt       0x0000000020000084        0x0 load address 0x000000000800a7bc
 .igot.plt      0x0000000020000084        0x0 /home/chris/opt/STM32CubeIDE/st/stm32cubeide_1.2.0/plugins/com.st.stm32cube.ide.mcu.externaltools.gnu-arm-embedded.7-2018-q2-update.linux64_1.4.0.202007081208/tools/bin/../lib/gcc/arm-none-eabi/9.2.1/thumb/v7e-m+fp/hard/crtbegin.o
                0x0000000020000084                . = ALIGN (0x4)

.bss            0x0000000020000084     0x8c60 load address 0x000000000800a7bc
                0x0000000020000084                _sbss = .
                0x0000000020000084                __bss_start__ = _sbss
 *(.bss)
 .bss           0x0000000020000084       0x1c /home/chris/opt/STM32CubeIDE/st/stm32cubeide_1.2.0/plugins/com.st.stm32cube.ide.mcu.externaltools.gnu-arm-embedded.7-2018-q2-update.linux64_1.4.0.202007081208/tools/bin/../lib/gcc/arm-none-eabi/9.2.1/thumb/v7e-m+fp/hard/crtbegin.o
 *(.bss*)
 .bss.callback_state
                0x00000000200000a0        0x1 Core/Src/main.o
                0x00000000200000a0                callback_state
 *fill*         0x00000000200000a1        0x3 
 .bss.__sbrk_heap_end
                0x00000000200000a4        0x4 Core/Src/sysmem.o
 .bss.active_adc_channel
                0x00000000200000a8        0x1 Core/Src/user_input.o
                0x00000000200000a8                active_adc_channel
 *fill*         0x00000000200000a9        0x3 
 .bss.FatFs     0x00000000200000ac        0x4 Middlewares/Third_Party/FatFs/src/ff.o
 .bss.Fsid      0x00000000200000b0        0x2 Middlewares/Third_Party/FatFs/src/ff.o
 *fill*         0x00000000200000b2        0x2 
 .bss.Files     0x00000000200000b4       0x20 Middlewares/Third_Party/FatFs/src/ff.o
 .bss.disk      0x00000000200000d4        0xc Middlewares/Third_Party/FatFs/src/ff_gen_drv.o
                0x00000000200000d4                disk
 .bss._acUpBuffer
                0x00000000200000e0      0x400 /home/chris/Projects/Embedded/CirrusDspFFTPedal_SW/SeggerRTTLib/Debug/libSeggerRTTLib.a(SEGGER_RTT.o)
 .bss._acDownBuffer
                0x00000000200004e0       0x10 /home/chris/Projects/Embedded/CirrusDspFFTPedal_SW/SeggerRTTLib/Debug/libSeggerRTTLib.a(SEGGER_RTT.o)
 .bss.__malloc_free_list
                0x00000000200004f0        0x4 /home/chris/opt/STM32CubeIDE/st/stm32cubeide_1.2.0/plugins/com.st.stm32cube.ide.mcu.externaltools.gnu-arm-embedded.7-2018-q2-update.linux64_1.4.0.202007081208/tools/bin/../lib/gcc/arm-none-eabi/9.2.1/../../../../arm-none-eabi/lib/thumb/v7e-m+fp/hard/libc_nano.a(lib_a-nano-mallocr.o)
                0x00000000200004f0                __malloc_free_list
 .bss.__malloc_sbrk_start
                0x00000000200004f4        0x4 /home/chris/opt/STM32CubeIDE/st/stm32cubeide_1.2.0/plugins/com.st.stm32cube.ide.mcu.externaltools.gnu-arm-embedded.7-2018-q2-update.linux64_1.4.0.202007081208/tools/bin/../lib/gcc/arm-none-eabi/9.2.1/../../../../arm-none-eabi/lib/thumb/v7e-m+fp/hard/libc_nano.a(lib_a-nano-mallocr.o)
                0x00000000200004f4                __malloc_sbrk_start
 *(COMMON)
 COMMON         0x00000000200004f8       0xa8 Core/Src/adc.o
                0x00000000200004f8                hadc1
                0x0000000020000540                hdma_adc1
 COMMON         0x00000000200005a0      0x108 Core/Src/i2s.o
                0x00000000200005a0                hdma_i2s2_ext_rx
                0x0000000020000600                hdma_spi2_tx
                0x0000000020000660                hi2s2
 COMMON         0x00000000200006a8     0x8054 Core/Src/main.o
                0x00000000200006a8                iirsettings_l
                0x00000000200006b4                r_buf_out
                0x00000000200016b4                w_ptr
                0x00000000200016b8                txBuf
                0x00000000200036b8                l_buf_in
                0x00000000200046b8                iir_l_state
                0x00000000200046c8                l_buf_out
                0x00000000200056c8                rxBuf
                0x00000000200076c8                adc_input_data_buffer
                0x00000000200076cc                user_input_data
                0x00000000200076d8                offset_w_ptr
                0x00000000200076dc                iir_r_state
                0x00000000200076ec                offset_r_ptr
                0x00000000200076f0                r_buf_in
                0x00000000200086f0                iirsettings_r
 COMMON         0x00000000200086fc       0x84 Core/Src/sdio.o
                0x00000000200086fc                hsd
 COMMON         0x0000000020008780       0x40 Core/Src/tim.o
                0x0000000020008780                htim13
 COMMON         0x00000000200087c0        0x4 Drivers/STM32F4xx_HAL_Driver/Src/stm32f4xx_hal.o
                0x00000000200087c0                uwTick
 COMMON         0x00000000200087c4      0x468 FATFS/App/fatfs.o
                0x00000000200087c4                retSD
                0x00000000200087c8                SDPath
                0x00000000200087cc                SDFile
                0x00000000200089fc                SDFatFS
 COMMON         0x0000000020008c2c       0xa8 /home/chris/Projects/Embedded/CirrusDspFFTPedal_SW/SeggerRTTLib/Debug/libSeggerRTTLib.a(SEGGER_RTT.o)
                0x0000000020008c2c                _SEGGER_RTT
 COMMON         0x0000000020008cd4        0x9 /home/chris/opt/STM32CubeIDE/st/stm32cubeide_1.2.0/plugins/com.st.stm32cube.ide.mcu.externaltools.gnu-arm-embedded.7-2018-q2-update.linux64_1.4.0.202007081208/tools/bin/../lib/gcc/arm-none-eabi/9.2.1/../../../../arm-none-eabi/lib/thumb/v7e-m+fp/hard/libc_nano.a(lib_a-lock.o)
                0x0000000020008cd4                __lock___atexit_recursive_mutex
                0x0000000020008cd5                __lock___arc4random_mutex
                0x0000000020008cd6                __lock___env_recursive_mutex
                0x0000000020008cd7                __lock___sinit_recursive_mutex
                0x0000000020008cd8                __lock___malloc_recursive_mutex
                0x0000000020008cd9                __lock___at_quick_exit_mutex
                0x0000000020008cda                __lock___dd_hash_mutex
                0x0000000020008cdb                __lock___tz_mutex
                0x0000000020008cdc                __lock___sfp_recursive_mutex
 *fill*         0x0000000020008cdd        0x3 
 COMMON         0x0000000020008ce0        0x4 /home/chris/opt/STM32CubeIDE/st/stm32cubeide_1.2.0/plugins/com.st.stm32cube.ide.mcu.externaltools.gnu-arm-embedded.7-2018-q2-update.linux64_1.4.0.202007081208/tools/bin/../lib/gcc/arm-none-eabi/9.2.1/../../../../arm-none-eabi/lib/thumb/v7e-m+fp/hard/libc_nano.a(lib_a-reent.o)
                0x0000000020008ce0                errno
                0x0000000020008ce4                . = ALIGN (0x4)
                0x0000000020008ce4                _ebss = .
                0x0000000020008ce4                __bss_end__ = _ebss

._user_heap_stack
                0x0000000020008ce4      0x604 load address 0x000000000800a7bc
                0x0000000020008ce8                . = ALIGN (0x8)
 *fill*         0x0000000020008ce4        0x4 
                [!provide]                        PROVIDE (end = .)
                0x0000000020008ce8                PROVIDE (_end = .)
                0x0000000020008ee8                . = (. + _Min_Heap_Size)
 *fill*         0x0000000020008ce8      0x200 
                0x00000000200092e8                . = (. + _Min_Stack_Size)
 *fill*         0x0000000020008ee8      0x400 
                0x00000000200092e8                . = ALIGN (0x8)

/DISCARD/
 libc.a(*)
 libm.a(*)
 libgcc.a(*)

.ARM.attributes
                0x0000000000000000       0x30
 *(.ARM.attributes)
 .ARM.attributes
                0x0000000000000000       0x1e /home/chris/opt/STM32CubeIDE/st/stm32cubeide_1.2.0/plugins/com.st.stm32cube.ide.mcu.externaltools.gnu-arm-embedded.7-2018-q2-update.linux64_1.4.0.202007081208/tools/bin/../lib/gcc/arm-none-eabi/9.2.1/thumb/v7e-m+fp/hard/crti.o
 .ARM.attributes
                0x000000000000001e       0x34 /home/chris/opt/STM32CubeIDE/st/stm32cubeide_1.2.0/plugins/com.st.stm32cube.ide.mcu.externaltools.gnu-arm-embedded.7-2018-q2-update.linux64_1.4.0.202007081208/tools/bin/../lib/gcc/arm-none-eabi/9.2.1/thumb/v7e-m+fp/hard/crtbegin.o
 .ARM.attributes
                0x0000000000000052       0x34 Core/Src/adc.o
 .ARM.attributes
                0x0000000000000086       0x34 Core/Src/dma.o
 .ARM.attributes
                0x00000000000000ba       0x34 Core/Src/gpio.o
 .ARM.attributes
                0x00000000000000ee       0x34 Core/Src/i2s.o
 .ARM.attributes
                0x0000000000000122       0x34 Core/Src/main.o
 .ARM.attributes
                0x0000000000000156       0x34 Core/Src/sdio.o
 .ARM.attributes
                0x000000000000018a       0x34 Core/Src/stm32f4xx_hal_msp.o
 .ARM.attributes
                0x00000000000001be       0x34 Core/Src/stm32f4xx_it.o
 .ARM.attributes
                0x00000000000001f2       0x34 Core/Src/syscalls.o
 .ARM.attributes
                0x0000000000000226       0x34 Core/Src/sysmem.o
 .ARM.attributes
                0x000000000000025a       0x34 Core/Src/system_stm32f4xx.o
 .ARM.attributes
                0x000000000000028e       0x34 Core/Src/tim.o
 .ARM.attributes
                0x00000000000002c2       0x34 Core/Src/use_microsd.o
 .ARM.attributes
                0x00000000000002f6       0x34 Core/Src/user_input.o
 .ARM.attributes
                0x000000000000032a       0x21 Core/Startup/startup_stm32f405rgtx.o
 .ARM.attributes
                0x000000000000034b       0x34 Drivers/STM32F4xx_HAL_Driver/Src/stm32f4xx_hal.o
 .ARM.attributes
                0x000000000000037f       0x34 Drivers/STM32F4xx_HAL_Driver/Src/stm32f4xx_hal_adc.o
 .ARM.attributes
                0x00000000000003b3       0x34 Drivers/STM32F4xx_HAL_Driver/Src/stm32f4xx_hal_cortex.o
 .ARM.attributes
                0x00000000000003e7       0x34 Drivers/STM32F4xx_HAL_Driver/Src/stm32f4xx_hal_dma.o
 .ARM.attributes
                0x000000000000041b       0x34 Drivers/STM32F4xx_HAL_Driver/Src/stm32f4xx_hal_gpio.o
 .ARM.attributes
                0x000000000000044f       0x34 Drivers/STM32F4xx_HAL_Driver/Src/stm32f4xx_hal_i2s.o
 .ARM.attributes
                0x0000000000000483       0x34 Drivers/STM32F4xx_HAL_Driver/Src/stm32f4xx_hal_i2s_ex.o
 .ARM.attributes
                0x00000000000004b7       0x34 Drivers/STM32F4xx_HAL_Driver/Src/stm32f4xx_hal_rcc.o
 .ARM.attributes
                0x00000000000004eb       0x34 Drivers/STM32F4xx_HAL_Driver/Src/stm32f4xx_hal_rcc_ex.o
 .ARM.attributes
                0x000000000000051f       0x34 Drivers/STM32F4xx_HAL_Driver/Src/stm32f4xx_hal_sd.o
 .ARM.attributes
                0x0000000000000553       0x34 Drivers/STM32F4xx_HAL_Driver/Src/stm32f4xx_hal_tim.o
 .ARM.attributes
                0x0000000000000587       0x34 Drivers/STM32F4xx_HAL_Driver/Src/stm32f4xx_hal_tim_ex.o
 .ARM.attributes
                0x00000000000005bb       0x34 Drivers/STM32F4xx_HAL_Driver/Src/stm32f4xx_ll_sdmmc.o
 .ARM.attributes
                0x00000000000005ef       0x34 FATFS/App/fatfs.o
 .ARM.attributes
                0x0000000000000623       0x34 FATFS/Target/bsp_driver_sd.o
 .ARM.attributes
                0x0000000000000657       0x34 FATFS/Target/fatfs_platform.o
 .ARM.attributes
                0x000000000000068b       0x34 FATFS/Target/sd_diskio.o
 .ARM.attributes
                0x00000000000006bf       0x34 Middlewares/Third_Party/FatFs/src/diskio.o
 .ARM.attributes
                0x00000000000006f3       0x34 Middlewares/Third_Party/FatFs/src/ff.o
 .ARM.attributes
                0x0000000000000727       0x34 Middlewares/Third_Party/FatFs/src/ff_gen_drv.o
 .ARM.attributes
                0x000000000000075b       0x39 /home/chris/Projects/Embedded/CirrusDspFFTPedal_SW/SeggerRTTLib/Debug/libSeggerRTTLib.a(SEGGER_RTT.o)
 .ARM.attributes
                0x0000000000000794       0x39 /home/chris/Projects/Lib/CMSIS_4/CMSIS/Lib/GCC/libarm_cortexM4lf_math.a(arm_biquad_cascade_df1_init_f32.o)
 .ARM.attributes
                0x00000000000007cd       0x39 /home/chris/Projects/Lib/CMSIS_4/CMSIS/Lib/GCC/libarm_cortexM4lf_math.a(arm_biquad_cascade_df1_f32.o)
 .ARM.attributes
                0x0000000000000806       0x34 /home/chris/opt/STM32CubeIDE/st/stm32cubeide_1.2.0/plugins/com.st.stm32cube.ide.mcu.externaltools.gnu-arm-embedded.7-2018-q2-update.linux64_1.4.0.202007081208/tools/bin/../lib/gcc/arm-none-eabi/9.2.1/../../../../arm-none-eabi/lib/thumb/v7e-m+fp/hard/libc_nano.a(lib_a-errno.o)
 .ARM.attributes
                0x000000000000083a       0x32 /home/chris/opt/STM32CubeIDE/st/stm32cubeide_1.2.0/plugins/com.st.stm32cube.ide.mcu.externaltools.gnu-arm-embedded.7-2018-q2-update.linux64_1.4.0.202007081208/tools/bin/../lib/gcc/arm-none-eabi/9.2.1/../../../../arm-none-eabi/lib/thumb/v7e-m+fp/hard/libc_nano.a(lib_a-impure.o)
 .ARM.attributes
                0x000000000000086c       0x34 /home/chris/opt/STM32CubeIDE/st/stm32cubeide_1.2.0/plugins/com.st.stm32cube.ide.mcu.externaltools.gnu-arm-embedded.7-2018-q2-update.linux64_1.4.0.202007081208/tools/bin/../lib/gcc/arm-none-eabi/9.2.1/../../../../arm-none-eabi/lib/thumb/v7e-m+fp/hard/libc_nano.a(lib_a-init.o)
 .ARM.attributes
                0x00000000000008a0       0x34 /home/chris/opt/STM32CubeIDE/st/stm32cubeide_1.2.0/plugins/com.st.stm32cube.ide.mcu.externaltools.gnu-arm-embedded.7-2018-q2-update.linux64_1.4.0.202007081208/tools/bin/../lib/gcc/arm-none-eabi/9.2.1/../../../../arm-none-eabi/lib/thumb/v7e-m+fp/hard/libc_nano.a(lib_a-memcpy-stub.o)
 .ARM.attributes
                0x00000000000008d4       0x34 /home/chris/opt/STM32CubeIDE/st/stm32cubeide_1.2.0/plugins/com.st.stm32cube.ide.mcu.externaltools.gnu-arm-embedded.7-2018-q2-update.linux64_1.4.0.202007081208/tools/bin/../lib/gcc/arm-none-eabi/9.2.1/../../../../arm-none-eabi/lib/thumb/v7e-m+fp/hard/libc_nano.a(lib_a-memset.o)
 .ARM.attributes
                0x0000000000000908       0x34 /home/chris/opt/STM32CubeIDE/st/stm32cubeide_1.2.0/plugins/com.st.stm32cube.ide.mcu.externaltools.gnu-arm-embedded.7-2018-q2-update.linux64_1.4.0.202007081208/tools/bin/../lib/gcc/arm-none-eabi/9.2.1/../../../../arm-none-eabi/lib/thumb/v7e-m+fp/hard/libc_nano.a(lib_a-printf.o)
 .ARM.attributes
                0x000000000000093c       0x34 /home/chris/opt/STM32CubeIDE/st/stm32cubeide_1.2.0/plugins/com.st.stm32cube.ide.mcu.externaltools.gnu-arm-embedded.7-2018-q2-update.linux64_1.4.0.202007081208/tools/bin/../lib/gcc/arm-none-eabi/9.2.1/../../../../arm-none-eabi/lib/thumb/v7e-m+fp/hard/libc_nano.a(lib_a-wbuf.o)
 .ARM.attributes
                0x0000000000000970       0x34 /home/chris/opt/STM32CubeIDE/st/stm32cubeide_1.2.0/plugins/com.st.stm32cube.ide.mcu.externaltools.gnu-arm-embedded.7-2018-q2-update.linux64_1.4.0.202007081208/tools/bin/../lib/gcc/arm-none-eabi/9.2.1/../../../../arm-none-eabi/lib/thumb/v7e-m+fp/hard/libc_nano.a(lib_a-wsetup.o)