Archive member included to satisfy reference by file (symbol)

/home/chris/Projects/Embedded/CirrusDspFFTPedal_SW/SeggerRTTLib/Debug/libSeggerRTTLib.a(SEGGER_RTT.o)
                              Core/Src/main.o (SEGGER_RTT_Write)
/home/chris/Projects/Lib/CMSIS_4/CMSIS/Lib/GCC/libarm_cortexM4lf_math.a(arm_biquad_cascade_df1_init_f32.o)
                              Core/Src/main.o (arm_biquad_cascade_df1_init_f32)
/home/chris/Projects/Lib/CMSIS_4/CMSIS/Lib/GCC/libarm_cortexM4lf_math.a(arm_biquad_cascade_df1_f32.o)
                              Core/Src/main.o (arm_biquad_cascade_df1_f32)
/home/chris/opt/STM32CubeIDE/st/stm32cubeide_1.2.0/plugins/com.st.stm32cube.ide.mcu.externaltools.gnu-arm-embedded.7-2018-q2-update.linux64_1.4.0.202007081208/tools/bin/../lib/gcc/arm-none-eabi/9.2.1/../../../../arm-none-eabi/lib/thumb/v7e-m+fp/hard/libc_nano.a(lib_a-errno.o)
                              Core/Src/syscalls.o (__errno)
/home/chris/opt/STM32CubeIDE/st/stm32cubeide_1.2.0/plugins/com.st.stm32cube.ide.mcu.externaltools.gnu-arm-embedded.7-2018-q2-update.linux64_1.4.0.202007081208/tools/bin/../lib/gcc/arm-none-eabi/9.2.1/../../../../arm-none-eabi/lib/thumb/v7e-m+fp/hard/libc_nano.a(lib_a-exit.o)
                              /home/chris/opt/STM32CubeIDE/st/stm32cubeide_1.2.0/plugins/com.st.stm32cube.ide.mcu.externaltools.gnu-arm-embedded.7-2018-q2-update.linux64_1.4.0.202007081208/tools/bin/../lib/gcc/arm-none-eabi/9.2.1/../../../../arm-none-eabi/lib/thumb/v7e-m+fp/hard/crt0.o (exit)
/home/chris/opt/STM32CubeIDE/st/stm32cubeide_1.2.0/plugins/com.st.stm32cube.ide.mcu.externaltools.gnu-arm-embedded.7-2018-q2-update.linux64_1.4.0.202007081208/tools/bin/../lib/gcc/arm-none-eabi/9.2.1/../../../../arm-none-eabi/lib/thumb/v7e-m+fp/hard/libc_nano.a(lib_a-impure.o)
                              /home/chris/opt/STM32CubeIDE/st/stm32cubeide_1.2.0/plugins/com.st.stm32cube.ide.mcu.externaltools.gnu-arm-embedded.7-2018-q2-update.linux64_1.4.0.202007081208/tools/bin/../lib/gcc/arm-none-eabi/9.2.1/../../../../arm-none-eabi/lib/thumb/v7e-m+fp/hard/libc_nano.a(lib_a-exit.o) (_global_impure_ptr)
/home/chris/opt/STM32CubeIDE/st/stm32cubeide_1.2.0/plugins/com.st.stm32cube.ide.mcu.externaltools.gnu-arm-embedded.7-2018-q2-update.linux64_1.4.0.202007081208/tools/bin/../lib/gcc/arm-none-eabi/9.2.1/../../../../arm-none-eabi/lib/thumb/v7e-m+fp/hard/libc_nano.a(lib_a-init.o)
                              /home/chris/opt/STM32CubeIDE/st/stm32cubeide_1.2.0/plugins/com.st.stm32cube.ide.mcu.externaltools.gnu-arm-embedded.7-2018-q2-update.linux64_1.4.0.202007081208/tools/bin/../lib/gcc/arm-none-eabi/9.2.1/../../../../arm-none-eabi/lib/thumb/v7e-m+fp/hard/crt0.o (__libc_init_array)
/home/chris/opt/STM32CubeIDE/st/stm32cubeide_1.2.0/plugins/com.st.stm32cube.ide.mcu.externaltools.gnu-arm-embedded.7-2018-q2-update.linux64_1.4.0.202007081208/tools/bin/../lib/gcc/arm-none-eabi/9.2.1/../../../../arm-none-eabi/lib/thumb/v7e-m+fp/hard/libc_nano.a(lib_a-memcpy-stub.o)
                              /home/chris/Projects/Embedded/CirrusDspFFTPedal_SW/SeggerRTTLib/Debug/libSeggerRTTLib.a(SEGGER_RTT.o) (memcpy)
/home/chris/opt/STM32CubeIDE/st/stm32cubeide_1.2.0/plugins/com.st.stm32cube.ide.mcu.externaltools.gnu-arm-embedded.7-2018-q2-update.linux64_1.4.0.202007081208/tools/bin/../lib/gcc/arm-none-eabi/9.2.1/../../../../arm-none-eabi/lib/thumb/v7e-m+fp/hard/libc_nano.a(lib_a-memset.o)
                              /home/chris/opt/STM32CubeIDE/st/stm32cubeide_1.2.0/plugins/com.st.stm32cube.ide.mcu.externaltools.gnu-arm-embedded.7-2018-q2-update.linux64_1.4.0.202007081208/tools/bin/../lib/gcc/arm-none-eabi/9.2.1/../../../../arm-none-eabi/lib/thumb/v7e-m+fp/hard/crt0.o (memset)
/home/chris/opt/STM32CubeIDE/st/stm32cubeide_1.2.0/plugins/com.st.stm32cube.ide.mcu.externaltools.gnu-arm-embedded.7-2018-q2-update.linux64_1.4.0.202007081208/tools/bin/../lib/gcc/arm-none-eabi/9.2.1/../../../../arm-none-eabi/lib/thumb/v7e-m+fp/hard/libc_nano.a(lib_a-printf.o)
                              Core/Src/main.o (printf)
/home/chris/opt/STM32CubeIDE/st/stm32cubeide_1.2.0/plugins/com.st.stm32cube.ide.mcu.externaltools.gnu-arm-embedded.7-2018-q2-update.linux64_1.4.0.202007081208/tools/bin/../lib/gcc/arm-none-eabi/9.2.1/../../../../arm-none-eabi/lib/thumb/v7e-m+fp/hard/libc_nano.a(lib_a-strlen.o)
                              /home/chris/Projects/Embedded/CirrusDspFFTPedal_SW/SeggerRTTLib/Debug/libSeggerRTTLib.a(SEGGER_RTT.o) (strlen)
/home/chris/opt/STM32CubeIDE/st/stm32cubeide_1.2.0/plugins/com.st.stm32cube.ide.mcu.externaltools.gnu-arm-embedded.7-2018-q2-update.linux64_1.4.0.202007081208/tools/bin/../lib/gcc/arm-none-eabi/9.2.1/../../../../arm-none-eabi/lib/thumb/v7e-m+fp/hard/libc_nano.a(lib_a-findfp.o)
[...]
Memory Configuration

Name             Origin             Length             Attributes
CCMRAM           0x0000000010000000 0x0000000000010000 xrw
RAM              0x0000000020000000 0x0000000000020000 xrw
FLASH            0x0000000008000000 0x0000000000100000 xr
*default*        0x0000000000000000 0xffffffffffffffff

Linker script and memory map

LOAD /home/chris/opt/STM32CubeIDE/st/stm32cubeide_1.2.0/plugins/com.st.stm32cube.ide.mcu.externaltools.gnu-arm-embedded.7-2018-q2-update.linux64_1.4.0.202007081208/tools/bin/../lib/gcc/arm-none-eabi/9.2.1/thumb/v7e-m+fp/hard/crti.o
LOAD /home/chris/opt/STM32CubeIDE/st/stm32cubeide_1.2.0/plugins/com.st.stm32cube.ide.mcu.externaltools.gnu-arm-embedded.7-2018-q2-update.linux64_1.4.0.202007081208/tools/bin/../lib/gcc/arm-none-eabi/9.2.1/thumb/v7e-m+fp/hard/crtbegin.o
LOAD /home/chris/opt/STM32CubeIDE/st/stm32cubeide_1.2.0/plugins/com.st.stm32cube.ide.mcu.externaltools.gnu-arm-embedded.7-2018-q2-update.linux64_1.4.0.202007081208/tools/bin/../lib/gcc/arm-none-eabi/9.2.1/../../../../arm-none-eabi/lib/thumb/v7e-m+fp/hard/crt0.o
LOAD Core/Src/adc.o
LOAD Core/Src/dma.o
LOAD Core/Src/gpio.o
LOAD Core/Src/i2s.o
LOAD Core/Src/main.o
LOAD Core/Src/stm32f4xx_hal_msp.o
LOAD Core/Src/stm32f4xx_it.o
LOAD Core/Src/syscalls.o
LOAD Core/Src/sysmem.o
LOAD Core/Src/system_stm32f4xx.o
LOAD Core/Src/tim.o
LOAD Core/Src/user_input.o
LOAD Core/Startup/startup_stm32f405rgtx.o
LOAD Drivers/STM32F4xx_HAL_Driver/Src/stm32f4xx_hal.o
LOAD Drivers/STM32F4xx_HAL_Driver/Src/stm32f4xx_hal_adc.o
LOAD Drivers/STM32F4xx_HAL_Driver/Src/stm32f4xx_hal_adc_ex.o
LOAD Drivers/STM32F4xx_HAL_Driver/Src/stm32f4xx_hal_cortex.o
LOAD Drivers/STM32F4xx_HAL_Driver/Src/stm32f4xx_hal_dma.o
LOAD Drivers/STM32F4xx_HAL_Driver/Src/stm32f4xx_hal_dma_ex.o
LOAD Drivers/STM32F4xx_HAL_Driver/Src/stm32f4xx_hal_exti.o
LOAD Drivers/STM32F4xx_HAL_Driver/Src/stm32f4xx_hal_flash.o
LOAD Drivers/STM32F4xx_HAL_Driver/Src/stm32f4xx_hal_flash_ex.o
LOAD Drivers/STM32F4xx_HAL_Driver/Src/stm32f4xx_hal_flash_ramfunc.o
LOAD Drivers/STM32F4xx_HAL_Driver/Src/stm32f4xx_hal_gpio.o
LOAD Drivers/STM32F4xx_HAL_Driver/Src/stm32f4xx_hal_i2s.o
LOAD Drivers/STM32F4xx_HAL_Driver/Src/stm32f4xx_hal_i2s_ex.o
LOAD Drivers/STM32F4xx_HAL_Driver/Src/stm32f4xx_hal_pwr.o
LOAD Drivers/STM32F4xx_HAL_Driver/Src/stm32f4xx_hal_pwr_ex.o
LOAD Drivers/STM32F4xx_HAL_Driver/Src/stm32f4xx_hal_rcc.o
LOAD Drivers/STM32F4xx_HAL_Driver/Src/stm32f4xx_hal_rcc_ex.o
LOAD Drivers/STM32F4xx_HAL_Driver/Src/stm32f4xx_hal_tim.o
LOAD Drivers/STM32F4xx_HAL_Driver/Src/stm32f4xx_hal_tim_ex.o
LOAD /home/chris/Projects/Embedded/CirrusDspFFTPedal_SW/SeggerRTTLib/Debug/libSeggerRTTLib.a
LOAD /home/chris/Projects/Lib/CMSIS_4/CMSIS/Lib/GCC/libarm_cortexM4lf_math.a
START GROUP
LOAD /home/chris/opt/STM32CubeIDE/st/stm32cubeide_1.2.0/plugins/com.st.stm32cube.ide.mcu.externaltools.gnu-arm-embedded.7-2018-q2-update.linux64_1.4.0.202007081208/tools/bin/../lib/gcc/arm-none-eabi/9.2.1/../../../../arm-none-eabi/lib/thumb/v7e-m+fp/hard/libc_nano.a
LOAD /home/chris/opt/STM32CubeIDE/st/stm32cubeide_1.2.0/plugins/com.st.stm32cube.ide.mcu.externaltools.gnu-arm-embedded.7-2018-q2-update.linux64_1.4.0.202007081208/tools/bin/../lib/gcc/arm-none-eabi/9.2.1/../../../../arm-none-eabi/lib/thumb/v7e-m+fp/hard/libm.a
END GROUP
START GROUP
LOAD /home/chris/opt/STM32CubeIDE/st/stm32cubeide_1.2.0/plugins/com.st.stm32cube.ide.mcu.externaltools.gnu-arm-embedded.7-2018-q2-update.linux64_1.4.0.202007081208/tools/bin/../lib/gcc/arm-none-eabi/9.2.1/thumb/v7e-m+fp/hard/libgcc.a
LOAD /home/chris/opt/STM32CubeIDE/st/stm32cubeide_1.2.0/plugins/com.st.stm32cube.ide.mcu.externaltools.gnu-arm-embedded.7-2018-q2-update.linux64_1.4.0.202007081208/tools/bin/../lib/gcc/arm-none-eabi/9.2.1/../../../../arm-none-eabi/lib/thumb/v7e-m+fp/hard/libc_nano.a
END GROUP
START GROUP
LOAD /home/chris/opt/STM32CubeIDE/st/stm32cubeide_1.2.0/plugins/com.st.stm32cube.ide.mcu.externaltools.gnu-arm-embedded.7-2018-q2-update.linux64_1.4.0.202007081208/tools/bin/../lib/gcc/arm-none-eabi/9.2.1/thumb/v7e-m+fp/hard/libgcc.a
LOAD /home/chris/opt/STM32CubeIDE/st/stm32cubeide_1.2.0/plugins/com.st.stm32cube.ide.mcu.externaltools.gnu-arm-embedded.7-2018-q2-update.linux64_1.4.0.202007081208/tools/bin/../lib/gcc/arm-none-eabi/9.2.1/../../../../arm-none-eabi/lib/thumb/v7e-m+fp/hard/libc_nano.a
LOAD /home/chris/opt/STM32CubeIDE/st/stm32cubeide_1.2.0/plugins/com.st.stm32cube.ide.mcu.externaltools.gnu-arm-embedded.7-2018-q2-update.linux64_1.4.0.202007081208/tools/bin/../lib/gcc/arm-none-eabi/9.2.1/../../../../arm-none-eabi/lib/thumb/v7e-m+fp/hard/libnosys.a
END GROUP
START GROUP
LOAD /home/chris/opt/STM32CubeIDE/st/stm32cubeide_1.2.0/plugins/com.st.stm32cube.ide.mcu.externaltools.gnu-arm-embedded.7-2018-q2-update.linux64_1.4.0.202007081208/tools/bin/../lib/gcc/arm-none-eabi/9.2.1/thumb/v7e-m+fp/hard/libgcc.a
LOAD /home/chris/opt/STM32CubeIDE/st/stm32cubeide_1.2.0/plugins/com.st.stm32cube.ide.mcu.externaltools.gnu-arm-embedded.7-2018-q2-update.linux64_1.4.0.202007081208/tools/bin/../lib/gcc/arm-none-eabi/9.2.1/../../../../arm-none-eabi/lib/thumb/v7e-m+fp/hard/libc_nano.a
LOAD /home/chris/opt/STM32CubeIDE/st/stm32cubeide_1.2.0/plugins/com.st.stm32cube.ide.mcu.externaltools.gnu-arm-embedded.7-2018-q2-update.linux64_1.4.0.202007081208/tools/bin/../lib/gcc/arm-none-eabi/9.2.1/../../../../arm-none-eabi/lib/thumb/v7e-m+fp/hard/libnosys.a
END GROUP
LOAD /home/chris/opt/STM32CubeIDE/st/stm32cubeide_1.2.0/plugins/com.st.stm32cube.ide.mcu.externaltools.gnu-arm-embedded.7-2018-q2-update.linux64_1.4.0.202007081208/tools/bin/../lib/gcc/arm-none-eabi/9.2.1/thumb/v7e-m+fp/hard/crtend.o
LOAD /home/chris/opt/STM32CubeIDE/st/stm32cubeide_1.2.0/plugins/com.st.stm32cube.ide.mcu.externaltools.gnu-arm-embedded.7-2018-q2-update.linux64_1.4.0.202007081208/tools/bin/../lib/gcc/arm-none-eabi/9.2.1/thumb/v7e-m+fp/hard/crtn.o
                0x0000000020020000                _estack = (ORIGIN (RAM) + LENGTH (RAM))
                0x0000000000000200                _Min_Heap_Size = 0x200
                0x0000000000000400                _Min_Stack_Size = 0x400

.isr_vector     0x0000000008000000      0x188
                0x0000000008000000                . = ALIGN (0x4)
 *(.isr_vector)
 .isr_vector    0x0000000008000000      0x188 Core/Startup/startup_stm32f405rgtx.o
                0x0000000008000000                g_pfnVectors
                0x0000000008000188                . = ALIGN (0x4)

.text           0x0000000008000190     0x5a0c
                0x0000000008000190                . = ALIGN (0x4)
 *(.text)
 .text          0x0000000008000190       0x40 /home/chris/opt/STM32CubeIDE/st/stm32cubeide_1.2.0/plugins/com.st.stm32cube.ide.mcu.externaltools.gnu-arm-embedded.7-2018-q2-update.linux64_1.4.0.202007081208/tools/bin/../lib/gcc/arm-none-eabi/9.2.1/thumb/v7e-m+fp/hard/crtbegin.o
 .text          0x00000000080001d0       0xa0 /home/chris/opt/STM32CubeIDE/st/stm32cubeide_1.2.0/plugins/com.st.stm32cube.ide.mcu.externaltools.gnu-arm-embedded.7-2018-q2-update.linux64_1.4.0.202007081208/tools/bin/../lib/gcc/arm-none-eabi/9.2.1/../../../../arm-none-eabi/lib/thumb/v7e-m+fp/hard/libc_nano.a(lib_a-memchr.o)
                0x00000000080001d0                memchr
 .text          0x0000000008000270       0x30 /home/chris/opt/STM32CubeIDE/st/stm32cubeide_1.2.0/plugins/com.st.stm32cube.ide.mcu.externaltools.gnu-arm-embedded.7-2018-q2-update.linux64_1.4.0.202007081208/tools/bin/../lib/gcc/arm-none-eabi/9.2.1/thumb/v7e-m+fp/hard/libgcc.a(_aeabi_uldivmod.o)
                0x0000000008000270                __aeabi_uldivmod
 .text          0x00000000080002a0      0x2c4 /home/chris/opt/STM32CubeIDE/st/stm32cubeide_1.2.0/plugins/com.st.stm32cube.ide.mcu.externaltools.gnu-arm-embedded.7-2018-q2-update.linux64_1.4.0.202007081208/tools/bin/../lib/gcc/arm-none-eabi/9.2.1/thumb/v7e-m+fp/hard/libgcc.a(_udivmoddi4.o)
                0x00000000080002a0                __udivmoddi4
 .text          0x0000000008000564        0x4 /home/chris/opt/STM32CubeIDE/st/stm32cubeide_1.2.0/plugins/com.st.stm32cube.ide.mcu.externaltools.gnu-arm-embedded.7-2018-q2-update.linux64_1.4.0.202007081208/tools/bin/../lib/gcc/arm-none-eabi/9.2.1/thumb/v7e-m+fp/hard/libgcc.a(_dvmd_tls.o)
                0x0000000008000564                __aeabi_ldiv0
                0x0000000008000564                __aeabi_idiv0
 *(.text*)
 .text.MX_ADC1_Init
                0x0000000008000568       0xdc Core/Src/adc.o
                0x0000000008000568                MX_ADC1_Init
 .text.HAL_ADC_MspInit
                0x0000000008000644       0xf0 Core/Src/adc.o
                0x0000000008000644                HAL_ADC_MspInit
 .text.MX_DMA_Init
                0x0000000008000734       0x7c Core/Src/dma.o
                0x0000000008000734                MX_DMA_Init
 .text.MX_GPIO_Init
                0x00000000080007b0      0x140 Core/Src/gpio.o
                0x00000000080007b0                MX_GPIO_Init
 .text.MX_I2S2_Init
                0x00000000080008f0       0x60 Core/Src/i2s.o
                0x00000000080008f0                MX_I2S2_Init
 .text.HAL_I2S_MspInit
                0x0000000008000950      0x1cc Core/Src/i2s.o
                0x0000000008000950                HAL_I2S_MspInit
 .text._write   0x0000000008000b1c       0x22 Core/Src/main.o
                0x0000000008000b1c                _write
 *fill*         0x0000000008000b3e        0x2 
 .text.HAL_I2SEx_TxRxHalfCpltCallback
                0x0000000008000b40       0x20 Core/Src/main.o
                0x0000000008000b40                HAL_I2SEx_TxRxHalfCpltCallback
 .text.HAL_I2SEx_TxRxCpltCallback
                0x0000000008000b60       0x20 Core/Src/main.o
                0x0000000008000b60                HAL_I2SEx_TxRxCpltCallback
 .text.do_iir_init
                0x0000000008000b80       0x50 Core/Src/main.o
                0x0000000008000b80                do_iir_init
 .text.do_iir_loop
                0x0000000008000bd0      0x200 Core/Src/main.o
                0x0000000008000bd0                do_iir_loop
 .text.main     0x0000000008000dd0       0x6c Core/Src/main.o
                0x0000000008000dd0                main
 .text.SystemClock_Config
                0x0000000008000e3c      0x104 Core/Src/main.o
                0x0000000008000e3c                SystemClock_Config
 .text.Error_Handler
                0x0000000008000f40        0xe Core/Src/main.o
                0x0000000008000f40                Error_Handler
 *fill*         0x0000000008000f4e        0x2 
 .text.HAL_MspInit
                0x0000000008000f50       0x50 Core/Src/stm32f4xx_hal_msp.o
                0x0000000008000f50                HAL_MspInit
 .text.NMI_Handler
                0x0000000008000fa0        0xe Core/Src/stm32f4xx_it.o
                0x0000000008000fa0                NMI_Handler
 .text.HardFault_Handler
                0x0000000008000fae        0x6 Core/Src/stm32f4xx_it.o
                0x0000000008000fae                HardFault_Handler
 .text.MemManage_Handler
                0x0000000008000fb4        0x6 Core/Src/stm32f4xx_it.o
                0x0000000008000fb4                MemManage_Handler
 .text.BusFault_Handler
                0x0000000008000fba        0x6 Core/Src/stm32f4xx_it.o
                0x0000000008000fba                BusFault_Handler
 .text.UsageFault_Handler
                0x0000000008000fc0        0x6 Core/Src/stm32f4xx_it.o
                0x0000000008000fc0                UsageFault_Handler
 .text.SVC_Handler
                0x0000000008000fc6        0xe Core/Src/stm32f4xx_it.o
                0x0000000008000fc6                SVC_Handler
 .text.DebugMon_Handler
                0x0000000008000fd4        0xe Core/Src/stm32f4xx_it.o
                0x0000000008000fd4                DebugMon_Handler
 .text.PendSV_Handler
                0x0000000008000fe2        0xe Core/Src/stm32f4xx_it.o
                0x0000000008000fe2                PendSV_Handler
 .text.SysTick_Handler
                0x0000000008000ff0        0xc Core/Src/stm32f4xx_it.o
                0x0000000008000ff0                SysTick_Handler
 .text.DMA1_Stream3_IRQHandler
                0x0000000008000ffc       0x14 Core/Src/stm32f4xx_it.o
                0x0000000008000ffc                DMA1_Stream3_IRQHandler
 .text.DMA1_Stream4_IRQHandler
                0x0000000008001010       0x14 Core/Src/stm32f4xx_it.o
                0x0000000008001010                DMA1_Stream4_IRQHandler
 .text.EXTI15_10_IRQHandler
                0x0000000008001024       0x18 Core/Src/stm32f4xx_it.o
                0x0000000008001024                EXTI15_10_IRQHandler
 .text.TIM8_UP_TIM13_IRQHandler
                0x000000000800103c       0x2c Core/Src/stm32f4xx_it.o
                0x000000000800103c                TIM8_UP_TIM13_IRQHandler
 .text.DMA2_Stream0_IRQHandler
                0x0000000008001068       0x14 Core/Src/stm32f4xx_it.o
                0x0000000008001068                DMA2_Stream0_IRQHandler
 .text._read    0x000000000800107c       0x3a Core/Src/syscalls.o
                0x000000000800107c                _read
 .text._close   0x00000000080010b6       0x18 Core/Src/syscalls.o
                0x00000000080010b6                _close
 .text._fstat   0x00000000080010ce       0x20 Core/Src/syscalls.o
                0x00000000080010ce                _fstat
 .text._isatty  0x00000000080010ee       0x16 Core/Src/syscalls.o
                0x00000000080010ee                _isatty
 .text._lseek   0x0000000008001104       0x1a Core/Src/syscalls.o
                0x0000000008001104                _lseek
 *fill*         0x000000000800111e        0x2 
 .text._sbrk    0x0000000008001120       0x6c Core/Src/sysmem.o
                0x0000000008001120                _sbrk
 .text.SystemInit
                0x000000000800118c       0x2c Core/Src/system_stm32f4xx.o
                0x000000000800118c                SystemInit
 .text.MX_TIM13_Init
                0x00000000080011b8       0x48 Core/Src/tim.o
                0x00000000080011b8                MX_TIM13_Init
 .text.HAL_TIM_Base_MspInit
                0x0000000008001200       0x50 Core/Src/tim.o
                0x0000000008001200                HAL_TIM_Base_MspInit
 .text.check_user_buttons_state
                0x0000000008001250       0x68 Core/Src/user_input.o
                0x0000000008001250                check_user_buttons_state
 .text.HAL_GPIO_EXTI_Callback
                0x00000000080012b8       0xb0 Core/Src/user_input.o
                0x00000000080012b8                HAL_GPIO_EXTI_Callback
 .text.HAL_ADC_ConvCpltCallback
                0x0000000008001368       0x70 Core/Src/user_input.o
                0x0000000008001368                HAL_ADC_ConvCpltCallback
 .text.Reset_Handler
                0x00000000080013d8       0x50 Core/Startup/startup_stm32f405rgtx.o
                0x00000000080013d8                Reset_Handler
 .text.Default_Handler
                0x0000000008001428        0x2 Core/Startup/startup_stm32f405rgtx.o
                0x0000000008001428                RTC_Alarm_IRQHandler
                0x0000000008001428                HASH_RNG_IRQHandler
                0x0000000008001428                EXTI2_IRQHandler
                0x0000000008001428                TIM8_CC_IRQHandler
                0x0000000008001428                TIM1_CC_IRQHandler
                0x0000000008001428                DMA2_Stream5_IRQHandler
                0x0000000008001428                DMA1_Stream5_IRQHandler
                0x0000000008001428                PVD_IRQHandler
                0x0000000008001428                SDIO_IRQHandler
                0x0000000008001428                TAMP_STAMP_IRQHandler
                0x0000000008001428                CAN2_RX1_IRQHandler
                0x0000000008001428                EXTI3_IRQHandler
                0x0000000008001428                TIM8_TRG_COM_TIM14_IRQHandler
                0x0000000008001428                TIM1_UP_TIM10_IRQHandler
                0x0000000008001428                I2C3_ER_IRQHandler
                0x0000000008001428                EXTI0_IRQHandler
                0x0000000008001428                I2C2_EV_IRQHandler
                0x0000000008001428                DMA1_Stream2_IRQHandler
                0x0000000008001428                CAN1_RX0_IRQHandler
                0x0000000008001428                FPU_IRQHandler
                0x0000000008001428                OTG_HS_WKUP_IRQHandler
                0x0000000008001428                CAN2_SCE_IRQHandler
                0x0000000008001428                DMA2_Stream2_IRQHandler
                0x0000000008001428                SPI1_IRQHandler
                0x0000000008001428                TIM6_DAC_IRQHandler
                0x0000000008001428                TIM1_BRK_TIM9_IRQHandler
                0x0000000008001428                CAN2_RX0_IRQHandler
                0x0000000008001428                DMA2_Stream3_IRQHandler
                0x0000000008001428                USART6_IRQHandler
                0x0000000008001428                USART3_IRQHandler
                0x0000000008001428                CAN1_RX1_IRQHandler
                0x0000000008001428                UART5_IRQHandler
                0x0000000008001428                TIM4_IRQHandler
                0x0000000008001428                I2C1_EV_IRQHandler
                0x0000000008001428                DMA1_Stream6_IRQHandler
                0x0000000008001428                DMA1_Stream1_IRQHandler
                0x0000000008001428                UART4_IRQHandler
                0x0000000008001428                TIM3_IRQHandler
                0x0000000008001428                RCC_IRQHandler
                0x0000000008001428                TIM8_BRK_TIM12_IRQHandler
                0x0000000008001428                Default_Handler
                0x0000000008001428                ADC_IRQHandler
                0x0000000008001428                DMA1_Stream7_IRQHandler
                0x0000000008001428                TIM7_IRQHandler
                0x0000000008001428                CAN2_TX_IRQHandler
                0x0000000008001428                TIM5_IRQHandler
                0x0000000008001428                DMA2_Stream7_IRQHandler
                0x0000000008001428                I2C3_EV_IRQHandler
                0x0000000008001428                EXTI9_5_IRQHandler
                0x0000000008001428                RTC_WKUP_IRQHandler
                0x0000000008001428                SPI2_IRQHandler
                0x0000000008001428                OTG_HS_EP1_IN_IRQHandler
                0x0000000008001428                DMA1_Stream0_IRQHandler
                0x0000000008001428                CAN1_TX_IRQHandler
                0x0000000008001428                EXTI4_IRQHandler
                0x0000000008001428                FSMC_IRQHandler
                0x0000000008001428                OTG_HS_EP1_OUT_IRQHandler
                0x0000000008001428                WWDG_IRQHandler
                0x0000000008001428                TIM2_IRQHandler
                0x0000000008001428                OTG_FS_WKUP_IRQHandler
                0x0000000008001428                TIM1_TRG_COM_TIM11_IRQHandler
                0x0000000008001428                OTG_HS_IRQHandler
                0x0000000008001428                EXTI1_IRQHandler
                0x0000000008001428                USART2_IRQHandler
                0x0000000008001428                I2C2_ER_IRQHandler
                0x0000000008001428                DMA2_Stream1_IRQHandler
                0x0000000008001428                CAN1_SCE_IRQHandler
                0x0000000008001428                FLASH_IRQHandler
                0x0000000008001428                DMA2_Stream4_IRQHandler
                0x0000000008001428                USART1_IRQHandler
                0x0000000008001428                OTG_FS_IRQHandler
                0x0000000008001428                SPI3_IRQHandler
                0x0000000008001428                I2C1_ER_IRQHandler
                0x0000000008001428                DMA2_Stream6_IRQHandler
 *fill*         0x000000000800142a        0x2 
 .text.HAL_Init
                0x000000000800142c       0x44 Drivers/STM32F4xx_HAL_Driver/Src/stm32f4xx_hal.o
                0x000000000800142c                HAL_Init
 .text.HAL_InitTick
                0x0000000008001470       0x60 Drivers/STM32F4xx_HAL_Driver/Src/stm32f4xx_hal.o
                0x0000000008001470                HAL_InitTick
 .text.HAL_IncTick
                0x00000000080014d0       0x28 Drivers/STM32F4xx_HAL_Driver/Src/stm32f4xx_hal.o
                0x00000000080014d0                HAL_IncTick
 .text.HAL_GetTick
                0x00000000080014f8       0x18 Drivers/STM32F4xx_HAL_Driver/Src/stm32f4xx_hal.o
                0x00000000080014f8                HAL_GetTick
 .text.HAL_ADC_Init
                0x0000000008001510       0x86 Drivers/STM32F4xx_HAL_Driver/Src/stm32f4xx_hal_adc.o
                0x0000000008001510                HAL_ADC_Init
 *fill*         0x0000000008001596        0x2 
 .text.HAL_ADC_Start_DMA
                0x0000000008001598      0x1e4 Drivers/STM32F4xx_HAL_Driver/Src/stm32f4xx_hal_adc.o
                0x0000000008001598                HAL_ADC_Start_DMA
 .text.HAL_ADC_ConvHalfCpltCallback
                0x000000000800177c       0x14 Drivers/STM32F4xx_HAL_Driver/Src/stm32f4xx_hal_adc.o
                0x000000000800177c                HAL_ADC_ConvHalfCpltCallback
 .text.HAL_ADC_ErrorCallback
                0x0000000008001790       0x14 Drivers/STM32F4xx_HAL_Driver/Src/stm32f4xx_hal_adc.o
                0x0000000008001790                HAL_ADC_ErrorCallback
 .text.HAL_ADC_ConfigChannel
                0x00000000080017a4      0x244 Drivers/STM32F4xx_HAL_Driver/Src/stm32f4xx_hal_adc.o
                0x00000000080017a4                HAL_ADC_ConfigChannel
 .text.ADC_Init
                0x00000000080019e8      0x1f8 Drivers/STM32F4xx_HAL_Driver/Src/stm32f4xx_hal_adc.o
 .text.ADC_DMAConvCplt
                0x0000000008001be0       0xba Drivers/STM32F4xx_HAL_Driver/Src/stm32f4xx_hal_adc.o
 .text.ADC_DMAHalfConvCplt
                0x0000000008001c9a       0x1c Drivers/STM32F4xx_HAL_Driver/Src/stm32f4xx_hal_adc.o
 .text.ADC_DMAError
                0x0000000008001cb6       0x2e Drivers/STM32F4xx_HAL_Driver/Src/stm32f4xx_hal_adc.o
 .text.__NVIC_SetPriorityGrouping
                0x0000000008001ce4       0x48 Drivers/STM32F4xx_HAL_Driver/Src/stm32f4xx_hal_cortex.o
 .text.__NVIC_GetPriorityGrouping
                0x0000000008001d2c       0x1c Drivers/STM32F4xx_HAL_Driver/Src/stm32f4xx_hal_cortex.o
 .text.__NVIC_EnableIRQ
                0x0000000008001d48       0x3c Drivers/STM32F4xx_HAL_Driver/Src/stm32f4xx_hal_cortex.o
 .text.__NVIC_SetPriority
                0x0000000008001d84       0x54 Drivers/STM32F4xx_HAL_Driver/Src/stm32f4xx_hal_cortex.o
 .text.NVIC_EncodePriority
                0x0000000008001dd8       0x66 Drivers/STM32F4xx_HAL_Driver/Src/stm32f4xx_hal_cortex.o
 *fill*         0x0000000008001e3e        0x2 
 .text.SysTick_Config
                0x0000000008001e40       0x44 Drivers/STM32F4xx_HAL_Driver/Src/stm32f4xx_hal_cortex.o
 .text.HAL_NVIC_SetPriorityGrouping
                0x0000000008001e84       0x16 Drivers/STM32F4xx_HAL_Driver/Src/stm32f4xx_hal_cortex.o
                0x0000000008001e84                HAL_NVIC_SetPriorityGrouping
 .text.HAL_NVIC_SetPriority
                0x0000000008001e9a       0x38 Drivers/STM32F4xx_HAL_Driver/Src/stm32f4xx_hal_cortex.o
                0x0000000008001e9a                HAL_NVIC_SetPriority
 .text.HAL_NVIC_EnableIRQ
                0x0000000008001ed2       0x1c Drivers/STM32F4xx_HAL_Driver/Src/stm32f4xx_hal_cortex.o
                0x0000000008001ed2                HAL_NVIC_EnableIRQ
 .text.HAL_SYSTICK_Config
                0x0000000008001eee       0x18 Drivers/STM32F4xx_HAL_Driver/Src/stm32f4xx_hal_cortex.o
                0x0000000008001eee                HAL_SYSTICK_Config
 *fill*         0x0000000008001f06        0x2 
 .text.HAL_DMA_Init
                0x0000000008001f08      0x15c Drivers/STM32F4xx_HAL_Driver/Src/stm32f4xx_hal_dma.o
                0x0000000008001f08                HAL_DMA_Init
 .text.HAL_DMA_Start_IT
                0x0000000008002064       0xb0 Drivers/STM32F4xx_HAL_Driver/Src/stm32f4xx_hal_dma.o
                0x0000000008002064                HAL_DMA_Start_IT
 .text.HAL_DMA_IRQHandler
                0x0000000008002114      0x314 Drivers/STM32F4xx_HAL_Driver/Src/stm32f4xx_hal_dma.o
                0x0000000008002114                HAL_DMA_IRQHandler
 .text.DMA_SetConfig
                0x0000000008002428       0x5c Drivers/STM32F4xx_HAL_Driver/Src/stm32f4xx_hal_dma.o
 .text.DMA_CalcBaseAndBitshift
                0x0000000008002484       0x6c Drivers/STM32F4xx_HAL_Driver/Src/stm32f4xx_hal_dma.o
 .text.DMA_CheckFifoParam
                0x00000000080024f0       0xf8 Drivers/STM32F4xx_HAL_Driver/Src/stm32f4xx_hal_dma.o
 .text.HAL_GPIO_Init
                0x00000000080025e8      0x338 Drivers/STM32F4xx_HAL_Driver/Src/stm32f4xx_hal_gpio.o
                0x00000000080025e8                HAL_GPIO_Init
 .text.HAL_GPIO_WritePin
                0x0000000008002920       0x32 Drivers/STM32F4xx_HAL_Driver/Src/stm32f4xx_hal_gpio.o
                0x0000000008002920                HAL_GPIO_WritePin
 .text.HAL_GPIO_TogglePin
                0x0000000008002952       0x36 Drivers/STM32F4xx_HAL_Driver/Src/stm32f4xx_hal_gpio.o
                0x0000000008002952                HAL_GPIO_TogglePin
 .text.HAL_GPIO_EXTI_IRQHandler
                0x0000000008002988       0x30 Drivers/STM32F4xx_HAL_Driver/Src/stm32f4xx_hal_gpio.o
                0x0000000008002988                HAL_GPIO_EXTI_IRQHandler
 .text.HAL_I2S_Init
                0x00000000080029b8      0x280 Drivers/STM32F4xx_HAL_Driver/Src/stm32f4xx_hal_i2s.o
                0x00000000080029b8                HAL_I2S_Init
 .text.HAL_I2S_TxCpltCallback
                0x0000000008002c38       0x14 Drivers/STM32F4xx_HAL_Driver/Src/stm32f4xx_hal_i2s.o
                0x0000000008002c38                HAL_I2S_TxCpltCallback
 .text.HAL_I2S_RxCpltCallback
                0x0000000008002c4c       0x14 Drivers/STM32F4xx_HAL_Driver/Src/stm32f4xx_hal_i2s.o
                0x0000000008002c4c                HAL_I2S_RxCpltCallback
 .text.HAL_I2S_ErrorCallback
                0x0000000008002c60       0x14 Drivers/STM32F4xx_HAL_Driver/Src/stm32f4xx_hal_i2s.o
                0x0000000008002c60                HAL_I2S_ErrorCallback
 .text.I2S_Transmit_IT
                0x0000000008002c74       0x5c Drivers/STM32F4xx_HAL_Driver/Src/stm32f4xx_hal_i2s.o
 .text.I2S_Receive_IT
                0x0000000008002cd0       0x5e Drivers/STM32F4xx_HAL_Driver/Src/stm32f4xx_hal_i2s.o
 .text.I2S_IRQHandler
                0x0000000008002d2e      0x114 Drivers/STM32F4xx_HAL_Driver/Src/stm32f4xx_hal_i2s.o
 *fill*         0x0000000008002e42        0x2 
 .text.HAL_I2SEx_TransmitReceive_DMA
                0x0000000008002e44      0x314 Drivers/STM32F4xx_HAL_Driver/Src/stm32f4xx_hal_i2s_ex.o
                0x0000000008002e44                HAL_I2SEx_TransmitReceive_DMA
 .text.HAL_I2SEx_FullDuplex_IRQHandler
                0x0000000008003158      0x2a8 Drivers/STM32F4xx_HAL_Driver/Src/stm32f4xx_hal_i2s_ex.o
                0x0000000008003158                HAL_I2SEx_FullDuplex_IRQHandler
 .text.I2SEx_TxRxDMAHalfCplt
                0x0000000008003400       0x1c Drivers/STM32F4xx_HAL_Driver/Src/stm32f4xx_hal_i2s_ex.o
 .text.I2SEx_TxRxDMACplt
                0x000000000800341c      0x138 Drivers/STM32F4xx_HAL_Driver/Src/stm32f4xx_hal_i2s_ex.o
 .text.I2SEx_TxRxDMAError
                0x0000000008003554       0x80 Drivers/STM32F4xx_HAL_Driver/Src/stm32f4xx_hal_i2s_ex.o
 .text.I2SEx_TxISR_I2S
                0x00000000080035d4       0x62 Drivers/STM32F4xx_HAL_Driver/Src/stm32f4xx_hal_i2s_ex.o
 *fill*         0x0000000008003636        0x2 
 .text.I2SEx_TxISR_I2SExt
                0x0000000008003638       0x98 Drivers/STM32F4xx_HAL_Driver/Src/stm32f4xx_hal_i2s_ex.o
 .text.I2SEx_RxISR_I2S
                0x00000000080036d0       0x64 Drivers/STM32F4xx_HAL_Driver/Src/stm32f4xx_hal_i2s_ex.o
 .text.I2SEx_RxISR_I2SExt
                0x0000000008003734       0x98 Drivers/STM32F4xx_HAL_Driver/Src/stm32f4xx_hal_i2s_ex.o
 .text.HAL_RCC_OscConfig
                0x00000000080037cc      0x4e0 Drivers/STM32F4xx_HAL_Driver/Src/stm32f4xx_hal_rcc.o
                0x00000000080037cc                HAL_RCC_OscConfig
 .text.HAL_RCC_ClockConfig
                0x0000000008003cac      0x1cc Drivers/STM32F4xx_HAL_Driver/Src/stm32f4xx_hal_rcc.o
                0x0000000008003cac                HAL_RCC_ClockConfig
 .text.HAL_RCC_GetSysClockFreq
                0x0000000008003e78      0x16c Drivers/STM32F4xx_HAL_Driver/Src/stm32f4xx_hal_rcc.o
                0x0000000008003e78                HAL_RCC_GetSysClockFreq
 .text.HAL_RCCEx_PeriphCLKConfig
                0x0000000008003fe4      0x1c4 Drivers/STM32F4xx_HAL_Driver/Src/stm32f4xx_hal_rcc_ex.o
                0x0000000008003fe4                HAL_RCCEx_PeriphCLKConfig
 .text.HAL_RCCEx_GetPeriphCLKFreq
                0x00000000080041a8       0xbc Drivers/STM32F4xx_HAL_Driver/Src/stm32f4xx_hal_rcc_ex.o
                0x00000000080041a8                HAL_RCCEx_GetPeriphCLKFreq
 .text.HAL_TIM_Base_Init
                0x0000000008004264       0x56 Drivers/STM32F4xx_HAL_Driver/Src/stm32f4xx_hal_tim.o
                0x0000000008004264                HAL_TIM_Base_Init
 .text.HAL_TIM_IRQHandler
                0x00000000080042ba      0x210 Drivers/STM32F4xx_HAL_Driver/Src/stm32f4xx_hal_tim.o
                0x00000000080042ba                HAL_TIM_IRQHandler
 .text.HAL_TIM_PeriodElapsedCallback
                0x00000000080044ca       0x14 Drivers/STM32F4xx_HAL_Driver/Src/stm32f4xx_hal_tim.o
                0x00000000080044ca                HAL_TIM_PeriodElapsedCallback
 .text.HAL_TIM_OC_DelayElapsedCallback
                0x00000000080044de       0x14 Drivers/STM32F4xx_HAL_Driver/Src/stm32f4xx_hal_tim.o
                0x00000000080044de                HAL_TIM_OC_DelayElapsedCallback
 .text.HAL_TIM_IC_CaptureCallback
                0x00000000080044f2       0x14 Drivers/STM32F4xx_HAL_Driver/Src/stm32f4xx_hal_tim.o
                0x00000000080044f2                HAL_TIM_IC_CaptureCallback
 .text.HAL_TIM_PWM_PulseFinishedCallback
                0x0000000008004506       0x14 Drivers/STM32F4xx_HAL_Driver/Src/stm32f4xx_hal_tim.o
                0x0000000008004506                HAL_TIM_PWM_PulseFinishedCallback
 .text.HAL_TIM_TriggerCallback
                0x000000000800451a       0x14 Drivers/STM32F4xx_HAL_Driver/Src/stm32f4xx_hal_tim.o
                0x000000000800451a                HAL_TIM_TriggerCallback
 *fill*         0x000000000800452e        0x2 
 .text.TIM_Base_SetConfig
                0x0000000008004530      0x140 Drivers/STM32F4xx_HAL_Driver/Src/stm32f4xx_hal_tim.o
                0x0000000008004530                TIM_Base_SetConfig
 .text.HAL_TIMEx_CommutCallback
                0x0000000008004670       0x14 Drivers/STM32F4xx_HAL_Driver/Src/stm32f4xx_hal_tim_ex.o
                0x0000000008004670                HAL_TIMEx_CommutCallback
 .text.HAL_TIMEx_BreakCallback
                0x0000000008004684       0x14 Drivers/STM32F4xx_HAL_Driver/Src/stm32f4xx_hal_tim_ex.o
                0x0000000008004684                HAL_TIMEx_BreakCallback
 .text._DoInit  0x0000000008004698       0xb0 /home/chris/Projects/Embedded/CirrusDspFFTPedal_SW/SeggerRTTLib/Debug/libSeggerRTTLib.a(SEGGER_RTT.o)
 .text._WriteBlocking
                0x0000000008004748       0xba /home/chris/Projects/Embedded/CirrusDspFFTPedal_SW/SeggerRTTLib/Debug/libSeggerRTTLib.a(SEGGER_RTT.o)
 .text._WriteNoCheck
                0x0000000008004802       0x90 /home/chris/Projects/Embedded/CirrusDspFFTPedal_SW/SeggerRTTLib/Debug/libSeggerRTTLib.a(SEGGER_RTT.o)
 .text._GetAvailWriteSpace
                0x0000000008004892       0x46 /home/chris/Projects/Embedded/CirrusDspFFTPedal_SW/SeggerRTTLib/Debug/libSeggerRTTLib.a(SEGGER_RTT.o)
 .text.SEGGER_RTT_WriteNoLock
                0x00000000080048d8       0x9c /home/chris/Projects/Embedded/CirrusDspFFTPedal_SW/SeggerRTTLib/Debug/libSeggerRTTLib.a(SEGGER_RTT.o)
                0x00000000080048d8                SEGGER_RTT_WriteNoLock
 .text.SEGGER_RTT_Write
                0x0000000008004974       0x4c /home/chris/Projects/Embedded/CirrusDspFFTPedal_SW/SeggerRTTLib/Debug/libSeggerRTTLib.a(SEGGER_RTT.o)
                0x0000000008004974                SEGGER_RTT_Write
 .text.SEGGER_RTT_ConfigUpBuffer
                0x00000000080049c0       0xe0 /home/chris/Projects/Embedded/CirrusDspFFTPedal_SW/SeggerRTTLib/Debug/libSeggerRTTLib.a(SEGGER_RTT.o)
                0x00000000080049c0                SEGGER_RTT_ConfigUpBuffer
 .text.arm_biquad_cascade_df1_init_f32
                0x0000000008004aa0       0x18 /home/chris/Projects/Lib/CMSIS_4/CMSIS/Lib/GCC/libarm_cortexM4lf_math.a(arm_biquad_cascade_df1_init_f32.o)
                0x0000000008004aa0                arm_biquad_cascade_df1_init_f32
 .text.arm_biquad_cascade_df1_f32
                0x0000000008004ab8      0x1a0 /home/chris/Projects/Lib/CMSIS_4/CMSIS/Lib/GCC/libarm_cortexM4lf_math.a(arm_biquad_cascade_df1_f32.o)
                0x0000000008004ab8                arm_biquad_cascade_df1_f32
 .text.__errno  0x0000000008004c58        0xc /home/chris/opt/STM32CubeIDE/st/stm32cubeide_1.2.0/plugins/com.st.stm32cube.ide.mcu.externaltools.gnu-arm-embedded.7-2018-q2-update.linux64_1.4.0.202007081208/tools/bin/../lib/gcc/arm-none-eabi/9.2.1/../../../../arm-none-eabi/lib/thumb/v7e-m+fp/hard/libc_nano.a(lib_a-errno.o)
                0x0000000008004c58                __errno
 .text.__libc_init_array
                0x0000000008004c64       0x48 /home/chris/opt/STM32CubeIDE/st/stm32cubeide_1.2.0/plugins/com.st.stm32cube.ide.mcu.externaltools.gnu-arm-embedded.7-2018-q2-update.linux64_1.4.0.202007081208/tools/bin/../lib/gcc/arm-none-eabi/9.2.1/../../../../arm-none-eabi/lib/thumb/v7e-m+fp/hard/libc_nano.a(lib_a-init.o)
                0x0000000008004c64                __libc_init_array
 .text.memcpy   0x0000000008004cac       0x1c /home/chris/opt/STM32CubeIDE/st/stm32cubeide_1.2.0/plugins/com.st.stm32cube.ide.mcu.externaltools.gnu-arm-embedded.7-2018-q2-update.linux64_1.4.0.202007081208/tools/bin/../lib/gcc/arm-none-eabi/9.2.1/../../../../arm-none-eabi/lib/thumb/v7e-m+fp/hard/libc_nano.a(lib_a-memcpy-stub.o)
                0x0000000008004cac                memcpy
 .text.memset   0x0000000008004cc8       0x10 /home/chris/opt/STM32CubeIDE/st/stm32cubeide_1.2.0/plugins/com.st.stm32cube.ide.mcu.externaltools.gnu-arm-embedded.7-2018-q2-update.linux64_1.4.0.202007081208/tools/bin/../lib/gcc/arm-none-eabi/9.2.1/../../../../arm-none-eabi/lib/thumb/v7e-m+fp/hard/libc_nano.a(lib_a-memset.o)
                0x0000000008004cc8                memset
 .text.printf   0x0000000008004cd8       0x30 /home/chris/opt/STM32CubeIDE/st/stm32cubeide_1.2.0/plugins/com.st.stm32cube.ide.mcu.externaltools.gnu-arm-embedded.7-2018-q2-update.linux64_1.4.0.202007081208/tools/bin/../lib/gcc/arm-none-eabi/9.2.1/../../../../arm-none-eabi/lib/thumb/v7e-m+fp/hard/libc_nano.a(lib_a-printf.o)
                0x0000000008004cd8                printf
                0x0000000008004cd8                iprintf
 .text.std      0x0000000008004d08       0x48 /home/chris/opt/STM32CubeIDE/st/stm32cubeide_1.2.0/plugins/com.st.stm32cube.ide.mcu.externaltools.gnu-arm-embedded.7-2018-q2-update.linux64_1.4.0.202007081208/tools/bin/../lib/gcc/arm-none-eabi/9.2.1/../../../../arm-none-eabi/lib/thumb/v7e-m+fp/hard/libc_nano.a(lib_a-findfp.o)
 .text._cleanup_r
                0x0000000008004d50        0xc /home/chris/opt/STM32CubeIDE/st/stm32cubeide_1.2.0/plugins/com.st.stm32cube.ide.mcu.externaltools.gnu-arm-embedded.7-2018-q2-update.linux64_1.4.0.202007081208/tools/bin/../lib/gcc/arm-none-eabi/9.2.1/../../../../arm-none-eabi/lib/thumb/v7e-m+fp/hard/libc_nano.a(lib_a-findfp.o)
                0x0000000008004d50                _cleanup_r
 .text.__sfmoreglue
                0x0000000008004d5c       0x2c /home/chris/opt/STM32CubeIDE/st/stm32cubeide_1.2.0/plugins/com.st.stm32cube.ide.mcu.externaltools.gnu-arm-embedded.7-2018-q2-update.linux64_1.4.0.202007081208/tools/bin/../lib/gcc/arm-none-eabi/9.2.1/../../../../arm-none-eabi/lib/thumb/v7e-m+fp/hard/libc_nano.a(lib_a-findfp.o)
                0x0000000008004d5c                __sfmoreglue
 .text.__sfp_lock_acquire
                0x0000000008004d88        0xc /home/chris/opt/STM32CubeIDE/st/stm32cubeide_1.2.0/plugins/com.st.stm32cube.ide.mcu.externaltools.gnu-arm-embedded.7-2018-q2-update.linux64_1.4.0.202007081208/tools/bin/../lib/gcc/arm-none-eabi/9.2.1/../../../../arm-none-eabi/lib/thumb/v7e-m+fp/hard/libc_nano.a(lib_a-findfp.o)
                0x0000000008004d88                __sfp_lock_acquire
 .text.__sfp_lock_release
                0x0000000008004d94        0xc /home/chris/opt/STM32CubeIDE/st/stm32cubeide_1.2.0/plugins/com.st.stm32cube.ide.mcu.externaltools.gnu-arm-embedded.7-2018-q2-update.linux64_1.4.0.202007081208/tools/bin/../lib/gcc/arm-none-eabi/9.2.1/../../../../arm-none-eabi/lib/thumb/v7e-m+fp/hard/libc_nano.a(lib_a-findfp.o)
                0x0000000008004d94                __sfp_lock_release
 .text.__sinit_lock_acquire
                0x0000000008004da0        0xc /home/chris/opt/STM32CubeIDE/st/stm32cubeide_1.2.0/plugins/com.st.stm32cube.ide.mcu.externaltools.gnu-arm-embedded.7-2018-q2-update.linux64_1.4.0.202007081208/tools/bin/../lib/gcc/arm-none-eabi/9.2.1/../../../../arm-none-eabi/lib/thumb/v7e-m+fp/hard/libc_nano.a(lib_a-findfp.o)
                0x0000000008004da0                __sinit_lock_acquire
 .text.__sinit_lock_release
                0x0000000008004dac        0xc /home/chris/opt/STM32CubeIDE/st/stm32cubeide_1.2.0/plugins/com.st.stm32cube.ide.mcu.externaltools.gnu-arm-embedded.7-2018-q2-update.linux64_1.4.0.202007081208/tools/bin/../lib/gcc/arm-none-eabi/9.2.1/../../../../arm-none-eabi/lib/thumb/v7e-m+fp/hard/libc_nano.a(lib_a-findfp.o)
                0x0000000008004dac                __sinit_lock_release
 .text.__sinit  0x0000000008004db8       0x70 /home/chris/opt/STM32CubeIDE/st/stm32cubeide_1.2.0/plugins/com.st.stm32cube.ide.mcu.externaltools.gnu-arm-embedded.7-2018-q2-update.linux64_1.4.0.202007081208/tools/bin/../lib/gcc/arm-none-eabi/9.2.1/../../../../arm-none-eabi/lib/thumb/v7e-m+fp/hard/libc_nano.a(lib_a-findfp.o)
                0x0000000008004db8                __sinit
 .text.__sfp    0x0000000008004e28       0x8c /home/chris/opt/STM32CubeIDE/st/stm32cubeide_1.2.0/plugins/com.st.stm32cube.ide.mcu.externaltools.gnu-arm-embedded.7-2018-q2-update.linux64_1.4.0.202007081208/tools/bin/../lib/gcc/arm-none-eabi/9.2.1/../../../../arm-none-eabi/lib/thumb/v7e-m+fp/hard/libc_nano.a(lib_a-findfp.o)
                0x0000000008004e28                __sfp
 .text._fwalk_reent
                0x0000000008004eb4       0x3e /home/chris/opt/STM32CubeIDE/st/stm32cubeide_1.2.0/plugins/com.st.stm32cube.ide.mcu.externaltools.gnu-arm-embedded.7-2018-q2-update.linux64_1.4.0.202007081208/tools/bin/../lib/gcc/arm-none-eabi/9.2.1/../../../../arm-none-eabi/lib/thumb/v7e-m+fp/hard/libc_nano.a(lib_a-fwalk.o)
                0x0000000008004eb4                _fwalk_reent
 .text.__retarget_lock_init_recursive
                0x0000000008004ef2        0x2 /home/chris/opt/STM32CubeIDE/st/stm32cubeide_1.2.0/plugins/com.st.stm32cube.ide.mcu.externaltools.gnu-arm-embedded.7-2018-q2-update.linux64_1.4.0.202007081208/tools/bin/../lib/gcc/arm-none-eabi/9.2.1/../../../../arm-none-eabi/lib/thumb/v7e-m+fp/hard/libc_nano.a(lib_a-lock.o)
                0x0000000008004ef2                __retarget_lock_init_recursive
 .text.__retarget_lock_acquire_recursive
                0x0000000008004ef4        0x2 /home/chris/opt/STM32CubeIDE/st/stm32cubeide_1.2.0/plugins/com.st.stm32cube.ide.mcu.externaltools.gnu-arm-embedded.7-2018-q2-update.linux64_1.4.0.202007081208/tools/bin/../lib/gcc/arm-none-eabi/9.2.1/../../../../arm-none-eabi/lib/thumb/v7e-m+fp/hard/libc_nano.a(lib_a-lock.o)
                0x0000000008004ef4                __retarget_lock_acquire_recursive
 .text.__retarget_lock_release_recursive
                0x0000000008004ef6        0x2 /home/chris/opt/STM32CubeIDE/st/stm32cubeide_1.2.0/plugins/com.st.stm32cube.ide.mcu.externaltools.gnu-arm-embedded.7-2018-q2-update.linux64_1.4.0.202007081208/tools/bin/../lib/gcc/arm-none-eabi/9.2.1/../../../../arm-none-eabi/lib/thumb/v7e-m+fp/hard/libc_nano.a(lib_a-lock.o)
                0x0000000008004ef6                __retarget_lock_release_recursive
 .text._malloc_r
                0x0000000008004ef8       0xb4 /home/chris/opt/STM32CubeIDE/st/stm32cubeide_1.2.0/plugins/com.st.stm32cube.ide.mcu.externaltools.gnu-arm-embedded.7-2018-q2-update.linux64_1.4.0.202007081208/tools/bin/../lib/gcc/arm-none-eabi/9.2.1/../../../../arm-none-eabi/lib/thumb/v7e-m+fp/hard/libc_nano.a(lib_a-nano-mallocr.o)
                0x0000000008004ef8                _malloc_r
 .text.__sfputc_r
                0x0000000008004fac       0x2e /home/chris/opt/STM32CubeIDE/st/stm32cubeide_1.2.0/plugins/com.st.stm32cube.ide.mcu.externaltools.gnu-arm-embedded.7-2018-q2-update.linux64_1.4.0.202007081208/tools/bin/../lib/gcc/arm-none-eabi/9.2.1/../../../../arm-none-eabi/lib/thumb/v7e-m+fp/hard/libc_nano.a(lib_a-nano-vfprintf.o)
 .text.__sfputs_r
                0x0000000008004fda       0x24 /home/chris/opt/STM32CubeIDE/st/stm32cubeide_1.2.0/plugins/com.st.stm32cube.ide.mcu.externaltools.gnu-arm-embedded.7-2018-q2-update.linux64_1.4.0.202007081208/tools/bin/../lib/gcc/arm-none-eabi/9.2.1/../../../../arm-none-eabi/lib/thumb/v7e-m+fp/hard/libc_nano.a(lib_a-nano-vfprintf.o)
                0x0000000008004fda                __sfputs_r
 *fill*         0x0000000008004ffe        0x2 
 .text._vfprintf_r
                0x0000000008005000      0x260 /home/chris/opt/STM32CubeIDE/st/stm32cubeide_1.2.0/plugins/com.st.stm32cube.ide.mcu.externaltools.gnu-arm-embedded.7-2018-q2-update.linux64_1.4.0.202007081208/tools/bin/../lib/gcc/arm-none-eabi/9.2.1/../../../../arm-none-eabi/lib/thumb/v7e-m+fp/hard/libc_nano.a(lib_a-nano-vfprintf.o)
                0x0000000008005000                _vfiprintf_r
                0x0000000008005000                _vfprintf_r
 .text._printf_common
                0x0000000008005260       0xda /home/chris/opt/STM32CubeIDE/st/stm32cubeide_1.2.0/plugins/com.st.stm32cube.ide.mcu.externaltools.gnu-arm-embedded.7-2018-q2-update.linux64_1.4.0.202007081208/tools/bin/../lib/gcc/arm-none-eabi/9.2.1/../../../../arm-none-eabi/lib/thumb/v7e-m+fp/hard/libc_nano.a(lib_a-nano-vfprintf_i.o)
                0x0000000008005260                _printf_common
 *fill*         0x000000000800533a        0x2 
 .text._printf_i
                0x000000000800533c      0x24c /home/chris/opt/STM32CubeIDE/st/stm32cubeide_1.2.0/plugins/com.st.stm32cube.ide.mcu.externaltools.gnu-arm-embedded.7-2018-q2-update.linux64_1.4.0.202007081208/tools/bin/../lib/gcc/arm-none-eabi/9.2.1/../../../../arm-none-eabi/lib/thumb/v7e-m+fp/hard/libc_nano.a(lib_a-nano-vfprintf_i.o)
                0x000000000800533c                _printf_i
 .text._sbrk_r  0x0000000008005588       0x20 /home/chris/opt/STM32CubeIDE/st/stm32cubeide_1.2.0/plugins/com.st.stm32cube.ide.mcu.externaltools.gnu-arm-embedded.7-2018-q2-update.linux64_1.4.0.202007081208/tools/bin/../lib/gcc/arm-none-eabi/9.2.1/../../../../arm-none-eabi/lib/thumb/v7e-m+fp/hard/libc_nano.a(lib_a-sbrkr.o)
                0x0000000008005588                _sbrk_r
 .text.__sread  0x00000000080055a8       0x22 /home/chris/opt/STM32CubeIDE/st/stm32cubeide_1.2.0/plugins/com.st.stm32cube.ide.mcu.externaltools.gnu-arm-embedded.7-2018-q2-update.linux64_1.4.0.202007081208/tools/bin/../lib/gcc/arm-none-eabi/9.2.1/../../../../arm-none-eabi/lib/thumb/v7e-m+fp/hard/libc_nano.a(lib_a-stdio.o)
                0x00000000080055a8                __sread
 .text.__swrite
                0x00000000080055ca       0x38 /home/chris/opt/STM32CubeIDE/st/stm32cubeide_1.2.0/plugins/com.st.stm32cube.ide.mcu.externaltools.gnu-arm-embedded.7-2018-q2-update.linux64_1.4.0.202007081208/tools/bin/../lib/gcc/arm-none-eabi/9.2.1/../../../../arm-none-eabi/lib/thumb/v7e-m+fp/hard/libc_nano.a(lib_a-stdio.o)
                0x00000000080055ca                __swrite
 .text.__sseek  0x0000000008005602       0x24 /home/chris/opt/STM32CubeIDE/st/stm32cubeide_1.2.0/plugins/com.st.stm32cube.ide.mcu.externaltools.gnu-arm-embedded.7-2018-q2-update.linux64_1.4.0.202007081208/tools/bin/../lib/gcc/arm-none-eabi/9.2.1/../../../../arm-none-eabi/lib/thumb/v7e-m+fp/hard/libc_nano.a(lib_a-stdio.o)
                0x0000000008005602                __sseek
 .text.__sclose
                0x0000000008005626        0x8 /home/chris/opt/STM32CubeIDE/st/stm32cubeide_1.2.0/plugins/com.st.stm32cube.ide.mcu.externaltools.gnu-arm-embedded.7-2018-q2-update.linux64_1.4.0.202007081208/tools/bin/../lib/gcc/arm-none-eabi/9.2.1/../../../../arm-none-eabi/lib/thumb/v7e-m+fp/hard/libc_nano.a(lib_a-stdio.o)
                0x0000000008005626                __sclose
 *fill*         0x000000000800562e        0x2 
 .text.__swbuf_r
                0x0000000008005630       0xa4 /home/chris/opt/STM32CubeIDE/st/stm32cubeide_1.2.0/plugins/com.st.stm32cube.ide.mcu.externaltools.gnu-arm-embedded.7-2018-q2-update.linux64_1.4.0.202007081208/tools/bin/../lib/gcc/arm-none-eabi/9.2.1/../../../../arm-none-eabi/lib/thumb/v7e-m+fp/hard/libc_nano.a(lib_a-wbuf.o)
                0x0000000008005630                __swbuf_r
 .text._write_r
                0x00000000080056d4       0x24 /home/chris/opt/STM32CubeIDE/st/stm32cubeide_1.2.0/plugins/com.st.stm32cube.ide.mcu.externaltools.gnu-arm-embedded.7-2018-q2-update.linux64_1.4.0.202007081208/tools/bin/../lib/gcc/arm-none-eabi/9.2.1/../../../../arm-none-eabi/lib/thumb/v7e-m+fp/hard/libc_nano.a(lib_a-writer.o)
                0x00000000080056d4                _write_r
 .text.__swsetup_r
                0x00000000080056f8       0xdc /home/chris/opt/STM32CubeIDE/st/stm32cubeide_1.2.0/plugins/com.st.stm32cube.ide.mcu.externaltools.gnu-arm-embedded.7-2018-q2-update.linux64_1.4.0.202007081208/tools/bin/../lib/gcc/arm-none-eabi/9.2.1/../../../../arm-none-eabi/lib/thumb/v7e-m+fp/hard/libc_nano.a(lib_a-wsetup.o)
                0x00000000080056f8                __swsetup_r
 .text._close_r
                0x00000000080057d4       0x20 /home/chris/opt/STM32CubeIDE/st/stm32cubeide_1.2.0/plugins/com.st.stm32cube.ide.mcu.externaltools.gnu-arm-embedded.7-2018-q2-update.linux64_1.4.0.202007081208/tools/bin/../lib/gcc/arm-none-eabi/9.2.1/../../../../arm-none-eabi/lib/thumb/v7e-m+fp/hard/libc_nano.a(lib_a-closer.o)
                0x00000000080057d4                _close_r
 .text.__sflush_r
                0x00000000080057f4      0x10c /home/chris/opt/STM32CubeIDE/st/stm32cubeide_1.2.0/plugins/com.st.stm32cube.ide.mcu.externaltools.gnu-arm-embedded.7-2018-q2-update.linux64_1.4.0.202007081208/tools/bin/../lib/gcc/arm-none-eabi/9.2.1/../../../../arm-none-eabi/lib/thumb/v7e-m+fp/hard/libc_nano.a(lib_a-fflush.o)
                0x00000000080057f4                __sflush_r
 .text._fflush_r
                0x0000000008005900       0x78 /home/chris/opt/STM32CubeIDE/st/stm32cubeide_1.2.0/plugins/com.st.stm32cube.ide.mcu.externaltools.gnu-arm-embedded.7-2018-q2-update.linux64_1.4.0.202007081208/tools/bin/../lib/gcc/arm-none-eabi/9.2.1/../../../../arm-none-eabi/lib/thumb/v7e-m+fp/hard/libc_nano.a(lib_a-fflush.o)
                0x0000000008005900                _fflush_r
 .text._lseek_r
                0x0000000008005978       0x24 /home/chris/opt/STM32CubeIDE/st/stm32cubeide_1.2.0/plugins/com.st.stm32cube.ide.mcu.externaltools.gnu-arm-embedded.7-2018-q2-update.linux64_1.4.0.202007081208/tools/bin/../lib/gcc/arm-none-eabi/9.2.1/../../../../arm-none-eabi/lib/thumb/v7e-m+fp/hard/libc_nano.a(lib_a-lseekr.o)
                0x0000000008005978                _lseek_r
 .text.__swhatbuf_r
                0x000000000800599c       0x48 /home/chris/opt/STM32CubeIDE/st/stm32cubeide_1.2.0/plugins/com.st.stm32cube.ide.mcu.externaltools.gnu-arm-embedded.7-2018-q2-update.linux64_1.4.0.202007081208/tools/bin/../lib/gcc/arm-none-eabi/9.2.1/../../../../arm-none-eabi/lib/thumb/v7e-m+fp/hard/libc_nano.a(lib_a-makebuf.o)
                0x000000000800599c                __swhatbuf_r
 .text.__smakebuf_r
                0x00000000080059e4       0x80 /home/chris/opt/STM32CubeIDE/st/stm32cubeide_1.2.0/plugins/com.st.stm32cube.ide.mcu.externaltools.gnu-arm-embedded.7-2018-q2-update.linux64_1.4.0.202007081208/tools/bin/../lib/gcc/arm-none-eabi/9.2.1/../../../../arm-none-eabi/lib/thumb/v7e-m+fp/hard/libc_nano.a(lib_a-makebuf.o)
                0x00000000080059e4                __smakebuf_r
 .text.__malloc_lock
                0x0000000008005a64        0xc /home/chris/opt/STM32CubeIDE/st/stm32cubeide_1.2.0/plugins/com.st.stm32cube.ide.mcu.externaltools.gnu-arm-embedded.7-2018-q2-update.linux64_1.4.0.202007081208/tools/bin/../lib/gcc/arm-none-eabi/9.2.1/../../../../arm-none-eabi/lib/thumb/v7e-m+fp/hard/libc_nano.a(lib_a-mlock.o)
                0x0000000008005a64                __malloc_lock
 .text.__malloc_unlock
                0x0000000008005a70        0xc /home/chris/opt/STM32CubeIDE/st/stm32cubeide_1.2.0/plugins/com.st.stm32cube.ide.mcu.externaltools.gnu-arm-embedded.7-2018-q2-update.linux64_1.4.0.202007081208/tools/bin/../lib/gcc/arm-none-eabi/9.2.1/../../../../arm-none-eabi/lib/thumb/v7e-m+fp/hard/libc_nano.a(lib_a-mlock.o)
                0x0000000008005a70                __malloc_unlock
 .text._free_r  0x0000000008005a7c       0xa0 /home/chris/opt/STM32CubeIDE/st/stm32cubeide_1.2.0/plugins/com.st.stm32cube.ide.mcu.externaltools.gnu-arm-embedded.7-2018-q2-update.linux64_1.4.0.202007081208/tools/bin/../lib/gcc/arm-none-eabi/9.2.1/../../../../arm-none-eabi/lib/thumb/v7e-m+fp/hard/libc_nano.a(lib_a-nano-freer.o)
                0x0000000008005a7c                _free_r
 .text._read_r  0x0000000008005b1c       0x24 /home/chris/opt/STM32CubeIDE/st/stm32cubeide_1.2.0/plugins/com.st.stm32cube.ide.mcu.externaltools.gnu-arm-embedded.7-2018-q2-update.linux64_1.4.0.202007081208/tools/bin/../lib/gcc/arm-none-eabi/9.2.1/../../../../arm-none-eabi/lib/thumb/v7e-m+fp/hard/libc_nano.a(lib_a-readr.o)
                0x0000000008005b1c                _read_r
 .text._fstat_r
                0x0000000008005b40       0x24 /home/chris/opt/STM32CubeIDE/st/stm32cubeide_1.2.0/plugins/com.st.stm32cube.ide.mcu.externaltools.gnu-arm-embedded.7-2018-q2-update.linux64_1.4.0.202007081208/tools/bin/../lib/gcc/arm-none-eabi/9.2.1/../../../../arm-none-eabi/lib/thumb/v7e-m+fp/hard/libc_nano.a(lib_a-fstatr.o)
                0x0000000008005b40                _fstat_r
 .text._isatty_r
                0x0000000008005b64       0x20 /home/chris/opt/STM32CubeIDE/st/stm32cubeide_1.2.0/plugins/com.st.stm32cube.ide.mcu.externaltools.gnu-arm-embedded.7-2018-q2-update.linux64_1.4.0.202007081208/tools/bin/../lib/gcc/arm-none-eabi/9.2.1/../../../../arm-none-eabi/lib/thumb/v7e-m+fp/hard/libc_nano.a(lib_a-isattyr.o)
                0x0000000008005b64                _isatty_r
 *(.glue_7)
 .glue_7        0x0000000008005b84        0x0 linker stubs
 *(.glue_7t)
 .glue_7t       0x0000000008005b84        0x0 linker stubs
 *(.eh_frame)
 .eh_frame      0x0000000008005b84        0x0 /home/chris/opt/STM32CubeIDE/st/stm32cubeide_1.2.0/plugins/com.st.stm32cube.ide.mcu.externaltools.gnu-arm-embedded.7-2018-q2-update.linux64_1.4.0.202007081208/tools/bin/../lib/gcc/arm-none-eabi/9.2.1/thumb/v7e-m+fp/hard/crtbegin.o
 *(.init)
 .init          0x0000000008005b84        0x4 /home/chris/opt/STM32CubeIDE/st/stm32cubeide_1.2.0/plugins/com.st.stm32cube.ide.mcu.externaltools.gnu-arm-embedded.7-2018-q2-update.linux64_1.4.0.202007081208/tools/bin/../lib/gcc/arm-none-eabi/9.2.1/thumb/v7e-m+fp/hard/crti.o
                0x0000000008005b84                _init
 .init          0x0000000008005b88        0x8 /home/chris/opt/STM32CubeIDE/st/stm32cubeide_1.2.0/plugins/com.st.stm32cube.ide.mcu.externaltools.gnu-arm-embedded.7-2018-q2-update.linux64_1.4.0.202007081208/tools/bin/../lib/gcc/arm-none-eabi/9.2.1/thumb/v7e-m+fp/hard/crtn.o
 *(.fini)
 .fini          0x0000000008005b90        0x4 /home/chris/opt/STM32CubeIDE/st/stm32cubeide_1.2.0/plugins/com.st.stm32cube.ide.mcu.externaltools.gnu-arm-embedded.7-2018-q2-update.linux64_1.4.0.202007081208/tools/bin/../lib/gcc/arm-none-eabi/9.2.1/thumb/v7e-m+fp/hard/crti.o
                0x0000000008005b90                _fini
 .fini          0x0000000008005b94        0x8 /home/chris/opt/STM32CubeIDE/st/stm32cubeide_1.2.0/plugins/com.st.stm32cube.ide.mcu.externaltools.gnu-arm-embedded.7-2018-q2-update.linux64_1.4.0.202007081208/tools/bin/../lib/gcc/arm-none-eabi/9.2.1/thumb/v7e-m+fp/hard/crtn.o
                0x0000000008005b9c                . = ALIGN (0x4)
                0x0000000008005b9c                _etext = .

.vfp11_veneer   0x0000000008005b9c        0x0
 .vfp11_veneer  0x0000000008005b9c        0x0 linker stubs

.v4_bx          0x0000000008005b9c        0x0
 .v4_bx         0x0000000008005b9c        0x0 linker stubs

.iplt           0x0000000008005b9c        0x0
 .iplt          0x0000000008005b9c        0x0 /home/chris/opt/STM32CubeIDE/st/stm32cubeide_1.2.0/plugins/com.st.stm32cube.ide.mcu.externaltools.gnu-arm-embedded.7-2018-q2-update.linux64_1.4.0.202007081208/tools/bin/../lib/gcc/arm-none-eabi/9.2.1/thumb/v7e-m+fp/hard/crtbegin.o

.rodata         0x0000000008005b9c       0xdc
                0x0000000008005b9c                . = ALIGN (0x4)
 *(.rodata)
 .rodata        0x0000000008005b9c       0x12 Core/Src/main.o
 *fill*         0x0000000008005bae        0x2 
 .rodata        0x0000000008005bb0       0x17 /home/chris/Projects/Embedded/CirrusDspFFTPedal_SW/SeggerRTTLib/Debug/libSeggerRTTLib.a(SEGGER_RTT.o)
 *(.rodata*)
 *fill*         0x0000000008005bc7        0x1 
 .rodata.AHBPrescTable
                0x0000000008005bc8       0x10 Core/Src/system_stm32f4xx.o
                0x0000000008005bc8                AHBPrescTable
 .rodata.flagBitshiftOffset.8285
                0x0000000008005bd8        0x8 Drivers/STM32F4xx_HAL_Driver/Src/stm32f4xx_hal_dma.o
 .rodata._global_impure_ptr
                0x0000000008005be0        0x4 /home/chris/opt/STM32CubeIDE/st/stm32cubeide_1.2.0/plugins/com.st.stm32cube.ide.mcu.externaltools.gnu-arm-embedded.7-2018-q2-update.linux64_1.4.0.202007081208/tools/bin/../lib/gcc/arm-none-eabi/9.2.1/../../../../arm-none-eabi/lib/thumb/v7e-m+fp/hard/libc_nano.a(lib_a-impure.o)
                0x0000000008005be0                _global_impure_ptr
 .rodata.__sf_fake_stderr
                0x0000000008005be4       0x20 /home/chris/opt/STM32CubeIDE/st/stm32cubeide_1.2.0/plugins/com.st.stm32cube.ide.mcu.externaltools.gnu-arm-embedded.7-2018-q2-update.linux64_1.4.0.202007081208/tools/bin/../lib/gcc/arm-none-eabi/9.2.1/../../../../arm-none-eabi/lib/thumb/v7e-m+fp/hard/libc_nano.a(lib_a-findfp.o)
                0x0000000008005be4                __sf_fake_stderr
 .rodata.__sf_fake_stdin
                0x0000000008005c04       0x20 /home/chris/opt/STM32CubeIDE/st/stm32cubeide_1.2.0/plugins/com.st.stm32cube.ide.mcu.externaltools.gnu-arm-embedded.7-2018-q2-update.linux64_1.4.0.202007081208/tools/bin/../lib/gcc/arm-none-eabi/9.2.1/../../../../arm-none-eabi/lib/thumb/v7e-m+fp/hard/libc_nano.a(lib_a-findfp.o)
                0x0000000008005c04                __sf_fake_stdin
 .rodata.__sf_fake_stdout
                0x0000000008005c24       0x20 /home/chris/opt/STM32CubeIDE/st/stm32cubeide_1.2.0/plugins/com.st.stm32cube.ide.mcu.externaltools.gnu-arm-embedded.7-2018-q2-update.linux64_1.4.0.202007081208/tools/bin/../lib/gcc/arm-none-eabi/9.2.1/../../../../arm-none-eabi/lib/thumb/v7e-m+fp/hard/libc_nano.a(lib_a-findfp.o)
                0x0000000008005c24                __sf_fake_stdout
 .rodata._vfprintf_r.str1.1
                0x0000000008005c44       0x11 /home/chris/opt/STM32CubeIDE/st/stm32cubeide_1.2.0/plugins/com.st.stm32cube.ide.mcu.externaltools.gnu-arm-embedded.7-2018-q2-update.linux64_1.4.0.202007081208/tools/bin/../lib/gcc/arm-none-eabi/9.2.1/../../../../arm-none-eabi/lib/thumb/v7e-m+fp/hard/libc_nano.a(lib_a-nano-vfprintf.o)
 .rodata._printf_i.str1.1
                0x0000000008005c55       0x22 /home/chris/opt/STM32CubeIDE/st/stm32cubeide_1.2.0/plugins/com.st.stm32cube.ide.mcu.externaltools.gnu-arm-embedded.7-2018-q2-update.linux64_1.4.0.202007081208/tools/bin/../lib/gcc/arm-none-eabi/9.2.1/../../../../arm-none-eabi/lib/thumb/v7e-m+fp/hard/libc_nano.a(lib_a-nano-vfprintf_i.o)
                0x0000000008005c78                . = ALIGN (0x4)
 *fill*         0x0000000008005c77        0x1 

.ARM.extab      0x0000000008005c78        0x0
                0x0000000008005c78                . = ALIGN (0x4)
 *(.ARM.extab* .gnu.linkonce.armextab.*)
                0x0000000008005c78                . = ALIGN (0x4)

.ARM            0x0000000008005c78        0x8
                0x0000000008005c78                . = ALIGN (0x4)
                0x0000000008005c78                __exidx_start = .
 *(.ARM.exidx*)
 .ARM.exidx     0x0000000008005c78        0x8 /home/chris/opt/STM32CubeIDE/st/stm32cubeide_1.2.0/plugins/com.st.stm32cube.ide.mcu.externaltools.gnu-arm-embedded.7-2018-q2-update.linux64_1.4.0.202007081208/tools/bin/../lib/gcc/arm-none-eabi/9.2.1/thumb/v7e-m+fp/hard/libgcc.a(_udivmoddi4.o)
                0x0000000008005c80                __exidx_end = .
                0x0000000008005c80                . = ALIGN (0x4)

.rel.dyn        0x0000000008005c80        0x0
 .rel.iplt      0x0000000008005c80        0x0 /home/chris/opt/STM32CubeIDE/st/stm32cubeide_1.2.0/plugins/com.st.stm32cube.ide.mcu.externaltools.gnu-arm-embedded.7-2018-q2-update.linux64_1.4.0.202007081208/tools/bin/../lib/gcc/arm-none-eabi/9.2.1/thumb/v7e-m+fp/hard/crtbegin.o

.preinit_array  0x0000000008005c80        0x0
                0x0000000008005c80                . = ALIGN (0x4)
                0x0000000008005c80                PROVIDE (__preinit_array_start = .)
 *(.preinit_array*)
                0x0000000008005c80                PROVIDE (__preinit_array_end = .)
                0x0000000008005c80                . = ALIGN (0x4)

.init_array     0x0000000008005c80        0x4
                0x0000000008005c80                . = ALIGN (0x4)
                0x0000000008005c80                PROVIDE (__init_array_start = .)
 *(SORT_BY_NAME(.init_array.*))
 *(.init_array*)
 .init_array    0x0000000008005c80        0x4 /home/chris/opt/STM32CubeIDE/st/stm32cubeide_1.2.0/plugins/com.st.stm32cube.ide.mcu.externaltools.gnu-arm-embedded.7-2018-q2-update.linux64_1.4.0.202007081208/tools/bin/../lib/gcc/arm-none-eabi/9.2.1/thumb/v7e-m+fp/hard/crtbegin.o
                0x0000000008005c84                PROVIDE (__init_array_end = .)
                0x0000000008005c84                . = ALIGN (0x4)

.fini_array     0x0000000008005c84        0x4
                0x0000000008005c84                . = ALIGN (0x4)
                [!provide]                        PROVIDE (__fini_array_start = .)
 *(SORT_BY_NAME(.fini_array.*))
 *(.fini_array*)
 .fini_array    0x0000000008005c84        0x4 /home/chris/opt/STM32CubeIDE/st/stm32cubeide_1.2.0/plugins/com.st.stm32cube.ide.mcu.externaltools.gnu-arm-embedded.7-2018-q2-update.linux64_1.4.0.202007081208/tools/bin/../lib/gcc/arm-none-eabi/9.2.1/thumb/v7e-m+fp/hard/crtbegin.o
                [!provide]                        PROVIDE (__fini_array_end = .)
                0x0000000008005c88                . = ALIGN (0x4)
                0x0000000008005c88                _sidata = LOADADDR (.data)

.data           0x0000000020000000       0x84 load address 0x0000000008005c88
                0x0000000020000000                . = ALIGN (0x4)
                0x0000000020000000                _sdata = .
 *(.data)
 *(.data*)
 .data.iir_coeffs
                0x0000000020000000       0x14 Core/Src/main.o
                0x0000000020000000                iir_coeffs
 .data.SystemCoreClock
                0x0000000020000014        0x4 Core/Src/system_stm32f4xx.o
                0x0000000020000014                SystemCoreClock
 .data.uwTickPrio
                0x0000000020000018        0x4 Drivers/STM32F4xx_HAL_Driver/Src/stm32f4xx_hal.o
                0x0000000020000018                uwTickPrio
 .data.uwTickFreq
                0x000000002000001c        0x1 Drivers/STM32F4xx_HAL_Driver/Src/stm32f4xx_hal.o
                0x000000002000001c                uwTickFreq
 *fill*         0x000000002000001d        0x3 
 .data._impure_ptr
                0x0000000020000020        0x4 /home/chris/opt/STM32CubeIDE/st/stm32cubeide_1.2.0/plugins/com.st.stm32cube.ide.mcu.externaltools.gnu-arm-embedded.7-2018-q2-update.linux64_1.4.0.202007081208/tools/bin/../lib/gcc/arm-none-eabi/9.2.1/../../../../arm-none-eabi/lib/thumb/v7e-m+fp/hard/libc_nano.a(lib_a-impure.o)
                0x0000000020000020                _impure_ptr
 .data.impure_data
                0x0000000020000024       0x60 /home/chris/opt/STM32CubeIDE/st/stm32cubeide_1.2.0/plugins/com.st.stm32cube.ide.mcu.externaltools.gnu-arm-embedded.7-2018-q2-update.linux64_1.4.0.202007081208/tools/bin/../lib/gcc/arm-none-eabi/9.2.1/../../../../arm-none-eabi/lib/thumb/v7e-m+fp/hard/libc_nano.a(lib_a-impure.o)
                0x0000000020000084                . = ALIGN (0x4)
                0x0000000020000084                _edata = .

.igot.plt       0x0000000020000084        0x0 load address 0x0000000008005d0c
 .igot.plt      0x0000000020000084        0x0 /home/chris/opt/STM32CubeIDE/st/stm32cubeide_1.2.0/plugins/com.st.stm32cube.ide.mcu.externaltools.gnu-arm-embedded.7-2018-q2-update.linux64_1.4.0.202007081208/tools/bin/../lib/gcc/arm-none-eabi/9.2.1/thumb/v7e-m+fp/hard/crtbegin.o
                0x0000000020000084                . = ALIGN (0x4)

.bss            0x0000000020000084     0x8740 load address 0x0000000008005d0c
                0x0000000020000084                _sbss = .
                0x0000000020000084                __bss_start__ = _sbss
 *(.bss)
 .bss           0x0000000020000084       0x1c /home/chris/opt/STM32CubeIDE/st/stm32cubeide_1.2.0/plugins/com.st.stm32cube.ide.mcu.externaltools.gnu-arm-embedded.7-2018-q2-update.linux64_1.4.0.202007081208/tools/bin/../lib/gcc/arm-none-eabi/9.2.1/thumb/v7e-m+fp/hard/crtbegin.o
 *(.bss*)
 .bss.callback_state
                0x00000000200000a0        0x1 Core/Src/main.o
                0x00000000200000a0                callback_state
 *fill*         0x00000000200000a1        0x3 
 .bss.__sbrk_heap_end
                0x00000000200000a4        0x4 Core/Src/sysmem.o
 .bss.active_adc_channel
                0x00000000200000a8        0x1 Core/Src/user_input.o
                0x00000000200000a8                active_adc_channel
 *fill*         0x00000000200000a9        0x3 
 .bss._acUpBuffer
                0x00000000200000ac      0x400 /home/chris/Projects/Embedded/CirrusDspFFTPedal_SW/SeggerRTTLib/Debug/libSeggerRTTLib.a(SEGGER_RTT.o)
 .bss._acDownBuffer
                0x00000000200004ac       0x10 /home/chris/Projects/Embedded/CirrusDspFFTPedal_SW/SeggerRTTLib/Debug/libSeggerRTTLib.a(SEGGER_RTT.o)
 .bss.__malloc_free_list
                0x00000000200004bc        0x4 /home/chris/opt/STM32CubeIDE/st/stm32cubeide_1.2.0/plugins/com.st.stm32cube.ide.mcu.externaltools.gnu-arm-embedded.7-2018-q2-update.linux64_1.4.0.202007081208/tools/bin/../lib/gcc/arm-none-eabi/9.2.1/../../../../arm-none-eabi/lib/thumb/v7e-m+fp/hard/libc_nano.a(lib_a-nano-mallocr.o)
                0x00000000200004bc                __malloc_free_list
 .bss.__malloc_sbrk_start
                0x00000000200004c0        0x4 /home/chris/opt/STM32CubeIDE/st/stm32cubeide_1.2.0/plugins/com.st.stm32cube.ide.mcu.externaltools.gnu-arm-embedded.7-2018-q2-update.linux64_1.4.0.202007081208/tools/bin/../lib/gcc/arm-none-eabi/9.2.1/../../../../arm-none-eabi/lib/thumb/v7e-m+fp/hard/libc_nano.a(lib_a-nano-mallocr.o)
                0x00000000200004c0                __malloc_sbrk_start
 *(COMMON)
 COMMON         0x00000000200004c4       0xa8 Core/Src/adc.o
                0x00000000200004c4                hadc1
                0x000000002000050c                hdma_adc1
 COMMON         0x000000002000056c      0x108 Core/Src/i2s.o
                0x000000002000056c                hdma_i2s2_ext_rx
                0x00000000200005cc                hdma_spi2_tx
                0x000000002000062c                hi2s2
 COMMON         0x0000000020000674     0x8054 Core/Src/main.o
                0x0000000020000674                iirsettings_l
                0x0000000020000680                r_buf_out
                0x0000000020001680                w_ptr
                0x0000000020001684                txBuf
                0x0000000020003684                l_buf_in
                0x0000000020004684                iir_l_state
                0x0000000020004694                l_buf_out
                0x0000000020005694                rxBuf
                0x0000000020007694                adc_input_data_buffer
                0x0000000020007698                user_input_data
                0x00000000200076a4                offset_w_ptr
                0x00000000200076a8                iir_r_state
                0x00000000200076b8                offset_r_ptr
                0x00000000200076bc                r_buf_in
                0x00000000200086bc                iirsettings_r
 COMMON         0x00000000200086c8       0x40 Core/Src/tim.o
                0x00000000200086c8                htim13
 COMMON         0x0000000020008708        0x4 Drivers/STM32F4xx_HAL_Driver/Src/stm32f4xx_hal.o
                0x0000000020008708                uwTick
 COMMON         0x000000002000870c       0xa8 /home/chris/Projects/Embedded/CirrusDspFFTPedal_SW/SeggerRTTLib/Debug/libSeggerRTTLib.a(SEGGER_RTT.o)
                0x000000002000870c                _SEGGER_RTT
 COMMON         0x00000000200087b4        0x9 /home/chris/opt/STM32CubeIDE/st/stm32cubeide_1.2.0/plugins/com.st.stm32cube.ide.mcu.externaltools.gnu-arm-embedded.7-2018-q2-update.linux64_1.4.0.202007081208/tools/bin/../lib/gcc/arm-none-eabi/9.2.1/../../../../arm-none-eabi/lib/thumb/v7e-m+fp/hard/libc_nano.a(lib_a-lock.o)
                0x00000000200087b4                __lock___atexit_recursive_mutex
                0x00000000200087b5                __lock___arc4random_mutex
                0x00000000200087b6                __lock___env_recursive_mutex
                0x00000000200087b7                __lock___sinit_recursive_mutex
                0x00000000200087b8                __lock___malloc_recursive_mutex
                0x00000000200087b9                __lock___at_quick_exit_mutex
                0x00000000200087ba                __lock___dd_hash_mutex
                0x00000000200087bb                __lock___tz_mutex
                0x00000000200087bc                __lock___sfp_recursive_mutex
 *fill*         0x00000000200087bd        0x3 
 COMMON         0x00000000200087c0        0x4 /home/chris/opt/STM32CubeIDE/st/stm32cubeide_1.2.0/plugins/com.st.stm32cube.ide.mcu.externaltools.gnu-arm-embedded.7-2018-q2-update.linux64_1.4.0.202007081208/tools/bin/../lib/gcc/arm-none-eabi/9.2.1/../../../../arm-none-eabi/lib/thumb/v7e-m+fp/hard/libc_nano.a(lib_a-reent.o)
                0x00000000200087c0                errno
                0x00000000200087c4                . = ALIGN (0x4)
                0x00000000200087c4                _ebss = .
                0x00000000200087c4                __bss_end__ = _ebss

._user_heap_stack
                0x00000000200087c4      0x604 load address 0x0000000008005d0c
                0x00000000200087c8                . = ALIGN (0x8)
 *fill*         0x00000000200087c4        0x4 
                [!provide]                        PROVIDE (end = .)
                0x00000000200087c8                PROVIDE (_end = .)
                0x00000000200089c8                . = (. + _Min_Heap_Size)
 *fill*         0x00000000200087c8      0x200 
                0x0000000020008dc8                . = (. + _Min_Stack_Size)
 *fill*         0x00000000200089c8      0x400 
                0x0000000020008dc8                . = ALIGN (0x8)

/DISCARD/
 libc.a(*)
 libm.a(*)
 libgcc.a(*)

.ARM.attributes
                0x0000000000000000       0x30
 *(.ARM.attributes)
 .ARM.attributes
                0x0000000000000000       0x1e /home/chris/opt/STM32CubeIDE/st/stm32cubeide_1.2.0/plugins/com.st.stm32cube.ide.mcu.externaltools.gnu-arm-embedded.7-2018-q2-update.linux64_1.4.0.202007081208/tools/bin/../lib/gcc/arm-none-eabi/9.2.1/thumb/v7e-m+fp/hard/crti.o
 .ARM.attributes
                0x000000000000001e       0x34 /home/chris/opt/STM32CubeIDE/st/stm32cubeide_1.2.0/plugins/com.st.stm32cube.ide.mcu.externaltools.gnu-arm-embedded.7-2018-q2-update.linux64_1.4.0.202007081208/tools/bin/../lib/gcc/arm-none-eabi/9.2.1/thumb/v7e-m+fp/hard/crtbegin.o
 .ARM.attributes
                0x0000000000000052       0x34 Core/Src/adc.o
 .ARM.attributes
                0x0000000000000086       0x34 Core/Src/dma.o
 .ARM.attributes
                0x00000000000000ba       0x34 Core/Src/gpio.o
 .ARM.attributes
                0x00000000000000ee       0x34 Core/Src/i2s.o
 .ARM.attributes
                0x0000000000000122       0x34 Core/Src/main.o
 .ARM.attributes
                0x0000000000000156       0x34 Core/Src/stm32f4xx_hal_msp.o
 .ARM.attributes
                0x000000000000018a       0x34 Core/Src/stm32f4xx_it.o
 .ARM.attributes
                0x00000000000001be       0x34 Core/Src/syscalls.o
 .ARM.attributes
                0x00000000000001f2       0x34 Core/Src/sysmem.o
 .ARM.attributes
                0x0000000000000226       0x34 Core/Src/system_stm32f4xx.o
 .ARM.attributes
                0x000000000000025a       0x34 Core/Src/tim.o
 .ARM.attributes
                0x000000000000028e       0x34 Core/Src/user_input.o
 .ARM.attributes
                0x00000000000002c2       0x21 Core/Startup/startup_stm32f405rgtx.o
 .ARM.attributes
                0x00000000000002e3       0x34 Drivers/STM32F4xx_HAL_Driver/Src/stm32f4xx_hal.o
 .ARM.attributes
                0x0000000000000317       0x34 Drivers/STM32F4xx_HAL_Driver/Src/stm32f4xx_hal_adc.o
 .ARM.attributes
                0x000000000000034b       0x34 Drivers/STM32F4xx_HAL_Driver/Src/stm32f4xx_hal_cortex.o
 .ARM.attributes
                0x000000000000037f       0x34 Drivers/STM32F4xx_HAL_Driver/Src/stm32f4xx_hal_dma.o
 .ARM.attributes
                0x00000000000003b3       0x34 Drivers/STM32F4xx_HAL_Driver/Src/stm32f4xx_hal_gpio.o
 .ARM.attributes
                0x00000000000003e7       0x34 Drivers/STM32F4xx_HAL_Driver/Src/stm32f4xx_hal_i2s.o
 .ARM.attributes
                0x000000000000041b       0x34 Drivers/STM32F4xx_HAL_Driver/Src/stm32f4xx_hal_i2s_ex.o
 .ARM.attributes
                0x000000000000044f       0x34 Drivers/STM32F4xx_HAL_Driver/Src/stm32f4xx_hal_rcc.o
 .ARM.attributes
                0x0000000000000483       0x34 Drivers/STM32F4xx_HAL_Driver/Src/stm32f4xx_hal_rcc_ex.o
 .ARM.attributes
                0x00000000000004b7       0x34 Drivers/STM32F4xx_HAL_Driver/Src/stm32f4xx_hal_tim.o
 .ARM.attributes
                0x00000000000004eb       0x34 Drivers/STM32F4xx_HAL_Driver/Src/stm32f4xx_hal_tim_ex.o
 .ARM.attributes
                0x000000000000051f       0x39 /home/chris/Projects/Embedded/CirrusDspFFTPedal_SW/SeggerRTTLib/Debug/libSeggerRTTLib.a(SEGGER_RTT.o)
 .ARM.attributes
                0x0000000000000558       0x39 /home/chris/Projects/Lib/CMSIS_4/CMSIS/Lib/GCC/libarm_cortexM4lf_math.a(arm_biquad_cascade_df1_init_f32.o)
 .ARM.attributes
                0x0000000000000591       0x39 /home/chris/Projects/Lib/CMSIS_4/CMSIS/Lib/GCC/libarm_cortexM4lf_math.a(arm_biquad_cascade_df1_f32.o)
 .ARM.attributes
                0x00000000000005ca       0x34 /home/chris/opt/STM32CubeIDE/st/stm32cubeide_1.2.0/plugins/com.st.stm32cube.ide.mcu.externaltools.gnu-arm-embedded.7-2018-q2-update.linux64_1.4.0.202007081208/tools/bin/../lib/gcc/arm-none-eabi/9.2.1/../../../../arm-none-eabi/lib/thumb/v7e-m+fp/hard/libc_nano.a(lib_a-errno.o)
 .ARM.attributes
                0x00000000000005fe       0x32 /home/chris/opt/STM32CubeIDE/st/stm32cubeide_1.2.0/plugins/com.st.stm32cube.ide.mcu.externaltools.gnu-arm-embedded.7-2018-q2-update.linux64_1.4.0.202007081208/tools/bin/../lib/gcc/arm-none-eabi/9.2.1/../../../../arm-none-eabi/lib/thumb/v7e-m+fp/hard/libc_nano.a(lib_a-impure.o)
 .ARM.attributes
                0x0000000000000630       0x34 /home/chris/opt/STM32CubeIDE/st/stm32cubeide_1.2.0/plugins/com.st.stm32cube.ide.mcu.externaltools.gnu-arm-embedded.7-2018-q2-update.linux64_1.4.0.202007081208/tools/bin/../lib/gcc/arm-none-eabi/9.2.1/../../../../arm-none-eabi/lib/thumb/v7e-m+fp/hard/libc_nano.a(lib_a-init.o)
 .ARM.attributes
                0x0000000000000664       0x34 /home/chris/opt/STM32CubeIDE/st/stm32cubeide_1.2.0/plugins/com.st.stm32cube.ide.mcu.externaltools.gnu-arm-embedded.7-2018-q2-update.linux64_1.4.0.202007081208/tools/bin/../lib/gcc/arm-none-eabi/9.2.1/../../../../arm-none-eabi/lib/thumb/v7e-m+fp/hard/libc_nano.a(lib_a-memcpy-stub.o)
 .ARM.attributes
                0x0000000000000698       0x34 /home/chris/opt/STM32CubeIDE/st/stm32cubeide_1.2.0/plugins/com.st.stm32cube.ide.mcu.externaltools.gnu-arm-embedded.7-2018-q2-update.linux64_1.4.0.202007081208/tools/bin/../lib/gcc/arm-none-eabi/9.2.1/../../../../arm-none-eabi/lib/thumb/v7e-m+fp/hard/libc_nano.a(lib_a-memset.o)
 .ARM.attributes
                0x00000000000006cc       0x34 /home/chris/opt/STM32CubeIDE/st/stm32cubeide_1.2.0/plugins/com.st.stm32cube.ide.mcu.externaltools.gnu-arm-embedded.7-2018-q2-update.linux64_1.4.0.202007081208/tools/bin/../lib/gcc/arm-none-eabi/9.2.1/../../../../arm-none-eabi/lib/thumb/v7e-m+fp/hard/libc_nano.a(lib_a-printf.o)
 .ARM.attributes
                0x0000000000000700       0x34 /home/chris/opt/STM32CubeIDE/st/stm32cubeide_1.2.0/plugins/com.st.stm32cube.ide.mcu.externaltools.gnu-arm-embedded.7-2018-q2-update.linux64_1.4.0.202007081208/tools/bin/../lib/gcc/arm-none-eabi/9.2.1/../../../../arm-none-eabi/lib/thumb/v7e-m+fp/hard/libc_nano.a(lib_a-findfp.o)
 .ARM.attributes
                0x0000000000000734       0x34 /home/chris/opt/STM32CubeIDE/st/stm32cubeide_1.2.0/plugins/com.st.stm32cube.ide.mcu.externaltools.gnu-arm-embedded.7-2018-q2-update.linux64_1.4.0.202007081208/tools/bin/../lib/gcc/arm-none-eabi/9.2.1/../../../../arm-none-eabi/lib/thumb/v7e-m+fp/hard/libc_nano.a(lib_a-fwalk.o)
 .ARM.attributes
                0x0000000000000768       0x34 /home/chris/opt/STM32CubeIDE/st/stm32cubeide_1.2.0/plugins/com.st.stm32cube.ide.mcu.externaltools.gnu-arm-embedded.7-2018-q2-update.linux64_1.4.0.202007081208/tools/bin/../lib/gcc/arm-none-eabi/9.2.1/../../../../arm-none-eabi/lib/thumb/v7e-m+fp/hard/libc_nano.a(lib_a-lock.o)
 .ARM.attributes
                0x000000000000079c       0x34 /home/chris/opt/STM32CubeIDE/st/stm32cubeide_1.2.0/plugins/com.st.stm32cube.ide.mcu.externaltools.gnu-arm-embedded.7-2018-q2-update.linux64_1.4.0.202007081208/tools/bin/../lib/gcc/arm-none-eabi/9.2.1/../../../../arm-none-eabi/lib/thumb/v7e-m+fp/hard/libc_nano.a(lib_a-nano-mallocr.o)
 .ARM.attributes
                0x00000000000007d0       0x34 /home/chris/opt/STM32CubeIDE/st/stm32cubeide_1.2.0/plugins/com.st.stm32cube.ide.mcu.externaltools.gnu-arm-embedded.7-2018-q2-update.linux64_1.4.0.202007081208/tools/bin/../lib/gcc/arm-none-eabi/9.2.1/../../../../arm-none-eabi/lib/thumb/v7e-m+fp/hard/libc_nano.a(lib_a-nano-vfprintf.o)
 .ARM.attributes
                0x0000000000000804       0x34 /home/chris/opt/STM32CubeIDE/st/stm32cubeide_1.2.0/plugins/com.st.stm32cube.ide.mcu.externaltools.gnu-arm-embedded.7-2018-q2-update.linux64_1.4.0.202007081208/tools/bin/../lib/gcc/arm-none-eabi/9.2.1/../../../../arm-none-eabi/lib/thumb/v7e-m+fp/hard/libc_nano.a(lib_a-nano-vfprintf_i.o)
 .ARM.attributes
                0x0000000000000838       0x34 /home/chris/opt/STM32CubeIDE/st/stm32cubeide_1.2.0/plugins/com.st.stm32cube.ide.mcu.externaltools.gnu-arm-embedded.7-2018-q2-update.linux64_1.4.0.202007081208/tools/bin/../lib/gcc/arm-none-eabi/9.2.1/../../../../arm-none-eabi/lib/thumb/v7e-m+fp/hard/libc_nano.a(lib_a-sbrkr.o)
 .ARM.attributes
                0x000000000000086c       0x34 /home/chris/opt/STM32CubeIDE/st/stm32cubeide_1.2.0/plugins/com.st.stm32cube.ide.mcu.externaltools.gnu-arm-embedded.7-2018-q2-update.linux64_1.4.0.202007081208/tools/bin/../lib/gcc/arm-none-eabi/9.2.1/../../../../arm-none-eabi/lib/thumb/v7e-m+fp/hard/libc_nano.a(lib_a-stdio.o)
 .ARM.attributes
                0x00000000000008a0       0x34 /home/chris/opt/STM32CubeIDE/st/stm32cubeide_1.2.0/plugins/com.st.stm32cube.ide.mcu.externaltools.gnu-arm-embedded.7-2018-q2-update.linux64_1.4.0.202007081208/tools/bin/../lib/gcc/arm-none-eabi/9.2.1/../../../../arm-none-eabi/lib/thumb/v7e-m+fp/hard/libc_nano.a(lib_a-wbuf.o)
 .ARM.attributes
                0x00000000000008d4       0x34 /home/chris/opt/STM32CubeIDE/st/stm32cubeide_1.2.0/plugins/com.st.stm32cube.ide.mcu.externaltools.gnu-arm-embedded.7-2018-q2-update.linux64_1.4.0.202007081208/tools/bin/../lib/gcc/arm-none-eabi/9.2.1/../../../../arm-none-eabi/lib/thumb/v7e-m+fp/hard/libc_nano.a(lib_a-writer.o)
 .ARM.attributes
                0x0000000000000908       0x34 /home/chris/opt/STM32CubeIDE/st/stm32cubeide_1.2.0/plugins/com.st.stm32cube.ide.mcu.externaltools.gnu-arm-embedded.7-2018-q2-update.linux64_1.4.0.202007081208/tools/bin/../lib/gcc/arm-none-eabi/9.2.1/../../../../arm-none-eabi/lib/thumb/v7e-m+fp/hard/libc_nano.a(lib_a-wsetup.o)
 .ARM.attributes
                0x000000000000093c       0x34 /home/chris/opt/STM32CubeIDE/st/stm32cubeide_1.2.0/plugins/com.st.stm32cube.ide.mcu.externaltools.gnu-arm-embedded.7-2018-q2-update.linux64_1.4.0.202007081208/tools/bin/../lib/gcc/arm-none-eabi/9.2.1/../../../../arm-none-eabi/lib/thumb/v7e-m+fp/hard/libc_nano.a(lib_a-closer.o)
 .ARM.attributes
                0x0000000000000970       0x34 /home/chris/opt/STM32CubeIDE/st/stm32cubeide_1.2.0/plugins/com.st.stm32cube.ide.mcu.externaltools.gnu-arm-embedded.7-2018-q2-update.linux64_1.4.0.202007081208/tools/bin/../lib/gcc/arm-none-eabi/9.2.1/../../../../arm-none-eabi/lib/thumb/v7e-m+fp/hard/libc_nano.a(lib_a-fflush.o)
 .ARM.attributes
                0x00000000000009a4       0x34 /home/chris/opt/STM32CubeIDE/st/stm32cubeide_1.2.0/plugins/com.st.stm32cube.ide.mcu.externaltools.gnu-arm-embedded.7-2018-q2-update.linux64_1.4.0.202007081208/tools/bin/../lib/gcc/arm-none-eabi/9.2.1/../../../../arm-none-eabi/lib/thumb/v7e-m+fp/hard/libc_nano.a(lib_a-lseekr.o)
 .ARM.attributes
                0x00000000000009d8       0x34 /home/chris/opt/STM32CubeIDE/st/stm32cubeide_1.2.0/plugins/com.st.stm32cube.ide.mcu.externaltools.gnu-arm-embedded.7-2018-q2-update.linux64_1.4.0.202007081208/tools/bin/../lib/gcc/arm-none-eabi/9.2.1/../../../../arm-none-eabi/lib/thumb/v7e-m+fp/hard/libc_nano.a(lib_a-makebuf.o)
 .ARM.attributes
                0x0000000000000a0c       0x1c /home/chris/opt/STM32CubeIDE/st/stm32cubeide_1.2.0/plugins/com.st.stm32cube.ide.mcu.externaltools.gnu-arm-embedded.7-2018-q2-update.linux64_1.4.0.202007081208/tools/bin/../lib/gcc/arm-none-eabi/9.2.1/../../../../arm-none-eabi/lib/thumb/v7e-m+fp/hard/libc_nano.a(lib_a-memchr.o)
 .ARM.attributes
                0x0000000000000a28       0x34 /home/chris/opt/STM32CubeIDE/st/stm32cubeide_1.2.0/plugins/com.st.stm32cube.ide.mcu.externaltools.gnu-arm-embedded.7-2018-q2-update.linux64_1.4.0.202007081208/tools/bin/../lib/gcc/arm-none-eabi/9.2.1/../../../../arm-none-eabi/lib/thumb/v7e-m+fp/hard/libc_nano.a(lib_a-mlock.o)
 .ARM.attributes
                0x0000000000000a5c       0x34 /home/chris/opt/STM32CubeIDE/st/stm32cubeide_1.2.0/plugins/com.st.stm32cube.ide.mcu.externaltools.gnu-arm-embedded.7-2018-q2-update.linux64_1.4.0.202007081208/tools/bin/../lib/gcc/arm-none-eabi/9.2.1/../../../../arm-none-eabi/lib/thumb/v7e-m+fp/hard/libc_nano.a(lib_a-nano-freer.o)
 .ARM.attributes
                0x0000000000000a90       0x34 /home/chris/opt/STM32CubeIDE/st/stm32cubeide_1.2.0/plugins/com.st.stm32cube.ide.mcu.externaltools.gnu-arm-embedded.7-2018-q2-update.linux64_1.4.0.202007081208/tools/bin/../lib/gcc/arm-none-eabi/9.2.1/../../../../arm-none-eabi/lib/thumb/v7e-m+fp/hard/libc_nano.a(lib_a-readr.o)
 .ARM.attributes
                0x0000000000000ac4       0x34 /home/chris/opt/STM32CubeIDE/st/stm32cubeide_1.2.0/plugins/com.st.stm32cube.ide.mcu.externaltools.gnu-arm-embedded.7-2018-q2-update.linux64_1.4.0.202007081208/tools/bin/../lib/gcc/arm-none-eabi/9.2.1/../../../../arm-none-eabi/lib/thumb/v7e-m+fp/hard/libc_nano.a(lib_a-reent.o)
 .ARM.attributes
                0x0000000000000af8       0x34 /home/chris/opt/STM32CubeIDE/st/stm32cubeide_1.2.0/plugins/com.st.stm32cube.ide.mcu.externaltools.gnu-arm-embedded.7-2018-q2-update.linux64_1.4.0.202007081208/tools/bin/../lib/gcc/arm-none-eabi/9.2.1/../../../../arm-none-eabi/lib/thumb/v7e-m+fp/hard/libc_nano.a(lib_a-fstatr.o)
 .ARM.attributes
                0x0000000000000b2c       0x34 /home/chris/opt/STM32CubeIDE/st/stm32cubeide_1.2.0/plugins/com.st.stm32cube.ide.mcu.externaltools.gnu-arm-embedded.7-2018-q2-update.linux64_1.4.0.202007081208/tools/bin/../lib/gcc/arm-none-eabi/9.2.1/../../../../arm-none-eabi/lib/thumb/v7e-m+fp/hard/libc_nano.a(lib_a-isattyr.o)
 .ARM.attributes
                0x0000000000000b60       0x1e /home/chris/opt/STM32CubeIDE/st/stm32cubeide_1.2.0/plugins/com.st.stm32cube.ide.mcu.externaltools.gnu-arm-embedded.7-2018-q2-update.linux64_1.4.0.202007081208/tools/bin/../lib/gcc/arm-none-eabi/9.2.1/thumb/v7e-m+fp/hard/libgcc.a(_aeabi_uldivmod.o)
 .ARM.attributes
                0x0000000000000b7e       0x34 /home/chris/opt/STM32CubeIDE/st/stm32cubeide_1.2.0/plugins/com.st.stm32cube.ide.mcu.externaltools.gnu-arm-embedded.7-2018-q2-update.linux64_1.4.0.202007081208/tools/bin/../lib/gcc/arm-none-eabi/9.2.1/thumb/v7e-m+fp/hard/libgcc.a(_udivmoddi4.o)
 .ARM.attributes
                0x0000000000000bb2       0x1e /home/chris/opt/STM32CubeIDE/st/stm32cubeide_1.2.0/plugins/com.st.stm32cube.ide.mcu.externaltools.gnu-arm-embedded.7-2018-q2-update.linux64_1.4.0.202007081208/tools/bin/../lib/gcc/arm-none-eabi/9.2.1/thumb/v7e-m+fp/hard/libgcc.a(_dvmd_tls.o)
 .ARM.attributes
                0x0000000000000bd0       0x1e /home/chris/opt/STM32CubeIDE/st/stm32cubeide_1.2.0/plugins/com.st.stm32cube.ide.mcu.externaltools.gnu-arm-embedded.7-2018-q2-update.linux64_1.4.0.202007081208/tools/bin/../lib/gcc/arm-none-eabi/9.2.1/thumb/v7e-m+fp/hard/crtn.o
OUTPUT(F405_LQFP64.elf elf32-littlearm)

.debug_info     0x0000000000000000    0x18a65
 .debug_info    0x0000000000000000     0x14b0 Core/Src/adc.o
 .debug_info    0x00000000000014b0      0xfb9 Core/Src/dma.o
 .debug_info    0x0000000000002469     0x111a Core/Src/gpio.o
 .debug_info    0x0000000000003583     0x147c Core/Src/i2s.o
 .debug_info    0x00000000000049ff     0x1d76 Core/Src/main.o
 .debug_info    0x0000000000006775      0xda6 Core/Src/stm32f4xx_hal_msp.o
 .debug_info    0x000000000000751b     0x129a Core/Src/stm32f4xx_it.o
 .debug_info    0x00000000000087b5      0xf5c Core/Src/syscalls.o
 .debug_info    0x0000000000009711      0xa25 Core/Src/sysmem.o
 .debug_info    0x000000000000a136      0x5a4 Core/Src/system_stm32f4xx.o
 .debug_info    0x000000000000a6da     0x1546 Core/Src/tim.o
 .debug_info    0x000000000000bc20     0x1231 Core/Src/user_input.o
 .debug_info    0x000000000000ce51       0x22 Core/Startup/startup_stm32f405rgtx.o
 .debug_info    0x000000000000ce73      0x9a0 Drivers/STM32F4xx_HAL_Driver/Src/stm32f4xx_hal.o
 .debug_info    0x000000000000d813      0xdbc Drivers/STM32F4xx_HAL_Driver/Src/stm32f4xx_hal_adc.o
 .debug_info    0x000000000000e5cf      0xec5 Drivers/STM32F4xx_HAL_Driver/Src/stm32f4xx_hal_cortex.o
 .debug_info    0x000000000000f494      0x9f1 Drivers/STM32F4xx_HAL_Driver/Src/stm32f4xx_hal_dma.o
 .debug_info    0x000000000000fe85      0x82e Drivers/STM32F4xx_HAL_Driver/Src/stm32f4xx_hal_gpio.o
 .debug_info    0x00000000000106b3      0xf30 Drivers/STM32F4xx_HAL_Driver/Src/stm32f4xx_hal_i2s.o
 .debug_info    0x00000000000115e3      0xc22 Drivers/STM32F4xx_HAL_Driver/Src/stm32f4xx_hal_i2s_ex.o
 .debug_info    0x0000000000012205      0x996 Drivers/STM32F4xx_HAL_Driver/Src/stm32f4xx_hal_rcc.o
 .debug_info    0x0000000000012b9b      0x603 Drivers/STM32F4xx_HAL_Driver/Src/stm32f4xx_hal_rcc_ex.o
 .debug_info    0x000000000001319e     0x26cd Drivers/STM32F4xx_HAL_Driver/Src/stm32f4xx_hal_tim.o
 .debug_info    0x000000000001586b     0x125f Drivers/STM32F4xx_HAL_Driver/Src/stm32f4xx_hal_tim_ex.o
 .debug_info    0x0000000000016aca     0x1ba6 /home/chris/Projects/Embedded/CirrusDspFFTPedal_SW/SeggerRTTLib/Debug/libSeggerRTTLib.a(SEGGER_RTT.o)
 .debug_info    0x0000000000018670      0x1a3 /home/chris/Projects/Lib/CMSIS_4/CMSIS/Lib/GCC/libarm_cortexM4lf_math.a(arm_biquad_cascade_df1_init_f32.o)
 .debug_info    0x0000000000018813      0x252 /home/chris/Projects/Lib/CMSIS_4/CMSIS/Lib/GCC/libarm_cortexM4lf_math.a(arm_biquad_cascade_df1_f32.o)

.debug_abbrev   0x0000000000000000     0x36db
 .debug_abbrev  0x0000000000000000      0x23a Core/Src/adc.o
 .debug_abbrev  0x000000000000023a      0x1f4 Core/Src/dma.o
 .debug_abbrev  0x000000000000042e      0x1f4 Core/Src/gpio.o
 .debug_abbrev  0x0000000000000622      0x23a Core/Src/i2s.o
 .debug_abbrev  0x000000000000085c      0x33a Core/Src/main.o
 .debug_abbrev  0x0000000000000b96      0x1eb Core/Src/stm32f4xx_hal_msp.o
 .debug_abbrev  0x0000000000000d81      0x20d Core/Src/stm32f4xx_it.o
 .debug_abbrev  0x0000000000000f8e      0x297 Core/Src/syscalls.o
 .debug_abbrev  0x0000000000001225      0x1bf Core/Src/sysmem.o
 .debug_abbrev  0x00000000000013e4      0x145 Core/Src/system_stm32f4xx.o
 .debug_abbrev  0x0000000000001529      0x238 Core/Src/tim.o
 .debug_abbrev  0x0000000000001761      0x204 Core/Src/user_input.o
 .debug_abbrev  0x0000000000001965       0x12 Core/Startup/startup_stm32f405rgtx.o
 .debug_abbrev  0x0000000000001977      0x1ed Drivers/STM32F4xx_HAL_Driver/Src/stm32f4xx_hal.o
 .debug_abbrev  0x0000000000001b64      0x22f Drivers/STM32F4xx_HAL_Driver/Src/stm32f4xx_hal_adc.o
 .debug_abbrev  0x0000000000001d93      0x33c Drivers/STM32F4xx_HAL_Driver/Src/stm32f4xx_hal_cortex.o
 .debug_abbrev  0x00000000000020cf      0x259 Drivers/STM32F4xx_HAL_Driver/Src/stm32f4xx_hal_dma.o
 .debug_abbrev  0x0000000000002328      0x1f1 Drivers/STM32F4xx_HAL_Driver/Src/stm32f4xx_hal_gpio.o
 .debug_abbrev  0x0000000000002519      0x245 Drivers/STM32F4xx_HAL_Driver/Src/stm32f4xx_hal_i2s.o
 .debug_abbrev  0x000000000000275e      0x276 Drivers/STM32F4xx_HAL_Driver/Src/stm32f4xx_hal_i2s_ex.o
 .debug_abbrev  0x00000000000029d4      0x275 Drivers/STM32F4xx_HAL_Driver/Src/stm32f4xx_hal_rcc.o
 .debug_abbrev  0x0000000000002c49      0x18f Drivers/STM32F4xx_HAL_Driver/Src/stm32f4xx_hal_rcc_ex.o
 .debug_abbrev  0x0000000000002dd8      0x25e Drivers/STM32F4xx_HAL_Driver/Src/stm32f4xx_hal_tim.o
 .debug_abbrev  0x0000000000003036      0x24c Drivers/STM32F4xx_HAL_Driver/Src/stm32f4xx_hal_tim_ex.o
 .debug_abbrev  0x0000000000003282      0x2a9 /home/chris/Projects/Embedded/CirrusDspFFTPedal_SW/SeggerRTTLib/Debug/libSeggerRTTLib.a(SEGGER_RTT.o)
 .debug_abbrev  0x000000000000352b       0xd9 /home/chris/Projects/Lib/CMSIS_4/CMSIS/Lib/GCC/libarm_cortexM4lf_math.a(arm_biquad_cascade_df1_init_f32.o)
 .debug_abbrev  0x0000000000003604       0xd7 /home/chris/Projects/Lib/CMSIS_4/CMSIS/Lib/GCC/libarm_cortexM4lf_math.a(arm_biquad_cascade_df1_f32.o)

.debug_aranges  0x0000000000000000      0xfb8
 .debug_aranges
                0x0000000000000000       0x30 Core/Src/adc.o
 .debug_aranges
                0x0000000000000030       0x20 Core/Src/dma.o
 .debug_aranges
                0x0000000000000050       0x20 Core/Src/gpio.o
 .debug_aranges
                0x0000000000000070       0x30 Core/Src/i2s.o
 .debug_aranges
                0x00000000000000a0       0x58 Core/Src/main.o
 .debug_aranges
                0x00000000000000f8       0x20 Core/Src/stm32f4xx_hal_msp.o
 .debug_aranges
                0x0000000000000118       0x88 Core/Src/stm32f4xx_it.o
 .debug_aranges
                0x00000000000001a0       0xa0 Core/Src/syscalls.o
 .debug_aranges
                0x0000000000000240       0x20 Core/Src/sysmem.o
 .debug_aranges
                0x0000000000000260       0x28 Core/Src/system_stm32f4xx.o
 .debug_aranges
                0x0000000000000288       0x30 Core/Src/tim.o
 .debug_aranges
                0x00000000000002b8       0x30 Core/Src/user_input.o
 .debug_aranges
                0x00000000000002e8       0x28 Core/Startup/startup_stm32f405rgtx.o
 .debug_aranges
                0x0000000000000310       0xf0 Drivers/STM32F4xx_HAL_Driver/Src/stm32f4xx_hal.o
 .debug_aranges
                0x0000000000000400       0xe8 Drivers/STM32F4xx_HAL_Driver/Src/stm32f4xx_hal_adc.o
 .debug_aranges
                0x00000000000004e8      0x118 Drivers/STM32F4xx_HAL_Driver/Src/stm32f4xx_hal_cortex.o
 .debug_aranges
                0x0000000000000600       0x90 Drivers/STM32F4xx_HAL_Driver/Src/stm32f4xx_hal_dma.o
 .debug_aranges
                0x0000000000000690       0x58 Drivers/STM32F4xx_HAL_Driver/Src/stm32f4xx_hal_gpio.o
 .debug_aranges
                0x00000000000006e8      0x108 Drivers/STM32F4xx_HAL_Driver/Src/stm32f4xx_hal_i2s.o
 .debug_aranges
                0x00000000000007f0       0x88 Drivers/STM32F4xx_HAL_Driver/Src/stm32f4xx_hal_i2s_ex.o
 .debug_aranges
                0x0000000000000878       0x88 Drivers/STM32F4xx_HAL_Driver/Src/stm32f4xx_hal_rcc.o
 .debug_aranges
                0x0000000000000900       0x48 Drivers/STM32F4xx_HAL_Driver/Src/stm32f4xx_hal_rcc_ex.o
 .debug_aranges
                0x0000000000000948      0x3a8 Drivers/STM32F4xx_HAL_Driver/Src/stm32f4xx_hal_tim.o
 .debug_aranges
                0x0000000000000cf0      0x150 Drivers/STM32F4xx_HAL_Driver/Src/stm32f4xx_hal_tim_ex.o
 .debug_aranges
                0x0000000000000e40      0x138 /home/chris/Projects/Embedded/CirrusDspFFTPedal_SW/SeggerRTTLib/Debug/libSeggerRTTLib.a(SEGGER_RTT.o)
 .debug_aranges
                0x0000000000000f78       0x20 /home/chris/Projects/Lib/CMSIS_4/CMSIS/Lib/GCC/libarm_cortexM4lf_math.a(arm_biquad_cascade_df1_init_f32.o)
 .debug_aranges
                0x0000000000000f98       0x20 /home/chris/Projects/Lib/CMSIS_4/CMSIS/Lib/GCC/libarm_cortexM4lf_math.a(arm_biquad_cascade_df1_f32.o)

.debug_ranges   0x0000000000000000      0xe10
 .debug_ranges  0x0000000000000000       0x20 Core/Src/adc.o
 .debug_ranges  0x0000000000000020       0x10 Core/Src/dma.o
 .debug_ranges  0x0000000000000030       0x10 Core/Src/gpio.o
 .debug_ranges  0x0000000000000040       0x20 Core/Src/i2s.o
 .debug_ranges  0x0000000000000060       0x48 Core/Src/main.o
 .debug_ranges  0x00000000000000a8       0x10 Core/Src/stm32f4xx_hal_msp.o
 .debug_ranges  0x00000000000000b8       0x78 Core/Src/stm32f4xx_it.o
 .debug_ranges  0x0000000000000130       0x90 Core/Src/syscalls.o
 .debug_ranges  0x00000000000001c0       0x10 Core/Src/sysmem.o
 .debug_ranges  0x00000000000001d0       0x18 Core/Src/system_stm32f4xx.o
 .debug_ranges  0x00000000000001e8       0x20 Core/Src/tim.o
 .debug_ranges  0x0000000000000208       0x20 Core/Src/user_input.o
 .debug_ranges  0x0000000000000228       0x20 Core/Startup/startup_stm32f405rgtx.o
 .debug_ranges  0x0000000000000248       0xe0 Drivers/STM32F4xx_HAL_Driver/Src/stm32f4xx_hal.o
 .debug_ranges  0x0000000000000328       0xd8 Drivers/STM32F4xx_HAL_Driver/Src/stm32f4xx_hal_adc.o
 .debug_ranges  0x0000000000000400      0x108 Drivers/STM32F4xx_HAL_Driver/Src/stm32f4xx_hal_cortex.o
 .debug_ranges  0x0000000000000508       0x80 Drivers/STM32F4xx_HAL_Driver/Src/stm32f4xx_hal_dma.o
 .debug_ranges  0x0000000000000588       0x48 Drivers/STM32F4xx_HAL_Driver/Src/stm32f4xx_hal_gpio.o
 .debug_ranges  0x00000000000005d0       0xf8 Drivers/STM32F4xx_HAL_Driver/Src/stm32f4xx_hal_i2s.o
 .debug_ranges  0x00000000000006c8       0x78 Drivers/STM32F4xx_HAL_Driver/Src/stm32f4xx_hal_i2s_ex.o
 .debug_ranges  0x0000000000000740       0x78 Drivers/STM32F4xx_HAL_Driver/Src/stm32f4xx_hal_rcc.o
 .debug_ranges  0x00000000000007b8       0x38 Drivers/STM32F4xx_HAL_Driver/Src/stm32f4xx_hal_rcc_ex.o
 .debug_ranges  0x00000000000007f0      0x398 Drivers/STM32F4xx_HAL_Driver/Src/stm32f4xx_hal_tim.o
 .debug_ranges  0x0000000000000b88      0x140 Drivers/STM32F4xx_HAL_Driver/Src/stm32f4xx_hal_tim_ex.o
 .debug_ranges  0x0000000000000cc8      0x128 /home/chris/Projects/Embedded/CirrusDspFFTPedal_SW/SeggerRTTLib/Debug/libSeggerRTTLib.a(SEGGER_RTT.o)
 .debug_ranges  0x0000000000000df0       0x10 /home/chris/Projects/Lib/CMSIS_4/CMSIS/Lib/GCC/libarm_cortexM4lf_math.a(arm_biquad_cascade_df1_init_f32.o)
 .debug_ranges  0x0000000000000e00       0x10 /home/chris/Projects/Lib/CMSIS_4/CMSIS/Lib/GCC/libarm_cortexM4lf_math.a(arm_biquad_cascade_df1_f32.o)

.debug_macro    0x0000000000000000    0x23f94
 .debug_macro   0x0000000000000000      0x3ac Core/Src/adc.o
 .debug_macro   0x00000000000003ac      0xaae Core/Src/adc.o
 .debug_macro   0x0000000000000e5a      0x29a Core/Src/adc.o
 .debug_macro   0x00000000000010f4       0x2e Core/Src/adc.o
 .debug_macro   0x0000000000001122       0x2f Core/Src/adc.o
 .debug_macro   0x0000000000001151       0x22 Core/Src/adc.o
 .debug_macro   0x0000000000001173       0x8e Core/Src/adc.o
 .debug_macro   0x0000000000001201       0x51 Core/Src/adc.o
 .debug_macro   0x0000000000001252       0xef Core/Src/adc.o
 .debug_macro   0x0000000000001341       0x6a Core/Src/adc.o
 .debug_macro   0x00000000000013ab      0x1df Core/Src/adc.o
 .debug_macro   0x000000000000158a       0x1c Core/Src/adc.o
 .debug_macro   0x00000000000015a6       0x22 Core/Src/adc.o
 .debug_macro   0x00000000000015c8       0xdf Core/Src/adc.o
 .debug_macro   0x00000000000016a7     0x102d Core/Src/adc.o
 .debug_macro   0x00000000000026d4      0x11f Core/Src/adc.o
 .debug_macro   0x00000000000027f3    0x14251 Core/Src/adc.o
 .debug_macro   0x0000000000016a44       0x43 Core/Src/adc.o
 .debug_macro   0x0000000000016a87     0x3659 Core/Src/adc.o
 .debug_macro   0x000000000001a0e0      0x174 Core/Src/adc.o
 .debug_macro   0x000000000001a254       0x5a Core/Src/adc.o
 .debug_macro   0x000000000001a2ae      0x8a7 Core/Src/adc.o
 .debug_macro   0x000000000001ab55      0x9fe Core/Src/adc.o
 .debug_macro   0x000000000001b553      0x117 Core/Src/adc.o
 .debug_macro   0x000000000001b66a      0x130 Core/Src/adc.o
 .debug_macro   0x000000000001b79a       0x27 Core/Src/adc.o
 .debug_macro   0x000000000001b7c1      0x174 Core/Src/adc.o
 .debug_macro   0x000000000001b935      0x287 Core/Src/adc.o
 .debug_macro   0x000000000001bbbc       0x5f Core/Src/adc.o