15:23:07 **** Build of configuration Debug for project SeggerRTTLib ****
make -j4 all 
arm-none-eabi-gcc "../Src/syscalls.c" -mcpu=cortex-m4 -std=gnu11 -g3 -DSTM32F405xx -DUSE_HAL_DRIVER -DDEBUG -c -I../Drivers/CMSIS/Device/ST/STM32F4xx/Include -I../Drivers/CMSIS/Include -I../Inc -I../Drivers/STM32F4xx_HAL_Driver/Inc -I../Drivers/STM32F4xx_HAL_Driver/Inc/Legacy -I"/home/chris/Projects/EmbeddedSw/CirrusDspFFTPedal_SW/SeggerRTTLib/RTT" -O0 -ffunction-sections -fdata-sections -Wall -fstack-usage -MMD -MP -MF"Src/syscalls.d" -MT"Src/syscalls.o" --specs=nano.specs -mfpu=fpv4-sp-d16 -mfloat-abi=hard -mthumb -o "Src/syscalls.o"
arm-none-eabi-gcc "../Src/sysmem.c" -mcpu=cortex-m4 -std=gnu11 -g3 -DSTM32F405xx -DUSE_HAL_DRIVER -DDEBUG -c -I../Drivers/CMSIS/Device/ST/STM32F4xx/Include -I../Drivers/CMSIS/Include -I../Inc -I../Drivers/STM32F4xx_HAL_Driver/Inc -I../Drivers/STM32F4xx_HAL_Driver/Inc/Legacy -I"/home/chris/Projects/EmbeddedSw/CirrusDspFFTPedal_SW/SeggerRTTLib/RTT" -O0 -ffunction-sections -fdata-sections -Wall -fstack-usage -MMD -MP -MF"Src/sysmem.d" -MT"Src/sysmem.o" --specs=nano.specs -mfpu=fpv4-sp-d16 -mfloat-abi=hard -mthumb -o "Src/sysmem.o"
arm-none-eabi-gcc "../RTT/SEGGER_RTT.c" -mcpu=cortex-m4 -std=gnu11 -g3 -DSTM32F405xx -DUSE_HAL_DRIVER -DDEBUG -c -I../Drivers/CMSIS/Device/ST/STM32F4xx/Include -I../Drivers/CMSIS/Include -I../Inc -I../Drivers/STM32F4xx_HAL_Driver/Inc -I../Drivers/STM32F4xx_HAL_Driver/Inc/Legacy -I"/home/chris/Projects/EmbeddedSw/CirrusDspFFTPedal_SW/SeggerRTTLib/RTT" -O0 -ffunction-sections -fdata-sections -Wall -fstack-usage -MMD -MP -MF"RTT/SEGGER_RTT.d" -MT"RTT/SEGGER_RTT.o" --specs=nano.specs -mfpu=fpv4-sp-d16 -mfloat-abi=hard -mthumb -o "RTT/SEGGER_RTT.o"
arm-none-eabi-gcc -mcpu=cortex-m4 -g3 -c -x assembler-with-cpp -MMD -MP -MF"RTT/SEGGER_RTT_ASM_ARMv7M.d" -MT"RTT/SEGGER_RTT_ASM_ARMv7M.o" --specs=nano.specs -mfpu=fpv4-sp-d16 -mfloat-abi=hard -mthumb -o "RTT/SEGGER_RTT_ASM_ARMv7M.o" "../RTT/SEGGER_RTT_ASM_ARMv7M.S"
arm-none-eabi-gcc "../RTT/SEGGER_RTT_printf.c" -mcpu=cortex-m4 -std=gnu11 -g3 -DSTM32F405xx -DUSE_HAL_DRIVER -DDEBUG -c -I../Drivers/CMSIS/Device/ST/STM32F4xx/Include -I../Drivers/CMSIS/Include -I../Inc -I../Drivers/STM32F4xx_HAL_Driver/Inc -I../Drivers/STM32F4xx_HAL_Driver/Inc/Legacy -I"/home/chris/Projects/EmbeddedSw/CirrusDspFFTPedal_SW/SeggerRTTLib/RTT" -O0 -ffunction-sections -fdata-sections -Wall -fstack-usage -MMD -MP -MF"RTT/SEGGER_RTT_printf.d" -MT"RTT/SEGGER_RTT_printf.o" --specs=nano.specs -mfpu=fpv4-sp-d16 -mfloat-abi=hard -mthumb -o "RTT/SEGGER_RTT_printf.o"
arm-none-eabi-gcc "../Drivers/CMSIS/Device/ST/STM32F4xx/Source/Templates/system_stm32f4xx.c" -mcpu=cortex-m4 -std=gnu11 -g3 -DSTM32F405xx -DUSE_HAL_DRIVER -DDEBUG -c -I../Drivers/CMSIS/Device/ST/STM32F4xx/Include -I../Drivers/CMSIS/Include -I../Inc -I../Drivers/STM32F4xx_HAL_Driver/Inc -I../Drivers/STM32F4xx_HAL_Driver/Inc/Legacy -I"/home/chris/Projects/EmbeddedSw/CirrusDspFFTPedal_SW/SeggerRTTLib/RTT" -O0 -ffunction-sections -fdata-sections -Wall -fstack-usage -MMD -MP -MF"Drivers/CMSIS/Device/ST/STM32F4xx/Source/Templates/system_stm32f4xx.d" -MT"Drivers/CMSIS/Device/ST/STM32F4xx/Source/Templates/system_stm32f4xx.o" --specs=nano.specs -mfpu=fpv4-sp-d16 -mfloat-abi=hard -mthumb -o "Drivers/CMSIS/Device/ST/STM32F4xx/Source/Templates/system_stm32f4xx.o"
arm-none-eabi-ar -r  "libSeggerRTTLib.a" @"objects.list"  
arm-none-eabi-ar: creating libSeggerRTTLib.a
Finished building target: libSeggerRTTLib.a
 
15:23:08 **** Incremental Build of configuration Debug for project SeggerRTTLib ****
make -j4 all 
make: Nothing to be done for 'all'.
15:23:09 **** Build of configuration Debug for project F405_LQFP64 ****
make -j4 all 
arm-none-eabi-gcc "../Middlewares/Third_Party/FatFs/src/option/syscall.c" -mcpu=cortex-m4 -std=gnu11 -g3 -DSTM32F405xx -DUSE_HAL_DRIVER -DARM_MATH_CM4 -DDEBUG -c -I"/home/chris/Projects/EmbeddedSw/CirrusDspFFTPedal_SW/SeggerRTTLib" -I../Core/Inc -I../Drivers/STM32F4xx_HAL_Driver/Inc -I../Drivers/STM32F4xx_HAL_Driver/Inc/Legacy -I../Drivers/CMSIS/Device/ST/STM32F4xx/Include -I../Drivers/CMSIS/Include -I"/home/chris/Projects/EmbeddedSw/CirrusDspFFTPedal_SW/SeggerRTTLib/RTT" -I../Middlewares/Third_Party/ARM_CMSIS/CMSIS/Core/Include/ -I../Middlewares/Third_Party/ARM_CMSIS/CMSIS/Core_A/Include/ -I../FATFS/Target -I../FATFS/App -I../Middlewares/Third_Party/FatFs/src -I../../../../Lib/CMSIS_4/CMSIS/Include -O0 -ffunction-sections -fdata-sections -Wall -fstack-usage -MMD -MP -MF"Middlewares/Third_Party/FatFs/src/option/syscall.d" -MT"Middlewares/Third_Party/FatFs/src/option/syscall.o" --specs=nano.specs -mfpu=fpv4-sp-d16 -mfloat-abi=hard -mthumb -o "Middlewares/Third_Party/FatFs/src/option/syscall.o"
arm-none-eabi-gcc "../Middlewares/Third_Party/FatFs/src/diskio.c" -mcpu=cortex-m4 -std=gnu11 -g3 -DSTM32F405xx -DUSE_HAL_DRIVER -DARM_MATH_CM4 -DDEBUG -c -I"/home/chris/Projects/EmbeddedSw/CirrusDspFFTPedal_SW/SeggerRTTLib" -I../Core/Inc -I../Drivers/STM32F4xx_HAL_Driver/Inc -I../Drivers/STM32F4xx_HAL_Driver/Inc/Legacy -I../Drivers/CMSIS/Device/ST/STM32F4xx/Include -I../Drivers/CMSIS/Include -I"/home/chris/Projects/EmbeddedSw/CirrusDspFFTPedal_SW/SeggerRTTLib/RTT" -I../Middlewares/Third_Party/ARM_CMSIS/CMSIS/Core/Include/ -I../Middlewares/Third_Party/ARM_CMSIS/CMSIS/Core_A/Include/ -I../FATFS/Target -I../FATFS/App -I../Middlewares/Third_Party/FatFs/src -I../../../../Lib/CMSIS_4/CMSIS/Include -O0 -ffunction-sections -fdata-sections -Wall -fstack-usage -MMD -MP -MF"Middlewares/Third_Party/FatFs/src/diskio.d" -MT"Middlewares/Third_Party/FatFs/src/diskio.o" --specs=nano.specs -mfpu=fpv4-sp-d16 -mfloat-abi=hard -mthumb -o "Middlewares/Third_Party/FatFs/src/diskio.o"
arm-none-eabi-gcc "../Middlewares/Third_Party/FatFs/src/ff.c" -mcpu=cortex-m4 -std=gnu11 -g3 -DSTM32F405xx -DUSE_HAL_DRIVER -DARM_MATH_CM4 -DDEBUG -c -I"/home/chris/Projects/EmbeddedSw/CirrusDspFFTPedal_SW/SeggerRTTLib" -I../Core/Inc -I../Drivers/STM32F4xx_HAL_Driver/Inc -I../Drivers/STM32F4xx_HAL_Driver/Inc/Legacy -I../Drivers/CMSIS/Device/ST/STM32F4xx/Include -I../Drivers/CMSIS/Include -I"/home/chris/Projects/EmbeddedSw/CirrusDspFFTPedal_SW/SeggerRTTLib/RTT" -I../Middlewares/Third_Party/ARM_CMSIS/CMSIS/Core/Include/ -I../Middlewares/Third_Party/ARM_CMSIS/CMSIS/Core_A/Include/ -I../FATFS/Target -I../FATFS/App -I../Middlewares/Third_Party/FatFs/src -I../../../../Lib/CMSIS_4/CMSIS/Include -O0 -ffunction-sections -fdata-sections -Wall -fstack-usage -MMD -MP -MF"Middlewares/Third_Party/FatFs/src/ff.d" -MT"Middlewares/Third_Party/FatFs/src/ff.o" --specs=nano.specs -mfpu=fpv4-sp-d16 -mfloat-abi=hard -mthumb -o "Middlewares/Third_Party/FatFs/src/ff.o"
arm-none-eabi-gcc "../Middlewares/Third_Party/FatFs/src/ff_gen_drv.c" -mcpu=cortex-m4 -std=gnu11 -g3 -DSTM32F405xx -DUSE_HAL_DRIVER -DARM_MATH_CM4 -DDEBUG -c -I"/home/chris/Projects/EmbeddedSw/CirrusDspFFTPedal_SW/SeggerRTTLib" -I../Core/Inc -I../Drivers/STM32F4xx_HAL_Driver/Inc -I../Drivers/STM32F4xx_HAL_Driver/Inc/Legacy -I../Drivers/CMSIS/Device/ST/STM32F4xx/Include -I../Drivers/CMSIS/Include -I"/home/chris/Projects/EmbeddedSw/CirrusDspFFTPedal_SW/SeggerRTTLib/RTT" -I../Middlewares/Third_Party/ARM_CMSIS/CMSIS/Core/Include/ -I../Middlewares/Third_Party/ARM_CMSIS/CMSIS/Core_A/Include/ -I../FATFS/Target -I../FATFS/App -I../Middlewares/Third_Party/FatFs/src -I../../../../Lib/CMSIS_4/CMSIS/Include -O0 -ffunction-sections -fdata-sections -Wall -fstack-usage -MMD -MP -MF"Middlewares/Third_Party/FatFs/src/ff_gen_drv.d" -MT"Middlewares/Third_Party/FatFs/src/ff_gen_drv.o" --specs=nano.specs -mfpu=fpv4-sp-d16 -mfloat-abi=hard -mthumb -o "Middlewares/Third_Party/FatFs/src/ff_gen_drv.o"
arm-none-eabi-gcc "../FATFS/Target/bsp_driver_sd.c" -mcpu=cortex-m4 -std=gnu11 -g3 -DSTM32F405xx -DUSE_HAL_DRIVER -DARM_MATH_CM4 -DDEBUG -c -I"/home/chris/Projects/EmbeddedSw/CirrusDspFFTPedal_SW/SeggerRTTLib" -I../Core/Inc -I../Drivers/STM32F4xx_HAL_Driver/Inc -I../Drivers/STM32F4xx_HAL_Driver/Inc/Legacy -I../Drivers/CMSIS/Device/ST/STM32F4xx/Include -I../Drivers/CMSIS/Include -I"/home/chris/Projects/EmbeddedSw/CirrusDspFFTPedal_SW/SeggerRTTLib/RTT" -I../Middlewares/Third_Party/ARM_CMSIS/CMSIS/Core/Include/ -I../Middlewares/Third_Party/ARM_CMSIS/CMSIS/Core_A/Include/ -I../FATFS/Target -I../FATFS/App -I../Middlewares/Third_Party/FatFs/src -I../../../../Lib/CMSIS_4/CMSIS/Include -O0 -ffunction-sections -fdata-sections -Wall -fstack-usage -MMD -MP -MF"FATFS/Target/bsp_driver_sd.d" -MT"FATFS/Target/bsp_driver_sd.o" --specs=nano.specs -mfpu=fpv4-sp-d16 -mfloat-abi=hard -mthumb -o "FATFS/Target/bsp_driver_sd.o"
arm-none-eabi-gcc "../FATFS/Target/fatfs_platform.c" -mcpu=cortex-m4 -std=gnu11 -g3 -DSTM32F405xx -DUSE_HAL_DRIVER -DARM_MATH_CM4 -DDEBUG -c -I"/home/chris/Projects/EmbeddedSw/CirrusDspFFTPedal_SW/SeggerRTTLib" -I../Core/Inc -I../Drivers/STM32F4xx_HAL_Driver/Inc -I../Drivers/STM32F4xx_HAL_Driver/Inc/Legacy -I../Drivers/CMSIS/Device/ST/STM32F4xx/Include -I../Drivers/CMSIS/Include -I"/home/chris/Projects/EmbeddedSw/CirrusDspFFTPedal_SW/SeggerRTTLib/RTT" -I../Middlewares/Third_Party/ARM_CMSIS/CMSIS/Core/Include/ -I../Middlewares/Third_Party/ARM_CMSIS/CMSIS/Core_A/Include/ -I../FATFS/Target -I../FATFS/App -I../Middlewares/Third_Party/FatFs/src -I../../../../Lib/CMSIS_4/CMSIS/Include -O0 -ffunction-sections -fdata-sections -Wall -fstack-usage -MMD -MP -MF"FATFS/Target/fatfs_platform.d" -MT"FATFS/Target/fatfs_platform.o" --specs=nano.specs -mfpu=fpv4-sp-d16 -mfloat-abi=hard -mthumb -o "FATFS/Target/fatfs_platform.o"
arm-none-eabi-gcc "../FATFS/Target/sd_diskio.c" -mcpu=cortex-m4 -std=gnu11 -g3 -DSTM32F405xx -DUSE_HAL_DRIVER -DARM_MATH_CM4 -DDEBUG -c -I"/home/chris/Projects/EmbeddedSw/CirrusDspFFTPedal_SW/SeggerRTTLib" -I../Core/Inc -I../Drivers/STM32F4xx_HAL_Driver/Inc -I../Drivers/STM32F4xx_HAL_Driver/Inc/Legacy -I../Drivers/CMSIS/Device/ST/STM32F4xx/Include -I../Drivers/CMSIS/Include -I"/home/chris/Projects/EmbeddedSw/CirrusDspFFTPedal_SW/SeggerRTTLib/RTT" -I../Middlewares/Third_Party/ARM_CMSIS/CMSIS/Core/Include/ -I../Middlewares/Third_Party/ARM_CMSIS/CMSIS/Core_A/Include/ -I../FATFS/Target -I../FATFS/App -I../Middlewares/Third_Party/FatFs/src -I../../../../Lib/CMSIS_4/CMSIS/Include -O0 -ffunction-sections -fdata-sections -Wall -fstack-usage -MMD -MP -MF"FATFS/Target/sd_diskio.d" -MT"FATFS/Target/sd_diskio.o" --specs=nano.specs -mfpu=fpv4-sp-d16 -mfloat-abi=hard -mthumb -o "FATFS/Target/sd_diskio.o"
arm-none-eabi-gcc "../FATFS/App/fatfs.c" -mcpu=cortex-m4 -std=gnu11 -g3 -DSTM32F405xx -DUSE_HAL_DRIVER -DARM_MATH_CM4 -DDEBUG -c -I"/home/chris/Projects/EmbeddedSw/CirrusDspFFTPedal_SW/SeggerRTTLib" -I../Core/Inc -I../Drivers/STM32F4xx_HAL_Driver/Inc -I../Drivers/STM32F4xx_HAL_Driver/Inc/Legacy -I../Drivers/CMSIS/Device/ST/STM32F4xx/Include -I../Drivers/CMSIS/Include -I"/home/chris/Projects/EmbeddedSw/CirrusDspFFTPedal_SW/SeggerRTTLib/RTT" -I../Middlewares/Third_Party/ARM_CMSIS/CMSIS/Core/Include/ -I../Middlewares/Third_Party/ARM_CMSIS/CMSIS/Core_A/Include/ -I../FATFS/Target -I../FATFS/App -I../Middlewares/Third_Party/FatFs/src -I../../../../Lib/CMSIS_4/CMSIS/Include -O0 -ffunction-sections -fdata-sections -Wall -fstack-usage -MMD -MP -MF"FATFS/App/fatfs.d" -MT"FATFS/App/fatfs.o" --specs=nano.specs -mfpu=fpv4-sp-d16 -mfloat-abi=hard -mthumb -o "FATFS/App/fatfs.o"
arm-none-eabi-gcc "../Drivers/STM32F4xx_HAL_Driver/Src/stm32f4xx_hal.c" -mcpu=cortex-m4 -std=gnu11 -g3 -DSTM32F405xx -DUSE_HAL_DRIVER -DARM_MATH_CM4 -DDEBUG -c -I"/home/chris/Projects/EmbeddedSw/CirrusDspFFTPedal_SW/SeggerRTTLib" -I../Core/Inc -I../Drivers/STM32F4xx_HAL_Driver/Inc -I../Drivers/STM32F4xx_HAL_Driver/Inc/Legacy -I../Drivers/CMSIS/Device/ST/STM32F4xx/Include -I../Drivers/CMSIS/Include -I"/home/chris/Projects/EmbeddedSw/CirrusDspFFTPedal_SW/SeggerRTTLib/RTT" -I../Middlewares/Third_Party/ARM_CMSIS/CMSIS/Core/Include/ -I../Middlewares/Third_Party/ARM_CMSIS/CMSIS/Core_A/Include/ -I../FATFS/Target -I../FATFS/App -I../Middlewares/Third_Party/FatFs/src -I../../../../Lib/CMSIS_4/CMSIS/Include -O0 -ffunction-sections -fdata-sections -Wall -fstack-usage -MMD -MP -MF"Drivers/STM32F4xx_HAL_Driver/Src/stm32f4xx_hal.d" -MT"Drivers/STM32F4xx_HAL_Driver/Src/stm32f4xx_hal.o" --specs=nano.specs -mfpu=fpv4-sp-d16 -mfloat-abi=hard -mthumb -o "Drivers/STM32F4xx_HAL_Driver/Src/stm32f4xx_hal.o"
arm-none-eabi-gcc "../Drivers/STM32F4xx_HAL_Driver/Src/stm32f4xx_hal_adc.c" -mcpu=cortex-m4 -std=gnu11 -g3 -DSTM32F405xx -DUSE_HAL_DRIVER -DARM_MATH_CM4 -DDEBUG -c -I"/home/chris/Projects/EmbeddedSw/CirrusDspFFTPedal_SW/SeggerRTTLib" -I../Core/Inc -I../Drivers/STM32F4xx_HAL_Driver/Inc -I../Drivers/STM32F4xx_HAL_Driver/Inc/Legacy -I../Drivers/CMSIS/Device/ST/STM32F4xx/Include -I../Drivers/CMSIS/Include -I"/home/chris/Projects/EmbeddedSw/CirrusDspFFTPedal_SW/SeggerRTTLib/RTT" -I../Middlewares/Third_Party/ARM_CMSIS/CMSIS/Core/Include/ -I../Middlewares/Third_Party/ARM_CMSIS/CMSIS/Core_A/Include/ -I../FATFS/Target -I../FATFS/App -I../Middlewares/Third_Party/FatFs/src -I../../../../Lib/CMSIS_4/CMSIS/Include -O0 -ffunction-sections -fdata-sections -Wall -fstack-usage -MMD -MP -MF"Drivers/STM32F4xx_HAL_Driver/Src/stm32f4xx_hal_adc.d" -MT"Drivers/STM32F4xx_HAL_Driver/Src/stm32f4xx_hal_adc.o" --specs=nano.specs -mfpu=fpv4-sp-d16 -mfloat-abi=hard -mthumb -o "Drivers/STM32F4xx_HAL_Driver/Src/stm32f4xx_hal_adc.o"
arm-none-eabi-gcc "../Drivers/STM32F4xx_HAL_Driver/Src/stm32f4xx_hal_adc_ex.c" -mcpu=cortex-m4 -std=gnu11 -g3 -DSTM32F405xx -DUSE_HAL_DRIVER -DARM_MATH_CM4 -DDEBUG -c -I"/home/chris/Projects/EmbeddedSw/CirrusDspFFTPedal_SW/SeggerRTTLib" -I../Core/Inc -I../Drivers/STM32F4xx_HAL_Driver/Inc -I../Drivers/STM32F4xx_HAL_Driver/Inc/Legacy -I../Drivers/CMSIS/Device/ST/STM32F4xx/Include -I../Drivers/CMSIS/Include -I"/home/chris/Projects/EmbeddedSw/CirrusDspFFTPedal_SW/SeggerRTTLib/RTT" -I../Middlewares/Third_Party/ARM_CMSIS/CMSIS/Core/Include/ -I../Middlewares/Third_Party/ARM_CMSIS/CMSIS/Core_A/Include/ -I../FATFS/Target -I../FATFS/App -I../Middlewares/Third_Party/FatFs/src -I../../../../Lib/CMSIS_4/CMSIS/Include -O0 -ffunction-sections -fdata-sections -Wall -fstack-usage -MMD -MP -MF"Drivers/STM32F4xx_HAL_Driver/Src/stm32f4xx_hal_adc_ex.d" -MT"Drivers/STM32F4xx_HAL_Driver/Src/stm32f4xx_hal_adc_ex.o" --specs=nano.specs -mfpu=fpv4-sp-d16 -mfloat-abi=hard -mthumb -o "Drivers/STM32F4xx_HAL_Driver/Src/stm32f4xx_hal_adc_ex.o"
arm-none-eabi-gcc "../Drivers/STM32F4xx_HAL_Driver/Src/stm32f4xx_hal_cortex.c" -mcpu=cortex-m4 -std=gnu11 -g3 -DSTM32F405xx -DUSE_HAL_DRIVER -DARM_MATH_CM4 -DDEBUG -c -I"/home/chris/Projects/EmbeddedSw/CirrusDspFFTPedal_SW/SeggerRTTLib" -I../Core/Inc -I../Drivers/STM32F4xx_HAL_Driver/Inc -I../Drivers/STM32F4xx_HAL_Driver/Inc/Legacy -I../Drivers/CMSIS/Device/ST/STM32F4xx/Include -I../Drivers/CMSIS/Include -I"/home/chris/Projects/EmbeddedSw/CirrusDspFFTPedal_SW/SeggerRTTLib/RTT" -I../Middlewares/Third_Party/ARM_CMSIS/CMSIS/Core/Include/ -I../Middlewares/Third_Party/ARM_CMSIS/CMSIS/Core_A/Include/ -I../FATFS/Target -I../FATFS/App -I../Middlewares/Third_Party/FatFs/src -I../../../../Lib/CMSIS_4/CMSIS/Include -O0 -ffunction-sections -fdata-sections -Wall -fstack-usage -MMD -MP -MF"Drivers/STM32F4xx_HAL_Driver/Src/stm32f4xx_hal_cortex.d" -MT"Drivers/STM32F4xx_HAL_Driver/Src/stm32f4xx_hal_cortex.o" --specs=nano.specs -mfpu=fpv4-sp-d16 -mfloat-abi=hard -mthumb -o "Drivers/STM32F4xx_HAL_Driver/Src/stm32f4xx_hal_cortex.o"
arm-none-eabi-gcc "../Drivers/STM32F4xx_HAL_Driver/Src/stm32f4xx_hal_dma.c" -mcpu=cortex-m4 -std=gnu11 -g3 -DSTM32F405xx -DUSE_HAL_DRIVER -DARM_MATH_CM4 -DDEBUG -c -I"/home/chris/Projects/EmbeddedSw/CirrusDspFFTPedal_SW/SeggerRTTLib" -I../Core/Inc -I../Drivers/STM32F4xx_HAL_Driver/Inc -I../Drivers/STM32F4xx_HAL_Driver/Inc/Legacy -I../Drivers/CMSIS/Device/ST/STM32F4xx/Include -I../Drivers/CMSIS/Include -I"/home/chris/Projects/EmbeddedSw/CirrusDspFFTPedal_SW/SeggerRTTLib/RTT" -I../Middlewares/Third_Party/ARM_CMSIS/CMSIS/Core/Include/ -I../Middlewares/Third_Party/ARM_CMSIS/CMSIS/Core_A/Include/ -I../FATFS/Target -I../FATFS/App -I../Middlewares/Third_Party/FatFs/src -I../../../../Lib/CMSIS_4/CMSIS/Include -O0 -ffunction-sections -fdata-sections -Wall -fstack-usage -MMD -MP -MF"Drivers/STM32F4xx_HAL_Driver/Src/stm32f4xx_hal_dma.d" -MT"Drivers/STM32F4xx_HAL_Driver/Src/stm32f4xx_hal_dma.o" --specs=nano.specs -mfpu=fpv4-sp-d16 -mfloat-abi=hard -mthumb -o "Drivers/STM32F4xx_HAL_Driver/Src/stm32f4xx_hal_dma.o"
arm-none-eabi-gcc "../Drivers/STM32F4xx_HAL_Driver/Src/stm32f4xx_hal_dma_ex.c" -mcpu=cortex-m4 -std=gnu11 -g3 -DSTM32F405xx -DUSE_HAL_DRIVER -DARM_MATH_CM4 -DDEBUG -c -I"/home/chris/Projects/EmbeddedSw/CirrusDspFFTPedal_SW/SeggerRTTLib" -I../Core/Inc -I../Drivers/STM32F4xx_HAL_Driver/Inc -I../Drivers/STM32F4xx_HAL_Driver/Inc/Legacy -I../Drivers/CMSIS/Device/ST/STM32F4xx/Include -I../Drivers/CMSIS/Include -I"/home/chris/Projects/EmbeddedSw/CirrusDspFFTPedal_SW/SeggerRTTLib/RTT" -I../Middlewares/Third_Party/ARM_CMSIS/CMSIS/Core/Include/ -I../Middlewares/Third_Party/ARM_CMSIS/CMSIS/Core_A/Include/ -I../FATFS/Target -I../FATFS/App -I../Middlewares/Third_Party/FatFs/src -I../../../../Lib/CMSIS_4/CMSIS/Include -O0 -ffunction-sections -fdata-sections -Wall -fstack-usage -MMD -MP -MF"Drivers/STM32F4xx_HAL_Driver/Src/stm32f4xx_hal_dma_ex.d" -MT"Drivers/STM32F4xx_HAL_Driver/Src/stm32f4xx_hal_dma_ex.o" --specs=nano.specs -mfpu=fpv4-sp-d16 -mfloat-abi=hard -mthumb -o "Drivers/STM32F4xx_HAL_Driver/Src/stm32f4xx_hal_dma_ex.o"
arm-none-eabi-gcc "../Drivers/STM32F4xx_HAL_Driver/Src/stm32f4xx_hal_exti.c" -mcpu=cortex-m4 -std=gnu11 -g3 -DSTM32F405xx -DUSE_HAL_DRIVER -DARM_MATH_CM4 -DDEBUG -c -I"/home/chris/Projects/EmbeddedSw/CirrusDspFFTPedal_SW/SeggerRTTLib" -I../Core/Inc -I../Drivers/STM32F4xx_HAL_Driver/Inc -I../Drivers/STM32F4xx_HAL_Driver/Inc/Legacy -I../Drivers/CMSIS/Device/ST/STM32F4xx/Include -I../Drivers/CMSIS/Include -I"/home/chris/Projects/EmbeddedSw/CirrusDspFFTPedal_SW/SeggerRTTLib/RTT" -I../Middlewares/Third_Party/ARM_CMSIS/CMSIS/Core/Include/ -I../Middlewares/Third_Party/ARM_CMSIS/CMSIS/Core_A/Include/ -I../FATFS/Target -I../FATFS/App -I../Middlewares/Third_Party/FatFs/src -I../../../../Lib/CMSIS_4/CMSIS/Include -O0 -ffunction-sections -fdata-sections -Wall -fstack-usage -MMD -MP -MF"Drivers/STM32F4xx_HAL_Driver/Src/stm32f4xx_hal_exti.d" -MT"Drivers/STM32F4xx_HAL_Driver/Src/stm32f4xx_hal_exti.o" --specs=nano.specs -mfpu=fpv4-sp-d16 -mfloat-abi=hard -mthumb -o "Drivers/STM32F4xx_HAL_Driver/Src/stm32f4xx_hal_exti.o"
arm-none-eabi-gcc "../Drivers/STM32F4xx_HAL_Driver/Src/stm32f4xx_hal_flash.c" -mcpu=cortex-m4 -std=gnu11 -g3 -DSTM32F405xx -DUSE_HAL_DRIVER -DARM_MATH_CM4 -DDEBUG -c -I"/home/chris/Projects/EmbeddedSw/CirrusDspFFTPedal_SW/SeggerRTTLib" -I../Core/Inc -I../Drivers/STM32F4xx_HAL_Driver/Inc -I../Drivers/STM32F4xx_HAL_Driver/Inc/Legacy -I../Drivers/CMSIS/Device/ST/STM32F4xx/Include -I../Drivers/CMSIS/Include -I"/home/chris/Projects/EmbeddedSw/CirrusDspFFTPedal_SW/SeggerRTTLib/RTT" -I../Middlewares/Third_Party/ARM_CMSIS/CMSIS/Core/Include/ -I../Middlewares/Third_Party/ARM_CMSIS/CMSIS/Core_A/Include/ -I../FATFS/Target -I../FATFS/App -I../Middlewares/Third_Party/FatFs/src -I../../../../Lib/CMSIS_4/CMSIS/Include -O0 -ffunction-sections -fdata-sections -Wall -fstack-usage -MMD -MP -MF"Drivers/STM32F4xx_HAL_Driver/Src/stm32f4xx_hal_flash.d" -MT"Drivers/STM32F4xx_HAL_Driver/Src/stm32f4xx_hal_flash.o" --specs=nano.specs -mfpu=fpv4-sp-d16 -mfloat-abi=hard -mthumb -o "Drivers/STM32F4xx_HAL_Driver/Src/stm32f4xx_hal_flash.o"
arm-none-eabi-gcc "../Drivers/STM32F4xx_HAL_Driver/Src/stm32f4xx_hal_flash_ex.c" -mcpu=cortex-m4 -std=gnu11 -g3 -DSTM32F405xx -DUSE_HAL_DRIVER -DARM_MATH_CM4 -DDEBUG -c -I"/home/chris/Projects/EmbeddedSw/CirrusDspFFTPedal_SW/SeggerRTTLib" -I../Core/Inc -I../Drivers/STM32F4xx_HAL_Driver/Inc -I../Drivers/STM32F4xx_HAL_Driver/Inc/Legacy -I../Drivers/CMSIS/Device/ST/STM32F4xx/Include -I../Drivers/CMSIS/Include -I"/home/chris/Projects/EmbeddedSw/CirrusDspFFTPedal_SW/SeggerRTTLib/RTT" -I../Middlewares/Third_Party/ARM_CMSIS/CMSIS/Core/Include/ -I../Middlewares/Third_Party/ARM_CMSIS/CMSIS/Core_A/Include/ -I../FATFS/Target -I../FATFS/App -I../Middlewares/Third_Party/FatFs/src -I../../../../Lib/CMSIS_4/CMSIS/Include -O0 -ffunction-sections -fdata-sections -Wall -fstack-usage -MMD -MP -MF"Drivers/STM32F4xx_HAL_Driver/Src/stm32f4xx_hal_flash_ex.d" -MT"Drivers/STM32F4xx_HAL_Driver/Src/stm32f4xx_hal_flash_ex.o" --specs=nano.specs -mfpu=fpv4-sp-d16 -mfloat-abi=hard -mthumb -o "Drivers/STM32F4xx_HAL_Driver/Src/stm32f4xx_hal_flash_ex.o"
arm-none-eabi-gcc "../Drivers/STM32F4xx_HAL_Driver/Src/stm32f4xx_hal_flash_ramfunc.c" -mcpu=cortex-m4 -std=gnu11 -g3 -DSTM32F405xx -DUSE_HAL_DRIVER -DARM_MATH_CM4 -DDEBUG -c -I"/home/chris/Projects/EmbeddedSw/CirrusDspFFTPedal_SW/SeggerRTTLib" -I../Core/Inc -I../Drivers/STM32F4xx_HAL_Driver/Inc -I../Drivers/STM32F4xx_HAL_Driver/Inc/Legacy -I../Drivers/CMSIS/Device/ST/STM32F4xx/Include -I../Drivers/CMSIS/Include -I"/home/chris/Projects/EmbeddedSw/CirrusDspFFTPedal_SW/SeggerRTTLib/RTT" -I../Middlewares/Third_Party/ARM_CMSIS/CMSIS/Core/Include/ -I../Middlewares/Third_Party/ARM_CMSIS/CMSIS/Core_A/Include/ -I../FATFS/Target -I../FATFS/App -I../Middlewares/Third_Party/FatFs/src -I../../../../Lib/CMSIS_4/CMSIS/Include -O0 -ffunction-sections -fdata-sections -Wall -fstack-usage -MMD -MP -MF"Drivers/STM32F4xx_HAL_Driver/Src/stm32f4xx_hal_flash_ramfunc.d" -MT"Drivers/STM32F4xx_HAL_Driver/Src/stm32f4xx_hal_flash_ramfunc.o" --specs=nano.specs -mfpu=fpv4-sp-d16 -mfloat-abi=hard -mthumb -o "Drivers/STM32F4xx_HAL_Driver/Src/stm32f4xx_hal_flash_ramfunc.o"
arm-none-eabi-gcc "../Drivers/STM32F4xx_HAL_Driver/Src/stm32f4xx_hal_gpio.c" -mcpu=cortex-m4 -std=gnu11 -g3 -DSTM32F405xx -DUSE_HAL_DRIVER -DARM_MATH_CM4 -DDEBUG -c -I"/home/chris/Projects/EmbeddedSw/CirrusDspFFTPedal_SW/SeggerRTTLib" -I../Core/Inc -I../Drivers/STM32F4xx_HAL_Driver/Inc -I../Drivers/STM32F4xx_HAL_Driver/Inc/Legacy -I../Drivers/CMSIS/Device/ST/STM32F4xx/Include -I../Drivers/CMSIS/Include -I"/home/chris/Projects/EmbeddedSw/CirrusDspFFTPedal_SW/SeggerRTTLib/RTT" -I../Middlewares/Third_Party/ARM_CMSIS/CMSIS/Core/Include/ -I../Middlewares/Third_Party/ARM_CMSIS/CMSIS/Core_A/Include/ -I../FATFS/Target -I../FATFS/App -I../Middlewares/Third_Party/FatFs/src -I../../../../Lib/CMSIS_4/CMSIS/Include -O0 -ffunction-sections -fdata-sections -Wall -fstack-usage -MMD -MP -MF"Drivers/STM32F4xx_HAL_Driver/Src/stm32f4xx_hal_gpio.d" -MT"Drivers/STM32F4xx_HAL_Driver/Src/stm32f4xx_hal_gpio.o" --specs=nano.specs -mfpu=fpv4-sp-d16 -mfloat-abi=hard -mthumb -o "Drivers/STM32F4xx_HAL_Driver/Src/stm32f4xx_hal_gpio.o"
arm-none-eabi-gcc "../Drivers/STM32F4xx_HAL_Driver/Src/stm32f4xx_hal_i2s.c" -mcpu=cortex-m4 -std=gnu11 -g3 -DSTM32F405xx -DUSE_HAL_DRIVER -DARM_MATH_CM4 -DDEBUG -c -I"/home/chris/Projects/EmbeddedSw/CirrusDspFFTPedal_SW/SeggerRTTLib" -I../Core/Inc -I../Drivers/STM32F4xx_HAL_Driver/Inc -I../Drivers/STM32F4xx_HAL_Driver/Inc/Legacy -I../Drivers/CMSIS/Device/ST/STM32F4xx/Include -I../Drivers/CMSIS/Include -I"/home/chris/Projects/EmbeddedSw/CirrusDspFFTPedal_SW/SeggerRTTLib/RTT" -I../Middlewares/Third_Party/ARM_CMSIS/CMSIS/Core/Include/ -I../Middlewares/Third_Party/ARM_CMSIS/CMSIS/Core_A/Include/ -I../FATFS/Target -I../FATFS/App -I../Middlewares/Third_Party/FatFs/src -I../../../../Lib/CMSIS_4/CMSIS/Include -O0 -ffunction-sections -fdata-sections -Wall -fstack-usage -MMD -MP -MF"Drivers/STM32F4xx_HAL_Driver/Src/stm32f4xx_hal_i2s.d" -MT"Drivers/STM32F4xx_HAL_Driver/Src/stm32f4xx_hal_i2s.o" --specs=nano.specs -mfpu=fpv4-sp-d16 -mfloat-abi=hard -mthumb -o "Drivers/STM32F4xx_HAL_Driver/Src/stm32f4xx_hal_i2s.o"
arm-none-eabi-gcc "../Drivers/STM32F4xx_HAL_Driver/Src/stm32f4xx_hal_i2s_ex.c" -mcpu=cortex-m4 -std=gnu11 -g3 -DSTM32F405xx -DUSE_HAL_DRIVER -DARM_MATH_CM4 -DDEBUG -c -I"/home/chris/Projects/EmbeddedSw/CirrusDspFFTPedal_SW/SeggerRTTLib" -I../Core/Inc -I../Drivers/STM32F4xx_HAL_Driver/Inc -I../Drivers/STM32F4xx_HAL_Driver/Inc/Legacy -I../Drivers/CMSIS/Device/ST/STM32F4xx/Include -I../Drivers/CMSIS/Include -I"/home/chris/Projects/EmbeddedSw/CirrusDspFFTPedal_SW/SeggerRTTLib/RTT" -I../Middlewares/Third_Party/ARM_CMSIS/CMSIS/Core/Include/ -I../Middlewares/Third_Party/ARM_CMSIS/CMSIS/Core_A/Include/ -I../FATFS/Target -I../FATFS/App -I../Middlewares/Third_Party/FatFs/src -I../../../../Lib/CMSIS_4/CMSIS/Include -O0 -ffunction-sections -fdata-sections -Wall -fstack-usage -MMD -MP -MF"Drivers/STM32F4xx_HAL_Driver/Src/stm32f4xx_hal_i2s_ex.d" -MT"Drivers/STM32F4xx_HAL_Driver/Src/stm32f4xx_hal_i2s_ex.o" --specs=nano.specs -mfpu=fpv4-sp-d16 -mfloat-abi=hard -mthumb -o "Drivers/STM32F4xx_HAL_Driver/Src/stm32f4xx_hal_i2s_ex.o"
arm-none-eabi-gcc "../Drivers/STM32F4xx_HAL_Driver/Src/stm32f4xx_hal_pwr.c" -mcpu=cortex-m4 -std=gnu11 -g3 -DSTM32F405xx -DUSE_HAL_DRIVER -DARM_MATH_CM4 -DDEBUG -c -I"/home/chris/Projects/EmbeddedSw/CirrusDspFFTPedal_SW/SeggerRTTLib" -I../Core/Inc -I../Drivers/STM32F4xx_HAL_Driver/Inc -I../Drivers/STM32F4xx_HAL_Driver/Inc/Legacy -I../Drivers/CMSIS/Device/ST/STM32F4xx/Include -I../Drivers/CMSIS/Include -I"/home/chris/Projects/EmbeddedSw/CirrusDspFFTPedal_SW/SeggerRTTLib/RTT" -I../Middlewares/Third_Party/ARM_CMSIS/CMSIS/Core/Include/ -I../Middlewares/Third_Party/ARM_CMSIS/CMSIS/Core_A/Include/ -I../FATFS/Target -I../FATFS/App -I../Middlewares/Third_Party/FatFs/src -I../../../../Lib/CMSIS_4/CMSIS/Include -O0 -ffunction-sections -fdata-sections -Wall -fstack-usage -MMD -MP -MF"Drivers/STM32F4xx_HAL_Driver/Src/stm32f4xx_hal_pwr.d" -MT"Drivers/STM32F4xx_HAL_Driver/Src/stm32f4xx_hal_pwr.o" --specs=nano.specs -mfpu=fpv4-sp-d16 -mfloat-abi=hard -mthumb -o "Drivers/STM32F4xx_HAL_Driver/Src/stm32f4xx_hal_pwr.o"
arm-none-eabi-gcc "../Drivers/STM32F4xx_HAL_Driver/Src/stm32f4xx_hal_pwr_ex.c" -mcpu=cortex-m4 -std=gnu11 -g3 -DSTM32F405xx -DUSE_HAL_DRIVER -DARM_MATH_CM4 -DDEBUG -c -I"/home/chris/Projects/EmbeddedSw/CirrusDspFFTPedal_SW/SeggerRTTLib" -I../Core/Inc -I../Drivers/STM32F4xx_HAL_Driver/Inc -I../Drivers/STM32F4xx_HAL_Driver/Inc/Legacy -I../Drivers/CMSIS/Device/ST/STM32F4xx/Include -I../Drivers/CMSIS/Include -I"/home/chris/Projects/EmbeddedSw/CirrusDspFFTPedal_SW/SeggerRTTLib/RTT" -I../Middlewares/Third_Party/ARM_CMSIS/CMSIS/Core/Include/ -I../Middlewares/Third_Party/ARM_CMSIS/CMSIS/Core_A/Include/ -I../FATFS/Target -I../FATFS/App -I../Middlewares/Third_Party/FatFs/src -I../../../../Lib/CMSIS_4/CMSIS/Include -O0 -ffunction-sections -fdata-sections -Wall -fstack-usage -MMD -MP -MF"Drivers/STM32F4xx_HAL_Driver/Src/stm32f4xx_hal_pwr_ex.d" -MT"Drivers/STM32F4xx_HAL_Driver/Src/stm32f4xx_hal_pwr_ex.o" --specs=nano.specs -mfpu=fpv4-sp-d16 -mfloat-abi=hard -mthumb -o "Drivers/STM32F4xx_HAL_Driver/Src/stm32f4xx_hal_pwr_ex.o"
arm-none-eabi-gcc "../Drivers/STM32F4xx_HAL_Driver/Src/stm32f4xx_hal_rcc.c" -mcpu=cortex-m4 -std=gnu11 -g3 -DSTM32F405xx -DUSE_HAL_DRIVER -DARM_MATH_CM4 -DDEBUG -c -I"/home/chris/Projects/EmbeddedSw/CirrusDspFFTPedal_SW/SeggerRTTLib" -I../Core/Inc -I../Drivers/STM32F4xx_HAL_Driver/Inc -I../Drivers/STM32F4xx_HAL_Driver/Inc/Legacy -I../Drivers/CMSIS/Device/ST/STM32F4xx/Include -I../Drivers/CMSIS/Include -I"/home/chris/Projects/EmbeddedSw/CirrusDspFFTPedal_SW/SeggerRTTLib/RTT" -I../Middlewares/Third_Party/ARM_CMSIS/CMSIS/Core/Include/ -I../Middlewares/Third_Party/ARM_CMSIS/CMSIS/Core_A/Include/ -I../FATFS/Target -I../FATFS/App -I../Middlewares/Third_Party/FatFs/src -I../../../../Lib/CMSIS_4/CMSIS/Include -O0 -ffunction-sections -fdata-sections -Wall -fstack-usage -MMD -MP -MF"Drivers/STM32F4xx_HAL_Driver/Src/stm32f4xx_hal_rcc.d" -MT"Drivers/STM32F4xx_HAL_Driver/Src/stm32f4xx_hal_rcc.o" --specs=nano.specs -mfpu=fpv4-sp-d16 -mfloat-abi=hard -mthumb -o "Drivers/STM32F4xx_HAL_Driver/Src/stm32f4xx_hal_rcc.o"
arm-none-eabi-gcc "../Drivers/STM32F4xx_HAL_Driver/Src/stm32f4xx_hal_rcc_ex.c" -mcpu=cortex-m4 -std=gnu11 -g3 -DSTM32F405xx -DUSE_HAL_DRIVER -DARM_MATH_CM4 -DDEBUG -c -I"/home/chris/Projects/EmbeddedSw/CirrusDspFFTPedal_SW/SeggerRTTLib" -I../Core/Inc -I../Drivers/STM32F4xx_HAL_Driver/Inc -I../Drivers/STM32F4xx_HAL_Driver/Inc/Legacy -I../Drivers/CMSIS/Device/ST/STM32F4xx/Include -I../Drivers/CMSIS/Include -I"/home/chris/Projects/EmbeddedSw/CirrusDspFFTPedal_SW/SeggerRTTLib/RTT" -I../Middlewares/Third_Party/ARM_CMSIS/CMSIS/Core/Include/ -I../Middlewares/Third_Party/ARM_CMSIS/CMSIS/Core_A/Include/ -I../FATFS/Target -I../FATFS/App -I../Middlewares/Third_Party/FatFs/src -I../../../../Lib/CMSIS_4/CMSIS/Include -O0 -ffunction-sections -fdata-sections -Wall -fstack-usage -MMD -MP -MF"Drivers/STM32F4xx_HAL_Driver/Src/stm32f4xx_hal_rcc_ex.d" -MT"Drivers/STM32F4xx_HAL_Driver/Src/stm32f4xx_hal_rcc_ex.o" --specs=nano.specs -mfpu=fpv4-sp-d16 -mfloat-abi=hard -mthumb -o "Drivers/STM32F4xx_HAL_Driver/Src/stm32f4xx_hal_rcc_ex.o"
arm-none-eabi-gcc "../Drivers/STM32F4xx_HAL_Driver/Src/stm32f4xx_hal_sd.c" -mcpu=cortex-m4 -std=gnu11 -g3 -DSTM32F405xx -DUSE_HAL_DRIVER -DARM_MATH_CM4 -DDEBUG -c -I"/home/chris/Projects/EmbeddedSw/CirrusDspFFTPedal_SW/SeggerRTTLib" -I../Core/Inc -I../Drivers/STM32F4xx_HAL_Driver/Inc -I../Drivers/STM32F4xx_HAL_Driver/Inc/Legacy -I../Drivers/CMSIS/Device/ST/STM32F4xx/Include -I../Drivers/CMSIS/Include -I"/home/chris/Projects/EmbeddedSw/CirrusDspFFTPedal_SW/SeggerRTTLib/RTT" -I../Middlewares/Third_Party/ARM_CMSIS/CMSIS/Core/Include/ -I../Middlewares/Third_Party/ARM_CMSIS/CMSIS/Core_A/Include/ -I../FATFS/Target -I../FATFS/App -I../Middlewares/Third_Party/FatFs/src -I../../../../Lib/CMSIS_4/CMSIS/Include -O0 -ffunction-sections -fdata-sections -Wall -fstack-usage -MMD -MP -MF"Drivers/STM32F4xx_HAL_Driver/Src/stm32f4xx_hal_sd.d" -MT"Drivers/STM32F4xx_HAL_Driver/Src/stm32f4xx_hal_sd.o" --specs=nano.specs -mfpu=fpv4-sp-d16 -mfloat-abi=hard -mthumb -o "Drivers/STM32F4xx_HAL_Driver/Src/stm32f4xx_hal_sd.o"
arm-none-eabi-gcc "../Drivers/STM32F4xx_HAL_Driver/Src/stm32f4xx_hal_tim.c" -mcpu=cortex-m4 -std=gnu11 -g3 -DSTM32F405xx -DUSE_HAL_DRIVER -DARM_MATH_CM4 -DDEBUG -c -I"/home/chris/Projects/EmbeddedSw/CirrusDspFFTPedal_SW/SeggerRTTLib" -I../Core/Inc -I../Drivers/STM32F4xx_HAL_Driver/Inc -I../Drivers/STM32F4xx_HAL_Driver/Inc/Legacy -I../Drivers/CMSIS/Device/ST/STM32F4xx/Include -I../Drivers/CMSIS/Include -I"/home/chris/Projects/EmbeddedSw/CirrusDspFFTPedal_SW/SeggerRTTLib/RTT" -I../Middlewares/Third_Party/ARM_CMSIS/CMSIS/Core/Include/ -I../Middlewares/Third_Party/ARM_CMSIS/CMSIS/Core_A/Include/ -I../FATFS/Target -I../FATFS/App -I../Middlewares/Third_Party/FatFs/src -I../../../../Lib/CMSIS_4/CMSIS/Include -O0 -ffunction-sections -fdata-sections -Wall -fstack-usage -MMD -MP -MF"Drivers/STM32F4xx_HAL_Driver/Src/stm32f4xx_hal_tim.d" -MT"Drivers/STM32F4xx_HAL_Driver/Src/stm32f4xx_hal_tim.o" --specs=nano.specs -mfpu=fpv4-sp-d16 -mfloat-abi=hard -mthumb -o "Drivers/STM32F4xx_HAL_Driver/Src/stm32f4xx_hal_tim.o"
arm-none-eabi-gcc "../Drivers/STM32F4xx_HAL_Driver/Src/stm32f4xx_hal_tim_ex.c" -mcpu=cortex-m4 -std=gnu11 -g3 -DSTM32F405xx -DUSE_HAL_DRIVER -DARM_MATH_CM4 -DDEBUG -c -I"/home/chris/Projects/EmbeddedSw/CirrusDspFFTPedal_SW/SeggerRTTLib" -I../Core/Inc -I../Drivers/STM32F4xx_HAL_Driver/Inc -I../Drivers/STM32F4xx_HAL_Driver/Inc/Legacy -I../Drivers/CMSIS/Device/ST/STM32F4xx/Include -I../Drivers/CMSIS/Include -I"/home/chris/Projects/EmbeddedSw/CirrusDspFFTPedal_SW/SeggerRTTLib/RTT" -I../Middlewares/Third_Party/ARM_CMSIS/CMSIS/Core/Include/ -I../Middlewares/Third_Party/ARM_CMSIS/CMSIS/Core_A/Include/ -I../FATFS/Target -I../FATFS/App -I../Middlewares/Third_Party/FatFs/src -I../../../../Lib/CMSIS_4/CMSIS/Include -O0 -ffunction-sections -fdata-sections -Wall -fstack-usage -MMD -MP -MF"Drivers/STM32F4xx_HAL_Driver/Src/stm32f4xx_hal_tim_ex.d" -MT"Drivers/STM32F4xx_HAL_Driver/Src/stm32f4xx_hal_tim_ex.o" --specs=nano.specs -mfpu=fpv4-sp-d16 -mfloat-abi=hard -mthumb -o "Drivers/STM32F4xx_HAL_Driver/Src/stm32f4xx_hal_tim_ex.o"
arm-none-eabi-gcc "../Drivers/STM32F4xx_HAL_Driver/Src/stm32f4xx_ll_sdmmc.c" -mcpu=cortex-m4 -std=gnu11 -g3 -DSTM32F405xx -DUSE_HAL_DRIVER -DARM_MATH_CM4 -DDEBUG -c -I"/home/chris/Projects/EmbeddedSw/CirrusDspFFTPedal_SW/SeggerRTTLib" -I../Core/Inc -I../Drivers/STM32F4xx_HAL_Driver/Inc -I../Drivers/STM32F4xx_HAL_Driver/Inc/Legacy -I../Drivers/CMSIS/Device/ST/STM32F4xx/Include -I../Drivers/CMSIS/Include -I"/home/chris/Projects/EmbeddedSw/CirrusDspFFTPedal_SW/SeggerRTTLib/RTT" -I../Middlewares/Third_Party/ARM_CMSIS/CMSIS/Core/Include/ -I../Middlewares/Third_Party/ARM_CMSIS/CMSIS/Core_A/Include/ -I../FATFS/Target -I../FATFS/App -I../Middlewares/Third_Party/FatFs/src -I../../../../Lib/CMSIS_4/CMSIS/Include -O0 -ffunction-sections -fdata-sections -Wall -fstack-usage -MMD -MP -MF"Drivers/STM32F4xx_HAL_Driver/Src/stm32f4xx_ll_sdmmc.d" -MT"Drivers/STM32F4xx_HAL_Driver/Src/stm32f4xx_ll_sdmmc.o" --specs=nano.specs -mfpu=fpv4-sp-d16 -mfloat-abi=hard -mthumb -o "Drivers/STM32F4xx_HAL_Driver/Src/stm32f4xx_ll_sdmmc.o"
arm-none-eabi-gcc -mcpu=cortex-m4 -g3 -c -I"/home/chris/Projects/EmbeddedSw/CirrusDspFFTPedal_SW/SeggerRTTLib" -x assembler-with-cpp -MMD -MP -MF"Core/Startup/startup_stm32f405rgtx.d" -MT"Core/Startup/startup_stm32f405rgtx.o" --specs=nano.specs -mfpu=fpv4-sp-d16 -mfloat-abi=hard -mthumb -o "Core/Startup/startup_stm32f405rgtx.o" "../Core/Startup/startup_stm32f405rgtx.s"
arm-none-eabi-gcc "../Core/Src/adc.c" -mcpu=cortex-m4 -std=gnu11 -g3 -DSTM32F405xx -DUSE_HAL_DRIVER -DARM_MATH_CM4 -DDEBUG -c -I"/home/chris/Projects/EmbeddedSw/CirrusDspFFTPedal_SW/SeggerRTTLib" -I../Core/Inc -I../Drivers/STM32F4xx_HAL_Driver/Inc -I../Drivers/STM32F4xx_HAL_Driver/Inc/Legacy -I../Drivers/CMSIS/Device/ST/STM32F4xx/Include -I../Drivers/CMSIS/Include -I"/home/chris/Projects/EmbeddedSw/CirrusDspFFTPedal_SW/SeggerRTTLib/RTT" -I../Middlewares/Third_Party/ARM_CMSIS/CMSIS/Core/Include/ -I../Middlewares/Third_Party/ARM_CMSIS/CMSIS/Core_A/Include/ -I../FATFS/Target -I../FATFS/App -I../Middlewares/Third_Party/FatFs/src -I../../../../Lib/CMSIS_4/CMSIS/Include -O0 -ffunction-sections -fdata-sections -Wall -fstack-usage -MMD -MP -MF"Core/Src/adc.d" -MT"Core/Src/adc.o" --specs=nano.specs -mfpu=fpv4-sp-d16 -mfloat-abi=hard -mthumb -o "Core/Src/adc.o"
arm-none-eabi-gcc "../Core/Src/dma.c" -mcpu=cortex-m4 -std=gnu11 -g3 -DSTM32F405xx -DUSE_HAL_DRIVER -DARM_MATH_CM4 -DDEBUG -c -I"/home/chris/Projects/EmbeddedSw/CirrusDspFFTPedal_SW/SeggerRTTLib" -I../Core/Inc -I../Drivers/STM32F4xx_HAL_Driver/Inc -I../Drivers/STM32F4xx_HAL_Driver/Inc/Legacy -I../Drivers/CMSIS/Device/ST/STM32F4xx/Include -I../Drivers/CMSIS/Include -I"/home/chris/Projects/EmbeddedSw/CirrusDspFFTPedal_SW/SeggerRTTLib/RTT" -I../Middlewares/Third_Party/ARM_CMSIS/CMSIS/Core/Include/ -I../Middlewares/Third_Party/ARM_CMSIS/CMSIS/Core_A/Include/ -I../FATFS/Target -I../FATFS/App -I../Middlewares/Third_Party/FatFs/src -I../../../../Lib/CMSIS_4/CMSIS/Include -O0 -ffunction-sections -fdata-sections -Wall -fstack-usage -MMD -MP -MF"Core/Src/dma.d" -MT"Core/Src/dma.o" --specs=nano.specs -mfpu=fpv4-sp-d16 -mfloat-abi=hard -mthumb -o "Core/Src/dma.o"
arm-none-eabi-gcc "../Core/Src/gpio.c" -mcpu=cortex-m4 -std=gnu11 -g3 -DSTM32F405xx -DUSE_HAL_DRIVER -DARM_MATH_CM4 -DDEBUG -c -I"/home/chris/Projects/EmbeddedSw/CirrusDspFFTPedal_SW/SeggerRTTLib" -I../Core/Inc -I../Drivers/STM32F4xx_HAL_Driver/Inc -I../Drivers/STM32F4xx_HAL_Driver/Inc/Legacy -I../Drivers/CMSIS/Device/ST/STM32F4xx/Include -I../Drivers/CMSIS/Include -I"/home/chris/Projects/EmbeddedSw/CirrusDspFFTPedal_SW/SeggerRTTLib/RTT" -I../Middlewares/Third_Party/ARM_CMSIS/CMSIS/Core/Include/ -I../Middlewares/Third_Party/ARM_CMSIS/CMSIS/Core_A/Include/ -I../FATFS/Target -I../FATFS/App -I../Middlewares/Third_Party/FatFs/src -I../../../../Lib/CMSIS_4/CMSIS/Include -O0 -ffunction-sections -fdata-sections -Wall -fstack-usage -MMD -MP -MF"Core/Src/gpio.d" -MT"Core/Src/gpio.o" --specs=nano.specs -mfpu=fpv4-sp-d16 -mfloat-abi=hard -mthumb -o "Core/Src/gpio.o"
arm-none-eabi-gcc "../Core/Src/i2s.c" -mcpu=cortex-m4 -std=gnu11 -g3 -DSTM32F405xx -DUSE_HAL_DRIVER -DARM_MATH_CM4 -DDEBUG -c -I"/home/chris/Projects/EmbeddedSw/CirrusDspFFTPedal_SW/SeggerRTTLib" -I../Core/Inc -I../Drivers/STM32F4xx_HAL_Driver/Inc -I../Drivers/STM32F4xx_HAL_Driver/Inc/Legacy -I../Drivers/CMSIS/Device/ST/STM32F4xx/Include -I../Drivers/CMSIS/Include -I"/home/chris/Projects/EmbeddedSw/CirrusDspFFTPedal_SW/SeggerRTTLib/RTT" -I../Middlewares/Third_Party/ARM_CMSIS/CMSIS/Core/Include/ -I../Middlewares/Third_Party/ARM_CMSIS/CMSIS/Core_A/Include/ -I../FATFS/Target -I../FATFS/App -I../Middlewares/Third_Party/FatFs/src -I../../../../Lib/CMSIS_4/CMSIS/Include -O0 -ffunction-sections -fdata-sections -Wall -fstack-usage -MMD -MP -MF"Core/Src/i2s.d" -MT"Core/Src/i2s.o" --specs=nano.specs -mfpu=fpv4-sp-d16 -mfloat-abi=hard -mthumb -o "Core/Src/i2s.o"
arm-none-eabi-gcc "../Core/Src/main.c" -mcpu=cortex-m4 -std=gnu11 -g3 -DSTM32F405xx -DUSE_HAL_DRIVER -DARM_MATH_CM4 -DDEBUG -c -I"/home/chris/Projects/EmbeddedSw/CirrusDspFFTPedal_SW/SeggerRTTLib" -I../Core/Inc -I../Drivers/STM32F4xx_HAL_Driver/Inc -I../Drivers/STM32F4xx_HAL_Driver/Inc/Legacy -I../Drivers/CMSIS/Device/ST/STM32F4xx/Include -I../Drivers/CMSIS/Include -I"/home/chris/Projects/EmbeddedSw/CirrusDspFFTPedal_SW/SeggerRTTLib/RTT" -I../Middlewares/Third_Party/ARM_CMSIS/CMSIS/Core/Include/ -I../Middlewares/Third_Party/ARM_CMSIS/CMSIS/Core_A/Include/ -I../FATFS/Target -I../FATFS/App -I../Middlewares/Third_Party/FatFs/src -I../../../../Lib/CMSIS_4/CMSIS/Include -O0 -ffunction-sections -fdata-sections -Wall -fstack-usage -MMD -MP -MF"Core/Src/main.d" -MT"Core/Src/main.o" --specs=nano.specs -mfpu=fpv4-sp-d16 -mfloat-abi=hard -mthumb -o "Core/Src/main.o"
arm-none-eabi-gcc "../Core/Src/sdio.c" -mcpu=cortex-m4 -std=gnu11 -g3 -DSTM32F405xx -DUSE_HAL_DRIVER -DARM_MATH_CM4 -DDEBUG -c -I"/home/chris/Projects/EmbeddedSw/CirrusDspFFTPedal_SW/SeggerRTTLib" -I../Core/Inc -I../Drivers/STM32F4xx_HAL_Driver/Inc -I../Drivers/STM32F4xx_HAL_Driver/Inc/Legacy -I../Drivers/CMSIS/Device/ST/STM32F4xx/Include -I../Drivers/CMSIS/Include -I"/home/chris/Projects/EmbeddedSw/CirrusDspFFTPedal_SW/SeggerRTTLib/RTT" -I../Middlewares/Third_Party/ARM_CMSIS/CMSIS/Core/Include/ -I../Middlewares/Third_Party/ARM_CMSIS/CMSIS/Core_A/Include/ -I../FATFS/Target -I../FATFS/App -I../Middlewares/Third_Party/FatFs/src -I../../../../Lib/CMSIS_4/CMSIS/Include -O0 -ffunction-sections -fdata-sections -Wall -fstack-usage -MMD -MP -MF"Core/Src/sdio.d" -MT"Core/Src/sdio.o" --specs=nano.specs -mfpu=fpv4-sp-d16 -mfloat-abi=hard -mthumb -o "Core/Src/sdio.o"
arm-none-eabi-gcc "../Core/Src/stm32f4xx_hal_msp.c" -mcpu=cortex-m4 -std=gnu11 -g3 -DSTM32F405xx -DUSE_HAL_DRIVER -DARM_MATH_CM4 -DDEBUG -c -I"/home/chris/Projects/EmbeddedSw/CirrusDspFFTPedal_SW/SeggerRTTLib" -I../Core/Inc -I../Drivers/STM32F4xx_HAL_Driver/Inc -I../Drivers/STM32F4xx_HAL_Driver/Inc/Legacy -I../Drivers/CMSIS/Device/ST/STM32F4xx/Include -I../Drivers/CMSIS/Include -I"/home/chris/Projects/EmbeddedSw/CirrusDspFFTPedal_SW/SeggerRTTLib/RTT" -I../Middlewares/Third_Party/ARM_CMSIS/CMSIS/Core/Include/ -I../Middlewares/Third_Party/ARM_CMSIS/CMSIS/Core_A/Include/ -I../FATFS/Target -I../FATFS/App -I../Middlewares/Third_Party/FatFs/src -I../../../../Lib/CMSIS_4/CMSIS/Include -O0 -ffunction-sections -fdata-sections -Wall -fstack-usage -MMD -MP -MF"Core/Src/stm32f4xx_hal_msp.d" -MT"Core/Src/stm32f4xx_hal_msp.o" --specs=nano.specs -mfpu=fpv4-sp-d16 -mfloat-abi=hard -mthumb -o "Core/Src/stm32f4xx_hal_msp.o"
arm-none-eabi-gcc "../Core/Src/stm32f4xx_it.c" -mcpu=cortex-m4 -std=gnu11 -g3 -DSTM32F405xx -DUSE_HAL_DRIVER -DARM_MATH_CM4 -DDEBUG -c -I"/home/chris/Projects/EmbeddedSw/CirrusDspFFTPedal_SW/SeggerRTTLib" -I../Core/Inc -I../Drivers/STM32F4xx_HAL_Driver/Inc -I../Drivers/STM32F4xx_HAL_Driver/Inc/Legacy -I../Drivers/CMSIS/Device/ST/STM32F4xx/Include -I../Drivers/CMSIS/Include -I"/home/chris/Projects/EmbeddedSw/CirrusDspFFTPedal_SW/SeggerRTTLib/RTT" -I../Middlewares/Third_Party/ARM_CMSIS/CMSIS/Core/Include/ -I../Middlewares/Third_Party/ARM_CMSIS/CMSIS/Core_A/Include/ -I../FATFS/Target -I../FATFS/App -I../Middlewares/Third_Party/FatFs/src -I../../../../Lib/CMSIS_4/CMSIS/Include -O0 -ffunction-sections -fdata-sections -Wall -fstack-usage -MMD -MP -MF"Core/Src/stm32f4xx_it.d" -MT"Core/Src/stm32f4xx_it.o" --specs=nano.specs -mfpu=fpv4-sp-d16 -mfloat-abi=hard -mthumb -o "Core/Src/stm32f4xx_it.o"
arm-none-eabi-gcc "../Core/Src/syscalls.c" -mcpu=cortex-m4 -std=gnu11 -g3 -DSTM32F405xx -DUSE_HAL_DRIVER -DARM_MATH_CM4 -DDEBUG -c -I"/home/chris/Projects/EmbeddedSw/CirrusDspFFTPedal_SW/SeggerRTTLib" -I../Core/Inc -I../Drivers/STM32F4xx_HAL_Driver/Inc -I../Drivers/STM32F4xx_HAL_Driver/Inc/Legacy -I../Drivers/CMSIS/Device/ST/STM32F4xx/Include -I../Drivers/CMSIS/Include -I"/home/chris/Projects/EmbeddedSw/CirrusDspFFTPedal_SW/SeggerRTTLib/RTT" -I../Middlewares/Third_Party/ARM_CMSIS/CMSIS/Core/Include/ -I../Middlewares/Third_Party/ARM_CMSIS/CMSIS/Core_A/Include/ -I../FATFS/Target -I../FATFS/App -I../Middlewares/Third_Party/FatFs/src -I../../../../Lib/CMSIS_4/CMSIS/Include -O0 -ffunction-sections -fdata-sections -Wall -fstack-usage -MMD -MP -MF"Core/Src/syscalls.d" -MT"Core/Src/syscalls.o" --specs=nano.specs -mfpu=fpv4-sp-d16 -mfloat-abi=hard -mthumb -o "Core/Src/syscalls.o"
arm-none-eabi-gcc "../Core/Src/sysmem.c" -mcpu=cortex-m4 -std=gnu11 -g3 -DSTM32F405xx -DUSE_HAL_DRIVER -DARM_MATH_CM4 -DDEBUG -c -I"/home/chris/Projects/EmbeddedSw/CirrusDspFFTPedal_SW/SeggerRTTLib" -I../Core/Inc -I../Drivers/STM32F4xx_HAL_Driver/Inc -I../Drivers/STM32F4xx_HAL_Driver/Inc/Legacy -I../Drivers/CMSIS/Device/ST/STM32F4xx/Include -I../Drivers/CMSIS/Include -I"/home/chris/Projects/EmbeddedSw/CirrusDspFFTPedal_SW/SeggerRTTLib/RTT" -I../Middlewares/Third_Party/ARM_CMSIS/CMSIS/Core/Include/ -I../Middlewares/Third_Party/ARM_CMSIS/CMSIS/Core_A/Include/ -I../FATFS/Target -I../FATFS/App -I../Middlewares/Third_Party/FatFs/src -I../../../../Lib/CMSIS_4/CMSIS/Include -O0 -ffunction-sections -fdata-sections -Wall -fstack-usage -MMD -MP -MF"Core/Src/sysmem.d" -MT"Core/Src/sysmem.o" --specs=nano.specs -mfpu=fpv4-sp-d16 -mfloat-abi=hard -mthumb -o "Core/Src/sysmem.o"
arm-none-eabi-gcc "../Core/Src/system_stm32f4xx.c" -mcpu=cortex-m4 -std=gnu11 -g3 -DSTM32F405xx -DUSE_HAL_DRIVER -DARM_MATH_CM4 -DDEBUG -c -I"/home/chris/Projects/EmbeddedSw/CirrusDspFFTPedal_SW/SeggerRTTLib" -I../Core/Inc -I../Drivers/STM32F4xx_HAL_Driver/Inc -I../Drivers/STM32F4xx_HAL_Driver/Inc/Legacy -I../Drivers/CMSIS/Device/ST/STM32F4xx/Include -I../Drivers/CMSIS/Include -I"/home/chris/Projects/EmbeddedSw/CirrusDspFFTPedal_SW/SeggerRTTLib/RTT" -I../Middlewares/Third_Party/ARM_CMSIS/CMSIS/Core/Include/ -I../Middlewares/Third_Party/ARM_CMSIS/CMSIS/Core_A/Include/ -I../FATFS/Target -I../FATFS/App -I../Middlewares/Third_Party/FatFs/src -I../../../../Lib/CMSIS_4/CMSIS/Include -O0 -ffunction-sections -fdata-sections -Wall -fstack-usage -MMD -MP -MF"Core/Src/system_stm32f4xx.d" -MT"Core/Src/system_stm32f4xx.o" --specs=nano.specs -mfpu=fpv4-sp-d16 -mfloat-abi=hard -mthumb -o "Core/Src/system_stm32f4xx.o"
arm-none-eabi-gcc "../Core/Src/tim.c" -mcpu=cortex-m4 -std=gnu11 -g3 -DSTM32F405xx -DUSE_HAL_DRIVER -DARM_MATH_CM4 -DDEBUG -c -I"/home/chris/Projects/EmbeddedSw/CirrusDspFFTPedal_SW/SeggerRTTLib" -I../Core/Inc -I../Drivers/STM32F4xx_HAL_Driver/Inc -I../Drivers/STM32F4xx_HAL_Driver/Inc/Legacy -I../Drivers/CMSIS/Device/ST/STM32F4xx/Include -I../Drivers/CMSIS/Include -I"/home/chris/Projects/EmbeddedSw/CirrusDspFFTPedal_SW/SeggerRTTLib/RTT" -I../Middlewares/Third_Party/ARM_CMSIS/CMSIS/Core/Include/ -I../Middlewares/Third_Party/ARM_CMSIS/CMSIS/Core_A/Include/ -I../FATFS/Target -I../FATFS/App -I../Middlewares/Third_Party/FatFs/src -I../../../../Lib/CMSIS_4/CMSIS/Include -O0 -ffunction-sections -fdata-sections -Wall -fstack-usage -MMD -MP -MF"Core/Src/tim.d" -MT"Core/Src/tim.o" --specs=nano.specs -mfpu=fpv4-sp-d16 -mfloat-abi=hard -mthumb -o "Core/Src/tim.o"
arm-none-eabi-gcc "../Core/Src/use_microsd.c" -mcpu=cortex-m4 -std=gnu11 -g3 -DSTM32F405xx -DUSE_HAL_DRIVER -DARM_MATH_CM4 -DDEBUG -c -I"/home/chris/Projects/EmbeddedSw/CirrusDspFFTPedal_SW/SeggerRTTLib" -I../Core/Inc -I../Drivers/STM32F4xx_HAL_Driver/Inc -I../Drivers/STM32F4xx_HAL_Driver/Inc/Legacy -I../Drivers/CMSIS/Device/ST/STM32F4xx/Include -I../Drivers/CMSIS/Include -I"/home/chris/Projects/EmbeddedSw/CirrusDspFFTPedal_SW/SeggerRTTLib/RTT" -I../Middlewares/Third_Party/ARM_CMSIS/CMSIS/Core/Include/ -I../Middlewares/Third_Party/ARM_CMSIS/CMSIS/Core_A/Include/ -I../FATFS/Target -I../FATFS/App -I../Middlewares/Third_Party/FatFs/src -I../../../../Lib/CMSIS_4/CMSIS/Include -O0 -ffunction-sections -fdata-sections -Wall -fstack-usage -MMD -MP -MF"Core/Src/use_microsd.d" -MT"Core/Src/use_microsd.o" --specs=nano.specs -mfpu=fpv4-sp-d16 -mfloat-abi=hard -mthumb -o "Core/Src/use_microsd.o"
arm-none-eabi-gcc "../Core/Src/user_input.c" -mcpu=cortex-m4 -std=gnu11 -g3 -DSTM32F405xx -DUSE_HAL_DRIVER -DARM_MATH_CM4 -DDEBUG -c -I"/home/chris/Projects/EmbeddedSw/CirrusDspFFTPedal_SW/SeggerRTTLib" -I../Core/Inc -I../Drivers/STM32F4xx_HAL_Driver/Inc -I../Drivers/STM32F4xx_HAL_Driver/Inc/Legacy -I../Drivers/CMSIS/Device/ST/STM32F4xx/Include -I../Drivers/CMSIS/Include -I"/home/chris/Projects/EmbeddedSw/CirrusDspFFTPedal_SW/SeggerRTTLib/RTT" -I../Middlewares/Third_Party/ARM_CMSIS/CMSIS/Core/Include/ -I../Middlewares/Third_Party/ARM_CMSIS/CMSIS/Core_A/Include/ -I../FATFS/Target -I../FATFS/App -I../Middlewares/Third_Party/FatFs/src -I../../../../Lib/CMSIS_4/CMSIS/Include -O0 -ffunction-sections -fdata-sections -Wall -fstack-usage -MMD -MP -MF"Core/Src/user_input.d" -MT"Core/Src/user_input.o" --specs=nano.specs -mfpu=fpv4-sp-d16 -mfloat-abi=hard -mthumb -o "Core/Src/user_input.o"
arm-none-eabi-gcc -o "F405_LQFP64.elf" @"objects.list"  -lSeggerRTTLib -larm_cortexM4lf_math -mcpu=cortex-m4 -T"/home/chris/Projects/EmbeddedSw/CirrusDspFFTPedal_SW/F405_LQFP64/STM32F405RGTX_FLASH.ld" --specs=nosys.specs -Wl,-Map="F405_LQFP64.map" -Wl,--gc-sections -static -L"/home/chris/Projects/EmbeddedSw/CirrusDspFFTPedal_SW/SeggerRTTLib/Debug" -L../../../../Lib/CMSIS_4/CMSIS/Lib/GCC --specs=nano.specs -mfpu=fpv4-sp-d16 -mfloat-abi=hard -mthumb -Wl,--start-group -lc -lm -Wl,--end-group
Finished building target: F405_LQFP64.elf
 
arm-none-eabi-size   F405_LQFP64.elf 
arm-none-eabi-objdump -h -S  F405_LQFP64.elf  > "F405_LQFP64.list"
arm-none-eabi-objcopy  -O binary  F405_LQFP64.elf  "F405_LQFP64.bin"
   text	   data	    bss	    dec	    hex	filename
  42524	    140	  37460	  80124	  138fc	F405_LQFP64.elf
Finished building: default.size.stdout
 
Finished building: F405_LQFP64.bin
 
Finished building: F405_LQFP64.list
 
15:23:30 **** Incremental Build of configuration Debug for project SeggerRTTLib ****
make -j4 all 
make: Nothing to be done for 'all'.
15:23:31 **** Incremental Build of configuration Debug for project F405_LQFP64 ****
make -j4 all 
arm-none-eabi-size   F405_LQFP64.elf 
   text	   data	    bss	    dec	    hex	filename
  42524	    140	  37460	  80124	  138fc	F405_LQFP64.elf
Finished building: default.size.stdout
 
15:23:50 **** Incremental Build of configuration Debug for project SeggerRTTLib ****
make -j4 all 
make: Nothing to be done for 'all'.
15:23:51 **** Incremental Build of configuration Debug for project F405_LQFP64 ****
make -j4 all 
arm-none-eabi-size   F405_LQFP64.elf 
   text	   data	    bss	    dec	    hex	filename
  42524	    140	  37460	  80124	  138fc	F405_LQFP64.elf
Finished building: default.size.stdout
 
15:23:58 **** Incremental Build of configuration Debug for project SeggerRTTLib ****
make -j4 all 
make: Nothing to be done for 'all'.
15:23:58 **** Incremental Build of configuration Debug for project F405_LQFP64 ****
make -j4 all 
arm-none-eabi-size   F405_LQFP64.elf 
   text	   data	    bss	    dec	    hex	filename
  42524	    140	  37460	  80124	  138fc	F405_LQFP64.elf
Finished building: default.size.stdout
 
15:24:09 **** Incremental Build of configuration Debug for project SeggerRTTLib ****
make -j4 all 
make: Nothing to be done for 'all'.
15:24:10 **** Incremental Build of configuration Debug for project F405_LQFP64 ****
make -j4 all 
arm-none-eabi-size   F405_LQFP64.elf 
   text	   data	    bss	    dec	    hex	filename
  42524	    140	  37460	  80124	  138fc	F405_LQFP64.elf
Finished building: default.size.stdout
 
16:28:13 **** Incremental Build of configuration Debug for project SeggerRTTLib ****
make -j4 all 
make: Nothing to be done for 'all'.
16:28:14 **** Incremental Build of configuration Debug for project F405_LQFP64 ****
make -j4 all 
arm-none-eabi-size   F405_LQFP64.elf 
   text	   data	    bss	    dec	    hex	filename
  42524	    140	  37460	  80124	  138fc	F405_LQFP64.elf
Finished building: default.size.stdout
 
16:28:25 **** Incremental Build of configuration Debug for project SeggerRTTLib ****
make -j4 all 
make: Nothing to be done for 'all'.
16:28:26 **** Incremental Build of configuration Debug for project F405_LQFP64 ****
make -j4 all 
arm-none-eabi-size   F405_LQFP64.elf 
   text	   data	    bss	    dec	    hex	filename
  42524	    140	  37460	  80124	  138fc	F405_LQFP64.elf
Finished building: default.size.stdout
 
16:32:22 **** Incremental Build of configuration Debug for project SeggerRTTLib ****
make -j4 all 
make: Nothing to be done for 'all'.
16:32:23 **** Incremental Build of configuration Debug for project F405_LQFP64 ****
make -j4 all 
arm-none-eabi-size   F405_LQFP64.elf 
   text	   data	    bss	    dec	    hex	filename
  42524	    140	  37460	  80124	  138fc	F405_LQFP64.elf
Finished building: default.size.stdout
 
16:32:48 **** Incremental Build of configuration Debug for project SeggerRTTLib ****
make -j4 all 
make: Nothing to be done for 'all'.
16:32:48 **** Incremental Build of configuration Debug for project F405_LQFP64 ****
make -j4 all 
arm-none-eabi-size   F405_LQFP64.elf 
   text	   data	    bss	    dec	    hex	filename
  42524	    140	  37460	  80124	  138fc	F405_LQFP64.elf
Finished building: default.size.stdout
 
16:33:55 **** Incremental Build of configuration Debug for project SeggerRTTLib ****
make -j4 all 
make: Nothing to be done for 'all'.
16:33:56 **** Incremental Build of configuration Debug for project F405_LQFP64 ****
make -j4 all 
arm-none-eabi-size   F405_LQFP64.elf 
   text	   data	    bss	    dec	    hex	filename
  42524	    140	  37460	  80124	  138fc	F405_LQFP64.elf
Finished building: default.size.stdout
 
16:54:49 **** Incremental Build of configuration Debug for project SeggerRTTLib ****
make -j4 all 
arm-none-eabi-gcc "../Src/syscalls.c" -mcpu=cortex-m4 -std=gnu11 -g3 -DSTM32F405xx -DUSE_HAL_DRIVER -DDEBUG -c -I../Drivers/CMSIS/Device/ST/STM32F4xx/Include -I../Drivers/CMSIS/Include -I../Inc -I../Drivers/STM32F4xx_HAL_Driver/Inc -I../Drivers/STM32F4xx_HAL_Driver/Inc/Legacy -I"/home/chris/Projects/EmbeddedSw/CirrusDspFFTPedal_SW/SeggerRTTLib/RTT" -O0 -ffunction-sections -fdata-sections -Wall -fstack-usage -MMD -MP -MF"Src/syscalls.d" -MT"Src/syscalls.o" --specs=nano.specs -mfpu=fpv4-sp-d16 -mfloat-abi=hard -mthumb -o "Src/syscalls.o"
arm-none-eabi-gcc "../Src/sysmem.c" -mcpu=cortex-m4 -std=gnu11 -g3 -DSTM32F405xx -DUSE_HAL_DRIVER -DDEBUG -c -I../Drivers/CMSIS/Device/ST/STM32F4xx/Include -I../Drivers/CMSIS/Include -I../Inc -I../Drivers/STM32F4xx_HAL_Driver/Inc -I../Drivers/STM32F4xx_HAL_Driver/Inc/Legacy -I"/home/chris/Projects/EmbeddedSw/CirrusDspFFTPedal_SW/SeggerRTTLib/RTT" -O0 -ffunction-sections -fdata-sections -Wall -fstack-usage -MMD -MP -MF"Src/sysmem.d" -MT"Src/sysmem.o" --specs=nano.specs -mfpu=fpv4-sp-d16 -mfloat-abi=hard -mthumb -o "Src/sysmem.o"
arm-none-eabi-gcc "../RTT/SEGGER_RTT.c" -mcpu=cortex-m4 -std=gnu11 -g3 -DSTM32F405xx -DUSE_HAL_DRIVER -DDEBUG -c -I../Drivers/CMSIS/Device/ST/STM32F4xx/Include -I../Drivers/CMSIS/Include -I../Inc -I../Drivers/STM32F4xx_HAL_Driver/Inc -I../Drivers/STM32F4xx_HAL_Driver/Inc/Legacy -I"/home/chris/Projects/EmbeddedSw/CirrusDspFFTPedal_SW/SeggerRTTLib/RTT" -O0 -ffunction-sections -fdata-sections -Wall -fstack-usage -MMD -MP -MF"RTT/SEGGER_RTT.d" -MT"RTT/SEGGER_RTT.o" --specs=nano.specs -mfpu=fpv4-sp-d16 -mfloat-abi=hard -mthumb -o "RTT/SEGGER_RTT.o"
arm-none-eabi-gcc -mcpu=cortex-m4 -g3 -c -x assembler-with-cpp -MMD -MP -MF"RTT/SEGGER_RTT_ASM_ARMv7M.d" -MT"RTT/SEGGER_RTT_ASM_ARMv7M.o" --specs=nano.specs -mfpu=fpv4-sp-d16 -mfloat-abi=hard -mthumb -o "RTT/SEGGER_RTT_ASM_ARMv7M.o" "../RTT/SEGGER_RTT_ASM_ARMv7M.S"
arm-none-eabi-gcc "../RTT/SEGGER_RTT_printf.c" -mcpu=cortex-m4 -std=gnu11 -g3 -DSTM32F405xx -DUSE_HAL_DRIVER -DDEBUG -c -I../Drivers/CMSIS/Device/ST/STM32F4xx/Include -I../Drivers/CMSIS/Include -I../Inc -I../Drivers/STM32F4xx_HAL_Driver/Inc -I../Drivers/STM32F4xx_HAL_Driver/Inc/Legacy -I"/home/chris/Projects/EmbeddedSw/CirrusDspFFTPedal_SW/SeggerRTTLib/RTT" -O0 -ffunction-sections -fdata-sections -Wall -fstack-usage -MMD -MP -MF"RTT/SEGGER_RTT_printf.d" -MT"RTT/SEGGER_RTT_printf.o" --specs=nano.specs -mfpu=fpv4-sp-d16 -mfloat-abi=hard -mthumb -o "RTT/SEGGER_RTT_printf.o"
arm-none-eabi-gcc "../Drivers/CMSIS/Device/ST/STM32F4xx/Source/Templates/system_stm32f4xx.c" -mcpu=cortex-m4 -std=gnu11 -g3 -DSTM32F405xx -DUSE_HAL_DRIVER -DDEBUG -c -I../Drivers/CMSIS/Device/ST/STM32F4xx/Include -I../Drivers/CMSIS/Include -I../Inc -I../Drivers/STM32F4xx_HAL_Driver/Inc -I../Drivers/STM32F4xx_HAL_Driver/Inc/Legacy -I"/home/chris/Projects/EmbeddedSw/CirrusDspFFTPedal_SW/SeggerRTTLib/RTT" -O0 -ffunction-sections -fdata-sections -Wall -fstack-usage -MMD -MP -MF"Drivers/CMSIS/Device/ST/STM32F4xx/Source/Templates/system_stm32f4xx.d" -MT"Drivers/CMSIS/Device/ST/STM32F4xx/Source/Templates/system_stm32f4xx.o" --specs=nano.specs -mfpu=fpv4-sp-d16 -mfloat-abi=hard -mthumb -o "Drivers/CMSIS/Device/ST/STM32F4xx/Source/Templates/system_stm32f4xx.o"
arm-none-eabi-ar -r  "libSeggerRTTLib.a" @"objects.list"  
arm-none-eabi-ar: creating libSeggerRTTLib.a
Finished building target: libSeggerRTTLib.a
 
16:54:50 **** Incremental Build of configuration Debug for project SeggerRTTLib ****
make -j4 all 
arm-none-eabi-gcc "../Src/syscalls.c" -mcpu=cortex-m4 -std=gnu11 -g3 -DSTM32F405xx -DUSE_HAL_DRIVER -DDEBUG -c -I../Drivers/CMSIS/Device/ST/STM32F4xx/Include -I../Drivers/CMSIS/Include -I../Inc -I../Drivers/STM32F4xx_HAL_Driver/Inc -I../Drivers/STM32F4xx_HAL_Driver/Inc/Legacy -I"/home/chris/Projects/EmbeddedSw/CirrusDspFFTPedal_SW/SeggerRTTLib/RTT" -O0 -ffunction-sections -fdata-sections -Wall -fstack-usage -MMD -MP -MF"Src/syscalls.d" -MT"Src/syscalls.o" --specs=nano.specs -mfpu=fpv4-sp-d16 -mfloat-abi=hard -mthumb -o "Src/syscalls.o"
arm-none-eabi-gcc "../Src/sysmem.c" -mcpu=cortex-m4 -std=gnu11 -g3 -DSTM32F405xx -DUSE_HAL_DRIVER -DDEBUG -c -I../Drivers/CMSIS/Device/ST/STM32F4xx/Include -I../Drivers/CMSIS/Include -I../Inc -I../Drivers/STM32F4xx_HAL_Driver/Inc -I../Drivers/STM32F4xx_HAL_Driver/Inc/Legacy -I"/home/chris/Projects/EmbeddedSw/CirrusDspFFTPedal_SW/SeggerRTTLib/RTT" -O0 -ffunction-sections -fdata-sections -Wall -fstack-usage -MMD -MP -MF"Src/sysmem.d" -MT"Src/sysmem.o" --specs=nano.specs -mfpu=fpv4-sp-d16 -mfloat-abi=hard -mthumb -o "Src/sysmem.o"
arm-none-eabi-gcc "../RTT/SEGGER_RTT.c" -mcpu=cortex-m4 -std=gnu11 -g3 -DSTM32F405xx -DUSE_HAL_DRIVER -DDEBUG -c -I../Drivers/CMSIS/Device/ST/STM32F4xx/Include -I../Drivers/CMSIS/Include -I../Inc -I../Drivers/STM32F4xx_HAL_Driver/Inc -I../Drivers/STM32F4xx_HAL_Driver/Inc/Legacy -I"/home/chris/Projects/EmbeddedSw/CirrusDspFFTPedal_SW/SeggerRTTLib/RTT" -O0 -ffunction-sections -fdata-sections -Wall -fstack-usage -MMD -MP -MF"RTT/SEGGER_RTT.d" -MT"RTT/SEGGER_RTT.o" --specs=nano.specs -mfpu=fpv4-sp-d16 -mfloat-abi=hard -mthumb -o "RTT/SEGGER_RTT.o"
arm-none-eabi-gcc -mcpu=cortex-m4 -g3 -c -x assembler-with-cpp -MMD -MP -MF"RTT/SEGGER_RTT_ASM_ARMv7M.d" -MT"RTT/SEGGER_RTT_ASM_ARMv7M.o" --specs=nano.specs -mfpu=fpv4-sp-d16 -mfloat-abi=hard -mthumb -o "RTT/SEGGER_RTT_ASM_ARMv7M.o" "../RTT/SEGGER_RTT_ASM_ARMv7M.S"
arm-none-eabi-gcc "../RTT/SEGGER_RTT_printf.c" -mcpu=cortex-m4 -std=gnu11 -g3 -DSTM32F405xx -DUSE_HAL_DRIVER -DDEBUG -c -I../Drivers/CMSIS/Device/ST/STM32F4xx/Include -I../Drivers/CMSIS/Include -I../Inc -I../Drivers/STM32F4xx_HAL_Driver/Inc -I../Drivers/STM32F4xx_HAL_Driver/Inc/Legacy -I"/home/chris/Projects/EmbeddedSw/CirrusDspFFTPedal_SW/SeggerRTTLib/RTT" -O0 -ffunction-sections -fdata-sections -Wall -fstack-usage -MMD -MP -MF"RTT/SEGGER_RTT_printf.d" -MT"RTT/SEGGER_RTT_printf.o" --specs=nano.specs -mfpu=fpv4-sp-d16 -mfloat-abi=hard -mthumb -o "RTT/SEGGER_RTT_printf.o"
arm-none-eabi-gcc "../Drivers/CMSIS/Device/ST/STM32F4xx/Source/Templates/system_stm32f4xx.c" -mcpu=cortex-m4 -std=gnu11 -g3 -DSTM32F405xx -DUSE_HAL_DRIVER -DDEBUG -c -I../Drivers/CMSIS/Device/ST/STM32F4xx/Include -I../Drivers/CMSIS/Include -I../Inc -I../Drivers/STM32F4xx_HAL_Driver/Inc -I../Drivers/STM32F4xx_HAL_Driver/Inc/Legacy -I"/home/chris/Projects/EmbeddedSw/CirrusDspFFTPedal_SW/SeggerRTTLib/RTT" -O0 -ffunction-sections -fdata-sections -Wall -fstack-usage -MMD -MP -MF"Drivers/CMSIS/Device/ST/STM32F4xx/Source/Templates/system_stm32f4xx.d" -MT"Drivers/CMSIS/Device/ST/STM32F4xx/Source/Templates/system_stm32f4xx.o" --specs=nano.specs -mfpu=fpv4-sp-d16 -mfloat-abi=hard -mthumb -o "Drivers/CMSIS/Device/ST/STM32F4xx/Source/Templates/system_stm32f4xx.o"
arm-none-eabi-ar -r  "libSeggerRTTLib.a" @"objects.list"  
arm-none-eabi-ar: creating libSeggerRTTLib.a
Finished building target: libSeggerRTTLib.a
 
16:54:50 **** Clean-only build of configuration Debug for project F405_LQFP64 ****
make -j4 clean 
rm -rf *
 
16:54:51 **** Incremental Build of configuration Debug for project F405_LQFP64 ****
make -j4 all 
arm-none-eabi-gcc "../Middlewares/Third_Party/FatFs/src/option/syscall.c" -mcpu=cortex-m4 -std=gnu11 -g3 -DSTM32F405xx -DUSE_HAL_DRIVER -DARM_MATH_CM4 -DDEBUG -c -I"/home/chris/Projects/EmbeddedSw/CirrusDspFFTPedal_SW/SeggerRTTLib" -I../Core/Inc -I../Drivers/STM32F4xx_HAL_Driver/Inc -I../Drivers/STM32F4xx_HAL_Driver/Inc/Legacy -I../Drivers/CMSIS/Device/ST/STM32F4xx/Include -I../Drivers/CMSIS/Include -I"/home/chris/Projects/EmbeddedSw/CirrusDspFFTPedal_SW/SeggerRTTLib/RTT" -I../Middlewares/Third_Party/ARM_CMSIS/CMSIS/Core/Include/ -I../Middlewares/Third_Party/ARM_CMSIS/CMSIS/Core_A/Include/ -I../FATFS/Target -I../FATFS/App -I../Middlewares/Third_Party/FatFs/src -I../../../../Lib/CMSIS_4/CMSIS/Include -O0 -ffunction-sections -fdata-sections -Wall -fstack-usage -MMD -MP -MF"Middlewares/Third_Party/FatFs/src/option/syscall.d" -MT"Middlewares/Third_Party/FatFs/src/option/syscall.o" --specs=nano.specs -mfpu=fpv4-sp-d16 -mfloat-abi=hard -mthumb -o "Middlewares/Third_Party/FatFs/src/option/syscall.o"
arm-none-eabi-gcc "../Middlewares/Third_Party/FatFs/src/diskio.c" -mcpu=cortex-m4 -std=gnu11 -g3 -DSTM32F405xx -DUSE_HAL_DRIVER -DARM_MATH_CM4 -DDEBUG -c -I"/home/chris/Projects/EmbeddedSw/CirrusDspFFTPedal_SW/SeggerRTTLib" -I../Core/Inc -I../Drivers/STM32F4xx_HAL_Driver/Inc -I../Drivers/STM32F4xx_HAL_Driver/Inc/Legacy -I../Drivers/CMSIS/Device/ST/STM32F4xx/Include -I../Drivers/CMSIS/Include -I"/home/chris/Projects/EmbeddedSw/CirrusDspFFTPedal_SW/SeggerRTTLib/RTT" -I../Middlewares/Third_Party/ARM_CMSIS/CMSIS/Core/Include/ -I../Middlewares/Third_Party/ARM_CMSIS/CMSIS/Core_A/Include/ -I../FATFS/Target -I../FATFS/App -I../Middlewares/Third_Party/FatFs/src -I../../../../Lib/CMSIS_4/CMSIS/Include -O0 -ffunction-sections -fdata-sections -Wall -fstack-usage -MMD -MP -MF"Middlewares/Third_Party/FatFs/src/diskio.d" -MT"Middlewares/Third_Party/FatFs/src/diskio.o" --specs=nano.specs -mfpu=fpv4-sp-d16 -mfloat-abi=hard -mthumb -o "Middlewares/Third_Party/FatFs/src/diskio.o"
arm-none-eabi-gcc "../Middlewares/Third_Party/FatFs/src/ff.c" -mcpu=cortex-m4 -std=gnu11 -g3 -DSTM32F405xx -DUSE_HAL_DRIVER -DARM_MATH_CM4 -DDEBUG -c -I"/home/chris/Projects/EmbeddedSw/CirrusDspFFTPedal_SW/SeggerRTTLib" -I../Core/Inc -I../Drivers/STM32F4xx_HAL_Driver/Inc -I../Drivers/STM32F4xx_HAL_Driver/Inc/Legacy -I../Drivers/CMSIS/Device/ST/STM32F4xx/Include -I../Drivers/CMSIS/Include -I"/home/chris/Projects/EmbeddedSw/CirrusDspFFTPedal_SW/SeggerRTTLib/RTT" -I../Middlewares/Third_Party/ARM_CMSIS/CMSIS/Core/Include/ -I../Middlewares/Third_Party/ARM_CMSIS/CMSIS/Core_A/Include/ -I../FATFS/Target -I../FATFS/App -I../Middlewares/Third_Party/FatFs/src -I../../../../Lib/CMSIS_4/CMSIS/Include -O0 -ffunction-sections -fdata-sections -Wall -fstack-usage -MMD -MP -MF"Middlewares/Third_Party/FatFs/src/ff.d" -MT"Middlewares/Third_Party/FatFs/src/ff.o" --specs=nano.specs -mfpu=fpv4-sp-d16 -mfloat-abi=hard -mthumb -o "Middlewares/Third_Party/FatFs/src/ff.o"
arm-none-eabi-gcc "../Middlewares/Third_Party/FatFs/src/ff_gen_drv.c" -mcpu=cortex-m4 -std=gnu11 -g3 -DSTM32F405xx -DUSE_HAL_DRIVER -DARM_MATH_CM4 -DDEBUG -c -I"/home/chris/Projects/EmbeddedSw/CirrusDspFFTPedal_SW/SeggerRTTLib" -I../Core/Inc -I../Drivers/STM32F4xx_HAL_Driver/Inc -I../Drivers/STM32F4xx_HAL_Driver/Inc/Legacy -I../Drivers/CMSIS/Device/ST/STM32F4xx/Include -I../Drivers/CMSIS/Include -I"/home/chris/Projects/EmbeddedSw/CirrusDspFFTPedal_SW/SeggerRTTLib/RTT" -I../Middlewares/Third_Party/ARM_CMSIS/CMSIS/Core/Include/ -I../Middlewares/Third_Party/ARM_CMSIS/CMSIS/Core_A/Include/ -I../FATFS/Target -I../FATFS/App -I../Middlewares/Third_Party/FatFs/src -I../../../../Lib/CMSIS_4/CMSIS/Include -O0 -ffunction-sections -fdata-sections -Wall -fstack-usage -MMD -MP -MF"Middlewares/Third_Party/FatFs/src/ff_gen_drv.d" -MT"Middlewares/Third_Party/FatFs/src/ff_gen_drv.o" --specs=nano.specs -mfpu=fpv4-sp-d16 -mfloat-abi=hard -mthumb -o "Middlewares/Third_Party/FatFs/src/ff_gen_drv.o"
arm-none-eabi-gcc "../FATFS/Target/bsp_driver_sd.c" -mcpu=cortex-m4 -std=gnu11 -g3 -DSTM32F405xx -DUSE_HAL_DRIVER -DARM_MATH_CM4 -DDEBUG -c -I"/home/chris/Projects/EmbeddedSw/CirrusDspFFTPedal_SW/SeggerRTTLib" -I../Core/Inc -I../Drivers/STM32F4xx_HAL_Driver/Inc -I../Drivers/STM32F4xx_HAL_Driver/Inc/Legacy -I../Drivers/CMSIS/Device/ST/STM32F4xx/Include -I../Drivers/CMSIS/Include -I"/home/chris/Projects/EmbeddedSw/CirrusDspFFTPedal_SW/SeggerRTTLib/RTT" -I../Middlewares/Third_Party/ARM_CMSIS/CMSIS/Core/Include/ -I../Middlewares/Third_Party/ARM_CMSIS/CMSIS/Core_A/Include/ -I../FATFS/Target -I../FATFS/App -I../Middlewares/Third_Party/FatFs/src -I../../../../Lib/CMSIS_4/CMSIS/Include -O0 -ffunction-sections -fdata-sections -Wall -fstack-usage -MMD -MP -MF"FATFS/Target/bsp_driver_sd.d" -MT"FATFS/Target/bsp_driver_sd.o" --specs=nano.specs -mfpu=fpv4-sp-d16 -mfloat-abi=hard -mthumb -o "FATFS/Target/bsp_driver_sd.o"
arm-none-eabi-gcc "../FATFS/Target/fatfs_platform.c" -mcpu=cortex-m4 -std=gnu11 -g3 -DSTM32F405xx -DUSE_HAL_DRIVER -DARM_MATH_CM4 -DDEBUG -c -I"/home/chris/Projects/EmbeddedSw/CirrusDspFFTPedal_SW/SeggerRTTLib" -I../Core/Inc -I../Drivers/STM32F4xx_HAL_Driver/Inc -I../Drivers/STM32F4xx_HAL_Driver/Inc/Legacy -I../Drivers/CMSIS/Device/ST/STM32F4xx/Include -I../Drivers/CMSIS/Include -I"/home/chris/Projects/EmbeddedSw/CirrusDspFFTPedal_SW/SeggerRTTLib/RTT" -I../Middlewares/Third_Party/ARM_CMSIS/CMSIS/Core/Include/ -I../Middlewares/Third_Party/ARM_CMSIS/CMSIS/Core_A/Include/ -I../FATFS/Target -I../FATFS/App -I../Middlewares/Third_Party/FatFs/src -I../../../../Lib/CMSIS_4/CMSIS/Include -O0 -ffunction-sections -fdata-sections -Wall -fstack-usage -MMD -MP -MF"FATFS/Target/fatfs_platform.d" -MT"FATFS/Target/fatfs_platform.o" --specs=nano.specs -mfpu=fpv4-sp-d16 -mfloat-abi=hard -mthumb -o "FATFS/Target/fatfs_platform.o"
arm-none-eabi-gcc "../FATFS/Target/sd_diskio.c" -mcpu=cortex-m4 -std=gnu11 -g3 -DSTM32F405xx -DUSE_HAL_DRIVER -DARM_MATH_CM4 -DDEBUG -c -I"/home/chris/Projects/EmbeddedSw/CirrusDspFFTPedal_SW/SeggerRTTLib" -I../Core/Inc -I../Drivers/STM32F4xx_HAL_Driver/Inc -I../Drivers/STM32F4xx_HAL_Driver/Inc/Legacy -I../Drivers/CMSIS/Device/ST/STM32F4xx/Include -I../Drivers/CMSIS/Include -I"/home/chris/Projects/EmbeddedSw/CirrusDspFFTPedal_SW/SeggerRTTLib/RTT" -I../Middlewares/Third_Party/ARM_CMSIS/CMSIS/Core/Include/ -I../Middlewares/Third_Party/ARM_CMSIS/CMSIS/Core_A/Include/ -I../FATFS/Target -I../FATFS/App -I../Middlewares/Third_Party/FatFs/src -I../../../../Lib/CMSIS_4/CMSIS/Include -O0 -ffunction-sections -fdata-sections -Wall -fstack-usage -MMD -MP -MF"FATFS/Target/sd_diskio.d" -MT"FATFS/Target/sd_diskio.o" --specs=nano.specs -mfpu=fpv4-sp-d16 -mfloat-abi=hard -mthumb -o "FATFS/Target/sd_diskio.o"
arm-none-eabi-gcc "../FATFS/App/fatfs.c" -mcpu=cortex-m4 -std=gnu11 -g3 -DSTM32F405xx -DUSE_HAL_DRIVER -DARM_MATH_CM4 -DDEBUG -c -I"/home/chris/Projects/EmbeddedSw/CirrusDspFFTPedal_SW/SeggerRTTLib" -I../Core/Inc -I../Drivers/STM32F4xx_HAL_Driver/Inc -I../Drivers/STM32F4xx_HAL_Driver/Inc/Legacy -I../Drivers/CMSIS/Device/ST/STM32F4xx/Include -I../Drivers/CMSIS/Include -I"/home/chris/Projects/EmbeddedSw/CirrusDspFFTPedal_SW/SeggerRTTLib/RTT" -I../Middlewares/Third_Party/ARM_CMSIS/CMSIS/Core/Include/ -I../Middlewares/Third_Party/ARM_CMSIS/CMSIS/Core_A/Include/ -I../FATFS/Target -I../FATFS/App -I../Middlewares/Third_Party/FatFs/src -I../../../../Lib/CMSIS_4/CMSIS/Include -O0 -ffunction-sections -fdata-sections -Wall -fstack-usage -MMD -MP -MF"FATFS/App/fatfs.d" -MT"FATFS/App/fatfs.o" --specs=nano.specs -mfpu=fpv4-sp-d16 -mfloat-abi=hard -mthumb -o "FATFS/App/fatfs.o"
arm-none-eabi-gcc "../Drivers/STM32F4xx_HAL_Driver/Src/stm32f4xx_hal.c" -mcpu=cortex-m4 -std=gnu11 -g3 -DSTM32F405xx -DUSE_HAL_DRIVER -DARM_MATH_CM4 -DDEBUG -c -I"/home/chris/Projects/EmbeddedSw/CirrusDspFFTPedal_SW/SeggerRTTLib" -I../Core/Inc -I../Drivers/STM32F4xx_HAL_Driver/Inc -I../Drivers/STM32F4xx_HAL_Driver/Inc/Legacy -I../Drivers/CMSIS/Device/ST/STM32F4xx/Include -I../Drivers/CMSIS/Include -I"/home/chris/Projects/EmbeddedSw/CirrusDspFFTPedal_SW/SeggerRTTLib/RTT" -I../Middlewares/Third_Party/ARM_CMSIS/CMSIS/Core/Include/ -I../Middlewares/Third_Party/ARM_CMSIS/CMSIS/Core_A/Include/ -I../FATFS/Target -I../FATFS/App -I../Middlewares/Third_Party/FatFs/src -I../../../../Lib/CMSIS_4/CMSIS/Include -O0 -ffunction-sections -fdata-sections -Wall -fstack-usage -MMD -MP -MF"Drivers/STM32F4xx_HAL_Driver/Src/stm32f4xx_hal.d" -MT"Drivers/STM32F4xx_HAL_Driver/Src/stm32f4xx_hal.o" --specs=nano.specs -mfpu=fpv4-sp-d16 -mfloat-abi=hard -mthumb -o "Drivers/STM32F4xx_HAL_Driver/Src/stm32f4xx_hal.o"
arm-none-eabi-gcc "../Drivers/STM32F4xx_HAL_Driver/Src/stm32f4xx_hal_adc.c" -mcpu=cortex-m4 -std=gnu11 -g3 -DSTM32F405xx -DUSE_HAL_DRIVER -DARM_MATH_CM4 -DDEBUG -c -I"/home/chris/Projects/EmbeddedSw/CirrusDspFFTPedal_SW/SeggerRTTLib" -I../Core/Inc -I../Drivers/STM32F4xx_HAL_Driver/Inc -I../Drivers/STM32F4xx_HAL_Driver/Inc/Legacy -I../Drivers/CMSIS/Device/ST/STM32F4xx/Include -I../Drivers/CMSIS/Include -I"/home/chris/Projects/EmbeddedSw/CirrusDspFFTPedal_SW/SeggerRTTLib/RTT" -I../Middlewares/Third_Party/ARM_CMSIS/CMSIS/Core/Include/ -I../Middlewares/Third_Party/ARM_CMSIS/CMSIS/Core_A/Include/ -I../FATFS/Target -I../FATFS/App -I../Middlewares/Third_Party/FatFs/src -I../../../../Lib/CMSIS_4/CMSIS/Include -O0 -ffunction-sections -fdata-sections -Wall -fstack-usage -MMD -MP -MF"Drivers/STM32F4xx_HAL_Driver/Src/stm32f4xx_hal_adc.d" -MT"Drivers/STM32F4xx_HAL_Driver/Src/stm32f4xx_hal_adc.o" --specs=nano.specs -mfpu=fpv4-sp-d16 -mfloat-abi=hard -mthumb -o "Drivers/STM32F4xx_HAL_Driver/Src/stm32f4xx_hal_adc.o"
arm-none-eabi-gcc "../Drivers/STM32F4xx_HAL_Driver/Src/stm32f4xx_hal_adc_ex.c" -mcpu=cortex-m4 -std=gnu11 -g3 -DSTM32F405xx -DUSE_HAL_DRIVER -DARM_MATH_CM4 -DDEBUG -c -I"/home/chris/Projects/EmbeddedSw/CirrusDspFFTPedal_SW/SeggerRTTLib" -I../Core/Inc -I../Drivers/STM32F4xx_HAL_Driver/Inc -I../Drivers/STM32F4xx_HAL_Driver/Inc/Legacy -I../Drivers/CMSIS/Device/ST/STM32F4xx/Include -I../Drivers/CMSIS/Include -I"/home/chris/Projects/EmbeddedSw/CirrusDspFFTPedal_SW/SeggerRTTLib/RTT" -I../Middlewares/Third_Party/ARM_CMSIS/CMSIS/Core/Include/ -I../Middlewares/Third_Party/ARM_CMSIS/CMSIS/Core_A/Include/ -I../FATFS/Target -I../FATFS/App -I../Middlewares/Third_Party/FatFs/src -I../../../../Lib/CMSIS_4/CMSIS/Include -O0 -ffunction-sections -fdata-sections -Wall -fstack-usage -MMD -MP -MF"Drivers/STM32F4xx_HAL_Driver/Src/stm32f4xx_hal_adc_ex.d" -MT"Drivers/STM32F4xx_HAL_Driver/Src/stm32f4xx_hal_adc_ex.o" --specs=nano.specs -mfpu=fpv4-sp-d16 -mfloat-abi=hard -mthumb -o "Drivers/STM32F4xx_HAL_Driver/Src/stm32f4xx_hal_adc_ex.o"
arm-none-eabi-gcc "../Drivers/STM32F4xx_HAL_Driver/Src/stm32f4xx_hal_cortex.c" -mcpu=cortex-m4 -std=gnu11 -g3 -DSTM32F405xx -DUSE_HAL_DRIVER -DARM_MATH_CM4 -DDEBUG -c -I"/home/chris/Projects/EmbeddedSw/CirrusDspFFTPedal_SW/SeggerRTTLib" -I../Core/Inc -I../Drivers/STM32F4xx_HAL_Driver/Inc -I../Drivers/STM32F4xx_HAL_Driver/Inc/Legacy -I../Drivers/CMSIS/Device/ST/STM32F4xx/Include -I../Drivers/CMSIS/Include -I"/home/chris/Projects/EmbeddedSw/CirrusDspFFTPedal_SW/SeggerRTTLib/RTT" -I../Middlewares/Third_Party/ARM_CMSIS/CMSIS/Core/Include/ -I../Middlewares/Third_Party/ARM_CMSIS/CMSIS/Core_A/Include/ -I../FATFS/Target -I../FATFS/App -I../Middlewares/Third_Party/FatFs/src -I../../../../Lib/CMSIS_4/CMSIS/Include -O0 -ffunction-sections -fdata-sections -Wall -fstack-usage -MMD -MP -MF"Drivers/STM32F4xx_HAL_Driver/Src/stm32f4xx_hal_cortex.d" -MT"Drivers/STM32F4xx_HAL_Driver/Src/stm32f4xx_hal_cortex.o" --specs=nano.specs -mfpu=fpv4-sp-d16 -mfloat-abi=hard -mthumb -o "Drivers/STM32F4xx_HAL_Driver/Src/stm32f4xx_hal_cortex.o"
arm-none-eabi-gcc "../Drivers/STM32F4xx_HAL_Driver/Src/stm32f4xx_hal_dma.c" -mcpu=cortex-m4 -std=gnu11 -g3 -DSTM32F405xx -DUSE_HAL_DRIVER -DARM_MATH_CM4 -DDEBUG -c -I"/home/chris/Projects/EmbeddedSw/CirrusDspFFTPedal_SW/SeggerRTTLib" -I../Core/Inc -I../Drivers/STM32F4xx_HAL_Driver/Inc -I../Drivers/STM32F4xx_HAL_Driver/Inc/Legacy -I../Drivers/CMSIS/Device/ST/STM32F4xx/Include -I../Drivers/CMSIS/Include -I"/home/chris/Projects/EmbeddedSw/CirrusDspFFTPedal_SW/SeggerRTTLib/RTT" -I../Middlewares/Third_Party/ARM_CMSIS/CMSIS/Core/Include/ -I../Middlewares/Third_Party/ARM_CMSIS/CMSIS/Core_A/Include/ -I../FATFS/Target -I../FATFS/App -I../Middlewares/Third_Party/FatFs/src -I../../../../Lib/CMSIS_4/CMSIS/Include -O0 -ffunction-sections -fdata-sections -Wall -fstack-usage -MMD -MP -MF"Drivers/STM32F4xx_HAL_Driver/Src/stm32f4xx_hal_dma.d" -MT"Drivers/STM32F4xx_HAL_Driver/Src/stm32f4xx_hal_dma.o" --specs=nano.specs -mfpu=fpv4-sp-d16 -mfloat-abi=hard -mthumb -o "Drivers/STM32F4xx_HAL_Driver/Src/stm32f4xx_hal_dma.o"
arm-none-eabi-gcc "../Drivers/STM32F4xx_HAL_Driver/Src/stm32f4xx_hal_dma_ex.c" -mcpu=cortex-m4 -std=gnu11 -g3 -DSTM32F405xx -DUSE_HAL_DRIVER -DARM_MATH_CM4 -DDEBUG -c -I"/home/chris/Projects/EmbeddedSw/CirrusDspFFTPedal_SW/SeggerRTTLib" -I../Core/Inc -I../Drivers/STM32F4xx_HAL_Driver/Inc -I../Drivers/STM32F4xx_HAL_Driver/Inc/Legacy -I../Drivers/CMSIS/Device/ST/STM32F4xx/Include -I../Drivers/CMSIS/Include -I"/home/chris/Projects/EmbeddedSw/CirrusDspFFTPedal_SW/SeggerRTTLib/RTT" -I../Middlewares/Third_Party/ARM_CMSIS/CMSIS/Core/Include/ -I../Middlewares/Third_Party/ARM_CMSIS/CMSIS/Core_A/Include/ -I../FATFS/Target -I../FATFS/App -I../Middlewares/Third_Party/FatFs/src -I../../../../Lib/CMSIS_4/CMSIS/Include -O0 -ffunction-sections -fdata-sections -Wall -fstack-usage -MMD -MP -MF"Drivers/STM32F4xx_HAL_Driver/Src/stm32f4xx_hal_dma_ex.d" -MT"Drivers/STM32F4xx_HAL_Driver/Src/stm32f4xx_hal_dma_ex.o" --specs=nano.specs -mfpu=fpv4-sp-d16 -mfloat-abi=hard -mthumb -o "Drivers/STM32F4xx_HAL_Driver/Src/stm32f4xx_hal_dma_ex.o"
arm-none-eabi-gcc "../Drivers/STM32F4xx_HAL_Driver/Src/stm32f4xx_hal_exti.c" -mcpu=cortex-m4 -std=gnu11 -g3 -DSTM32F405xx -DUSE_HAL_DRIVER -DARM_MATH_CM4 -DDEBUG -c -I"/home/chris/Projects/EmbeddedSw/CirrusDspFFTPedal_SW/SeggerRTTLib" -I../Core/Inc -I../Drivers/STM32F4xx_HAL_Driver/Inc -I../Drivers/STM32F4xx_HAL_Driver/Inc/Legacy -I../Drivers/CMSIS/Device/ST/STM32F4xx/Include -I../Drivers/CMSIS/Include -I"/home/chris/Projects/EmbeddedSw/CirrusDspFFTPedal_SW/SeggerRTTLib/RTT" -I../Middlewares/Third_Party/ARM_CMSIS/CMSIS/Core/Include/ -I../Middlewares/Third_Party/ARM_CMSIS/CMSIS/Core_A/Include/ -I../FATFS/Target -I../FATFS/App -I../Middlewares/Third_Party/FatFs/src -I../../../../Lib/CMSIS_4/CMSIS/Include -O0 -ffunction-sections -fdata-sections -Wall -fstack-usage -MMD -MP -MF"Drivers/STM32F4xx_HAL_Driver/Src/stm32f4xx_hal_exti.d" -MT"Drivers/STM32F4xx_HAL_Driver/Src/stm32f4xx_hal_exti.o" --specs=nano.specs -mfpu=fpv4-sp-d16 -mfloat-abi=hard -mthumb -o "Drivers/STM32F4xx_HAL_Driver/Src/stm32f4xx_hal_exti.o"
arm-none-eabi-gcc "../Drivers/STM32F4xx_HAL_Driver/Src/stm32f4xx_hal_flash.c" -mcpu=cortex-m4 -std=gnu11 -g3 -DSTM32F405xx -DUSE_HAL_DRIVER -DARM_MATH_CM4 -DDEBUG -c -I"/home/chris/Projects/EmbeddedSw/CirrusDspFFTPedal_SW/SeggerRTTLib" -I../Core/Inc -I../Drivers/STM32F4xx_HAL_Driver/Inc -I../Drivers/STM32F4xx_HAL_Driver/Inc/Legacy -I../Drivers/CMSIS/Device/ST/STM32F4xx/Include -I../Drivers/CMSIS/Include -I"/home/chris/Projects/EmbeddedSw/CirrusDspFFTPedal_SW/SeggerRTTLib/RTT" -I../Middlewares/Third_Party/ARM_CMSIS/CMSIS/Core/Include/ -I../Middlewares/Third_Party/ARM_CMSIS/CMSIS/Core_A/Include/ -I../FATFS/Target -I../FATFS/App -I../Middlewares/Third_Party/FatFs/src -I../../../../Lib/CMSIS_4/CMSIS/Include -O0 -ffunction-sections -fdata-sections -Wall -fstack-usage -MMD -MP -MF"Drivers/STM32F4xx_HAL_Driver/Src/stm32f4xx_hal_flash.d" -MT"Drivers/STM32F4xx_HAL_Driver/Src/stm32f4xx_hal_flash.o" --specs=nano.specs -mfpu=fpv4-sp-d16 -mfloat-abi=hard -mthumb -o "Drivers/STM32F4xx_HAL_Driver/Src/stm32f4xx_hal_flash.o"
arm-none-eabi-gcc "../Drivers/STM32F4xx_HAL_Driver/Src/stm32f4xx_hal_flash_ex.c" -mcpu=cortex-m4 -std=gnu11 -g3 -DSTM32F405xx -DUSE_HAL_DRIVER -DARM_MATH_CM4 -DDEBUG -c -I"/home/chris/Projects/EmbeddedSw/CirrusDspFFTPedal_SW/SeggerRTTLib" -I../Core/Inc -I../Drivers/STM32F4xx_HAL_Driver/Inc -I../Drivers/STM32F4xx_HAL_Driver/Inc/Legacy -I../Drivers/CMSIS/Device/ST/STM32F4xx/Include -I../Drivers/CMSIS/Include -I"/home/chris/Projects/EmbeddedSw/CirrusDspFFTPedal_SW/SeggerRTTLib/RTT" -I../Middlewares/Third_Party/ARM_CMSIS/CMSIS/Core/Include/ -I../Middlewares/Third_Party/ARM_CMSIS/CMSIS/Core_A/Include/ -I../FATFS/Target -I../FATFS/App -I../Middlewares/Third_Party/FatFs/src -I../../../../Lib/CMSIS_4/CMSIS/Include -O0 -ffunction-sections -fdata-sections -Wall -fstack-usage -MMD -MP -MF"Drivers/STM32F4xx_HAL_Driver/Src/stm32f4xx_hal_flash_ex.d" -MT"Drivers/STM32F4xx_HAL_Driver/Src/stm32f4xx_hal_flash_ex.o" --specs=nano.specs -mfpu=fpv4-sp-d16 -mfloat-abi=hard -mthumb -o "Drivers/STM32F4xx_HAL_Driver/Src/stm32f4xx_hal_flash_ex.o"
arm-none-eabi-gcc "../Drivers/STM32F4xx_HAL_Driver/Src/stm32f4xx_hal_flash_ramfunc.c" -mcpu=cortex-m4 -std=gnu11 -g3 -DSTM32F405xx -DUSE_HAL_DRIVER -DARM_MATH_CM4 -DDEBUG -c -I"/home/chris/Projects/EmbeddedSw/CirrusDspFFTPedal_SW/SeggerRTTLib" -I../Core/Inc -I../Drivers/STM32F4xx_HAL_Driver/Inc -I../Drivers/STM32F4xx_HAL_Driver/Inc/Legacy -I../Drivers/CMSIS/Device/ST/STM32F4xx/Include -I../Drivers/CMSIS/Include -I"/home/chris/Projects/EmbeddedSw/CirrusDspFFTPedal_SW/SeggerRTTLib/RTT" -I../Middlewares/Third_Party/ARM_CMSIS/CMSIS/Core/Include/ -I../Middlewares/Third_Party/ARM_CMSIS/CMSIS/Core_A/Include/ -I../FATFS/Target -I../FATFS/App -I../Middlewares/Third_Party/FatFs/src -I../../../../Lib/CMSIS_4/CMSIS/Include -O0 -ffunction-sections -fdata-sections -Wall -fstack-usage -MMD -MP -MF"Drivers/STM32F4xx_HAL_Driver/Src/stm32f4xx_hal_flash_ramfunc.d" -MT"Drivers/STM32F4xx_HAL_Driver/Src/stm32f4xx_hal_flash_ramfunc.o" --specs=nano.specs -mfpu=fpv4-sp-d16 -mfloat-abi=hard -mthumb -o "Drivers/STM32F4xx_HAL_Driver/Src/stm32f4xx_hal_flash_ramfunc.o"
arm-none-eabi-gcc "../Drivers/STM32F4xx_HAL_Driver/Src/stm32f4xx_hal_gpio.c" -mcpu=cortex-m4 -std=gnu11 -g3 -DSTM32F405xx -DUSE_HAL_DRIVER -DARM_MATH_CM4 -DDEBUG -c -I"/home/chris/Projects/EmbeddedSw/CirrusDspFFTPedal_SW/SeggerRTTLib" -I../Core/Inc -I../Drivers/STM32F4xx_HAL_Driver/Inc -I../Drivers/STM32F4xx_HAL_Driver/Inc/Legacy -I../Drivers/CMSIS/Device/ST/STM32F4xx/Include -I../Drivers/CMSIS/Include -I"/home/chris/Projects/EmbeddedSw/CirrusDspFFTPedal_SW/SeggerRTTLib/RTT" -I../Middlewares/Third_Party/ARM_CMSIS/CMSIS/Core/Include/ -I../Middlewares/Third_Party/ARM_CMSIS/CMSIS/Core_A/Include/ -I../FATFS/Target -I../FATFS/App -I../Middlewares/Third_Party/FatFs/src -I../../../../Lib/CMSIS_4/CMSIS/Include -O0 -ffunction-sections -fdata-sections -Wall -fstack-usage -MMD -MP -MF"Drivers/STM32F4xx_HAL_Driver/Src/stm32f4xx_hal_gpio.d" -MT"Drivers/STM32F4xx_HAL_Driver/Src/stm32f4xx_hal_gpio.o" --specs=nano.specs -mfpu=fpv4-sp-d16 -mfloat-abi=hard -mthumb -o "Drivers/STM32F4xx_HAL_Driver/Src/stm32f4xx_hal_gpio.o"
arm-none-eabi-gcc "../Drivers/STM32F4xx_HAL_Driver/Src/stm32f4xx_hal_i2s.c" -mcpu=cortex-m4 -std=gnu11 -g3 -DSTM32F405xx -DUSE_HAL_DRIVER -DARM_MATH_CM4 -DDEBUG -c -I"/home/chris/Projects/EmbeddedSw/CirrusDspFFTPedal_SW/SeggerRTTLib" -I../Core/Inc -I../Drivers/STM32F4xx_HAL_Driver/Inc -I../Drivers/STM32F4xx_HAL_Driver/Inc/Legacy -I../Drivers/CMSIS/Device/ST/STM32F4xx/Include -I../Drivers/CMSIS/Include -I"/home/chris/Projects/EmbeddedSw/CirrusDspFFTPedal_SW/SeggerRTTLib/RTT" -I../Middlewares/Third_Party/ARM_CMSIS/CMSIS/Core/Include/ -I../Middlewares/Third_Party/ARM_CMSIS/CMSIS/Core_A/Include/ -I../FATFS/Target -I../FATFS/App -I../Middlewares/Third_Party/FatFs/src -I../../../../Lib/CMSIS_4/CMSIS/Include -O0 -ffunction-sections -fdata-sections -Wall -fstack-usage -MMD -MP -MF"Drivers/STM32F4xx_HAL_Driver/Src/stm32f4xx_hal_i2s.d" -MT"Drivers/STM32F4xx_HAL_Driver/Src/stm32f4xx_hal_i2s.o" --specs=nano.specs -mfpu=fpv4-sp-d16 -mfloat-abi=hard -mthumb -o "Drivers/STM32F4xx_HAL_Driver/Src/stm32f4xx_hal_i2s.o"
arm-none-eabi-gcc "../Drivers/STM32F4xx_HAL_Driver/Src/stm32f4xx_hal_i2s_ex.c" -mcpu=cortex-m4 -std=gnu11 -g3 -DSTM32F405xx -DUSE_HAL_DRIVER -DARM_MATH_CM4 -DDEBUG -c -I"/home/chris/Projects/EmbeddedSw/CirrusDspFFTPedal_SW/SeggerRTTLib" -I../Core/Inc -I../Drivers/STM32F4xx_HAL_Driver/Inc -I../Drivers/STM32F4xx_HAL_Driver/Inc/Legacy -I../Drivers/CMSIS/Device/ST/STM32F4xx/Include -I../Drivers/CMSIS/Include -I"/home/chris/Projects/EmbeddedSw/CirrusDspFFTPedal_SW/SeggerRTTLib/RTT" -I../Middlewares/Third_Party/ARM_CMSIS/CMSIS/Core/Include/ -I../Middlewares/Third_Party/ARM_CMSIS/CMSIS/Core_A/Include/ -I../FATFS/Target -I../FATFS/App -I../Middlewares/Third_Party/FatFs/src -I../../../../Lib/CMSIS_4/CMSIS/Include -O0 -ffunction-sections -fdata-sections -Wall -fstack-usage -MMD -MP -MF"Drivers/STM32F4xx_HAL_Driver/Src/stm32f4xx_hal_i2s_ex.d" -MT"Drivers/STM32F4xx_HAL_Driver/Src/stm32f4xx_hal_i2s_ex.o" --specs=nano.specs -mfpu=fpv4-sp-d16 -mfloat-abi=hard -mthumb -o "Drivers/STM32F4xx_HAL_Driver/Src/stm32f4xx_hal_i2s_ex.o"
arm-none-eabi-gcc "../Drivers/STM32F4xx_HAL_Driver/Src/stm32f4xx_hal_pwr.c" -mcpu=cortex-m4 -std=gnu11 -g3 -DSTM32F405xx -DUSE_HAL_DRIVER -DARM_MATH_CM4 -DDEBUG -c -I"/home/chris/Projects/EmbeddedSw/CirrusDspFFTPedal_SW/SeggerRTTLib" -I../Core/Inc -I../Drivers/STM32F4xx_HAL_Driver/Inc -I../Drivers/STM32F4xx_HAL_Driver/Inc/Legacy -I../Drivers/CMSIS/Device/ST/STM32F4xx/Include -I../Drivers/CMSIS/Include -I"/home/chris/Projects/EmbeddedSw/CirrusDspFFTPedal_SW/SeggerRTTLib/RTT" -I../Middlewares/Third_Party/ARM_CMSIS/CMSIS/Core/Include/ -I../Middlewares/Third_Party/ARM_CMSIS/CMSIS/Core_A/Include/ -I../FATFS/Target -I../FATFS/App -I../Middlewares/Third_Party/FatFs/src -I../../../../Lib/CMSIS_4/CMSIS/Include -O0 -ffunction-sections -fdata-sections -Wall -fstack-usage -MMD -MP -MF"Drivers/STM32F4xx_HAL_Driver/Src/stm32f4xx_hal_pwr.d" -MT"Drivers/STM32F4xx_HAL_Driver/Src/stm32f4xx_hal_pwr.o" --specs=nano.specs -mfpu=fpv4-sp-d16 -mfloat-abi=hard -mthumb -o "Drivers/STM32F4xx_HAL_Driver/Src/stm32f4xx_hal_pwr.o"
[...]
arm-none-eabi-gcc "../Core/Src/adc.c" -mcpu=cortex-m4 -std=gnu11 -g3 -DSTM32F405xx -DUSE_HAL_DRIVER -DARM_MATH_CM4 -DDEBUG -c -I"/home/chris/Projects/EmbeddedSw/CirrusDspFFTPedal_SW/SeggerRTTLib" -I../Core/Inc -I../Drivers/STM32F4xx_HAL_Driver/Inc -I../Drivers/STM32F4xx_HAL_Driver/Inc/Legacy -I../Drivers/CMSIS/Device/ST/STM32F4xx/Include -I../Drivers/CMSIS/Include -I"/home/chris/Projects/EmbeddedSw/CirrusDspFFTPedal_SW/SeggerRTTLib/RTT" -I../Middlewares/Third_Party/ARM_CMSIS/CMSIS/Core/Include/ -I../Middlewares/Third_Party/ARM_CMSIS/CMSIS/Core_A/Include/ -I../FATFS/Target -I../FATFS/App -I../Middlewares/Third_Party/FatFs/src -I../../../../Lib/CMSIS_4/CMSIS/Include -O0 -ffunction-sections -fdata-sections -Wall -fstack-usage -MMD -MP -MF"Core/Src/adc.d" -MT"Core/Src/adc.o" --specs=nano.specs -mfpu=fpv4-sp-d16 -mfloat-abi=hard -mthumb -o "Core/Src/adc.o"
arm-none-eabi-gcc "../Core/Src/dma.c" -mcpu=cortex-m4 -std=gnu11 -g3 -DSTM32F405xx -DUSE_HAL_DRIVER -DARM_MATH_CM4 -DDEBUG -c -I"/home/chris/Projects/EmbeddedSw/CirrusDspFFTPedal_SW/SeggerRTTLib" -I../Core/Inc -I../Drivers/STM32F4xx_HAL_Driver/Inc -I../Drivers/STM32F4xx_HAL_Driver/Inc/Legacy -I../Drivers/CMSIS/Device/ST/STM32F4xx/Include -I../Drivers/CMSIS/Include -I"/home/chris/Projects/EmbeddedSw/CirrusDspFFTPedal_SW/SeggerRTTLib/RTT" -I../Middlewares/Third_Party/ARM_CMSIS/CMSIS/Core/Include/ -I../Middlewares/Third_Party/ARM_CMSIS/CMSIS/Core_A/Include/ -I../FATFS/Target -I../FATFS/App -I../Middlewares/Third_Party/FatFs/src -I../../../../Lib/CMSIS_4/CMSIS/Include -O0 -ffunction-sections -fdata-sections -Wall -fstack-usage -MMD -MP -MF"Core/Src/dma.d" -MT"Core/Src/dma.o" --specs=nano.specs -mfpu=fpv4-sp-d16 -mfloat-abi=hard -mthumb -o "Core/Src/dma.o"
arm-none-eabi-gcc "../Core/Src/gpio.c" -mcpu=cortex-m4 -std=gnu11 -g3 -DSTM32F405xx -DUSE_HAL_DRIVER -DARM_MATH_CM4 -DDEBUG -c -I"/home/chris/Projects/EmbeddedSw/CirrusDspFFTPedal_SW/SeggerRTTLib" -I../Core/Inc -I../Drivers/STM32F4xx_HAL_Driver/Inc -I../Drivers/STM32F4xx_HAL_Driver/Inc/Legacy -I../Drivers/CMSIS/Device/ST/STM32F4xx/Include -I../Drivers/CMSIS/Include -I"/home/chris/Projects/EmbeddedSw/CirrusDspFFTPedal_SW/SeggerRTTLib/RTT" -I../Middlewares/Third_Party/ARM_CMSIS/CMSIS/Core/Include/ -I../Middlewares/Third_Party/ARM_CMSIS/CMSIS/Core_A/Include/ -I../FATFS/Target -I../FATFS/App -I../Middlewares/Third_Party/FatFs/src -I../../../../Lib/CMSIS_4/CMSIS/Include -O0 -ffunction-sections -fdata-sections -Wall -fstack-usage -MMD -MP -MF"Core/Src/gpio.d" -MT"Core/Src/gpio.o" --specs=nano.specs -mfpu=fpv4-sp-d16 -mfloat-abi=hard -mthumb -o "Core/Src/gpio.o"
arm-none-eabi-gcc "../Core/Src/i2s.c" -mcpu=cortex-m4 -std=gnu11 -g3 -DSTM32F405xx -DUSE_HAL_DRIVER -DARM_MATH_CM4 -DDEBUG -c -I"/home/chris/Projects/EmbeddedSw/CirrusDspFFTPedal_SW/SeggerRTTLib" -I../Core/Inc -I../Drivers/STM32F4xx_HAL_Driver/Inc -I../Drivers/STM32F4xx_HAL_Driver/Inc/Legacy -I../Drivers/CMSIS/Device/ST/STM32F4xx/Include -I../Drivers/CMSIS/Include -I"/home/chris/Projects/EmbeddedSw/CirrusDspFFTPedal_SW/SeggerRTTLib/RTT" -I../Middlewares/Third_Party/ARM_CMSIS/CMSIS/Core/Include/ -I../Middlewares/Third_Party/ARM_CMSIS/CMSIS/Core_A/Include/ -I../FATFS/Target -I../FATFS/App -I../Middlewares/Third_Party/FatFs/src -I../../../../Lib/CMSIS_4/CMSIS/Include -O0 -ffunction-sections -fdata-sections -Wall -fstack-usage -MMD -MP -MF"Core/Src/i2s.d" -MT"Core/Src/i2s.o" --specs=nano.specs -mfpu=fpv4-sp-d16 -mfloat-abi=hard -mthumb -o "Core/Src/i2s.o"
arm-none-eabi-gcc "../Core/Src/main.c" -mcpu=cortex-m4 -std=gnu11 -g3 -DSTM32F405xx -DUSE_HAL_DRIVER -DARM_MATH_CM4 -DDEBUG -c -I"/home/chris/Projects/EmbeddedSw/CirrusDspFFTPedal_SW/SeggerRTTLib" -I../Core/Inc -I../Drivers/STM32F4xx_HAL_Driver/Inc -I../Drivers/STM32F4xx_HAL_Driver/Inc/Legacy -I../Drivers/CMSIS/Device/ST/STM32F4xx/Include -I../Drivers/CMSIS/Include -I"/home/chris/Projects/EmbeddedSw/CirrusDspFFTPedal_SW/SeggerRTTLib/RTT" -I../Middlewares/Third_Party/ARM_CMSIS/CMSIS/Core/Include/ -I../Middlewares/Third_Party/ARM_CMSIS/CMSIS/Core_A/Include/ -I../FATFS/Target -I../FATFS/App -I../Middlewares/Third_Party/FatFs/src -I../../../../Lib/CMSIS_4/CMSIS/Include -O0 -ffunction-sections -fdata-sections -Wall -fstack-usage -MMD -MP -MF"Core/Src/main.d" -MT"Core/Src/main.o" --specs=nano.specs -mfpu=fpv4-sp-d16 -mfloat-abi=hard -mthumb -o "Core/Src/main.o"
arm-none-eabi-gcc "../Core/Src/sdio.c" -mcpu=cortex-m4 -std=gnu11 -g3 -DSTM32F405xx -DUSE_HAL_DRIVER -DARM_MATH_CM4 -DDEBUG -c -I"/home/chris/Projects/EmbeddedSw/CirrusDspFFTPedal_SW/SeggerRTTLib" -I../Core/Inc -I../Drivers/STM32F4xx_HAL_Driver/Inc -I../Drivers/STM32F4xx_HAL_Driver/Inc/Legacy -I../Drivers/CMSIS/Device/ST/STM32F4xx/Include -I../Drivers/CMSIS/Include -I"/home/chris/Projects/EmbeddedSw/CirrusDspFFTPedal_SW/SeggerRTTLib/RTT" -I../Middlewares/Third_Party/ARM_CMSIS/CMSIS/Core/Include/ -I../Middlewares/Third_Party/ARM_CMSIS/CMSIS/Core_A/Include/ -I../FATFS/Target -I../FATFS/App -I../Middlewares/Third_Party/FatFs/src -I../../../../Lib/CMSIS_4/CMSIS/Include -O0 -ffunction-sections -fdata-sections -Wall -fstack-usage -MMD -MP -MF"Core/Src/sdio.d" -MT"Core/Src/sdio.o" --specs=nano.specs -mfpu=fpv4-sp-d16 -mfloat-abi=hard -mthumb -o "Core/Src/sdio.o"
arm-none-eabi-gcc "../Core/Src/stm32f4xx_hal_msp.c" -mcpu=cortex-m4 -std=gnu11 -g3 -DSTM32F405xx -DUSE_HAL_DRIVER -DARM_MATH_CM4 -DDEBUG -c -I"/home/chris/Projects/EmbeddedSw/CirrusDspFFTPedal_SW/SeggerRTTLib" -I../Core/Inc -I../Drivers/STM32F4xx_HAL_Driver/Inc -I../Drivers/STM32F4xx_HAL_Driver/Inc/Legacy -I../Drivers/CMSIS/Device/ST/STM32F4xx/Include -I../Drivers/CMSIS/Include -I"/home/chris/Projects/EmbeddedSw/CirrusDspFFTPedal_SW/SeggerRTTLib/RTT" -I../Middlewares/Third_Party/ARM_CMSIS/CMSIS/Core/Include/ -I../Middlewares/Third_Party/ARM_CMSIS/CMSIS/Core_A/Include/ -I../FATFS/Target -I../FATFS/App -I../Middlewares/Third_Party/FatFs/src -I../../../../Lib/CMSIS_4/CMSIS/Include -O0 -ffunction-sections -fdata-sections -Wall -fstack-usage -MMD -MP -MF"Core/Src/stm32f4xx_hal_msp.d" -MT"Core/Src/stm32f4xx_hal_msp.o" --specs=nano.specs -mfpu=fpv4-sp-d16 -mfloat-abi=hard -mthumb -o "Core/Src/stm32f4xx_hal_msp.o"
arm-none-eabi-gcc "../Core/Src/stm32f4xx_it.c" -mcpu=cortex-m4 -std=gnu11 -g3 -DSTM32F405xx -DUSE_HAL_DRIVER -DARM_MATH_CM4 -DDEBUG -c -I"/home/chris/Projects/EmbeddedSw/CirrusDspFFTPedal_SW/SeggerRTTLib" -I../Core/Inc -I../Drivers/STM32F4xx_HAL_Driver/Inc -I../Drivers/STM32F4xx_HAL_Driver/Inc/Legacy -I../Drivers/CMSIS/Device/ST/STM32F4xx/Include -I../Drivers/CMSIS/Include -I"/home/chris/Projects/EmbeddedSw/CirrusDspFFTPedal_SW/SeggerRTTLib/RTT" -I../Middlewares/Third_Party/ARM_CMSIS/CMSIS/Core/Include/ -I../Middlewares/Third_Party/ARM_CMSIS/CMSIS/Core_A/Include/ -I../FATFS/Target -I../FATFS/App -I../Middlewares/Third_Party/FatFs/src -I../../../../Lib/CMSIS_4/CMSIS/Include -O0 -ffunction-sections -fdata-sections -Wall -fstack-usage -MMD -MP -MF"Core/Src/stm32f4xx_it.d" -MT"Core/Src/stm32f4xx_it.o" --specs=nano.specs -mfpu=fpv4-sp-d16 -mfloat-abi=hard -mthumb -o "Core/Src/stm32f4xx_it.o"
arm-none-eabi-gcc "../Core/Src/system_stm32f4xx.c" -mcpu=cortex-m4 -std=gnu11 -g3 -DSTM32F405xx -DUSE_HAL_DRIVER -DARM_MATH_CM4 -DDEBUG -c -I"/home/chris/Projects/EmbeddedSw/CirrusDspFFTPedal_SW/SeggerRTTLib" -I../Core/Inc -I../Drivers/STM32F4xx_HAL_Driver/Inc -I../Drivers/STM32F4xx_HAL_Driver/Inc/Legacy -I../Drivers/CMSIS/Device/ST/STM32F4xx/Include -I../Drivers/CMSIS/Include -I"/home/chris/Projects/EmbeddedSw/CirrusDspFFTPedal_SW/SeggerRTTLib/RTT" -I../Middlewares/Third_Party/ARM_CMSIS/CMSIS/Core/Include/ -I../Middlewares/Third_Party/ARM_CMSIS/CMSIS/Core_A/Include/ -I../FATFS/Target -I../FATFS/App -I../Middlewares/Third_Party/FatFs/src -I../../../../Lib/CMSIS_4/CMSIS/Include -O0 -ffunction-sections -fdata-sections -Wall -fstack-usage -MMD -MP -MF"Core/Src/system_stm32f4xx.d" -MT"Core/Src/system_stm32f4xx.o" --specs=nano.specs -mfpu=fpv4-sp-d16 -mfloat-abi=hard -mthumb -o "Core/Src/system_stm32f4xx.o"
arm-none-eabi-gcc "../Core/Src/tim.c" -mcpu=cortex-m4 -std=gnu11 -g3 -DSTM32F405xx -DUSE_HAL_DRIVER -DARM_MATH_CM4 -DDEBUG -c -I"/home/chris/Projects/EmbeddedSw/CirrusDspFFTPedal_SW/SeggerRTTLib" -I../Core/Inc -I../Drivers/STM32F4xx_HAL_Driver/Inc -I../Drivers/STM32F4xx_HAL_Driver/Inc/Legacy -I../Drivers/CMSIS/Device/ST/STM32F4xx/Include -I../Drivers/CMSIS/Include -I"/home/chris/Projects/EmbeddedSw/CirrusDspFFTPedal_SW/SeggerRTTLib/RTT" -I../Middlewares/Third_Party/ARM_CMSIS/CMSIS/Core/Include/ -I../Middlewares/Third_Party/ARM_CMSIS/CMSIS/Core_A/Include/ -I../FATFS/Target -I../FATFS/App -I../Middlewares/Third_Party/FatFs/src -I../../../../Lib/CMSIS_4/CMSIS/Include -O0 -ffunction-sections -fdata-sections -Wall -fstack-usage -MMD -MP -MF"Core/Src/tim.d" -MT"Core/Src/tim.o" --specs=nano.specs -mfpu=fpv4-sp-d16 -mfloat-abi=hard -mthumb -o "Core/Src/tim.o"
arm-none-eabi-gcc "../Core/Src/use_microsd.c" -mcpu=cortex-m4 -std=gnu11 -g3 -DSTM32F405xx -DUSE_HAL_DRIVER -DARM_MATH_CM4 -DDEBUG -c -I"/home/chris/Projects/EmbeddedSw/CirrusDspFFTPedal_SW/SeggerRTTLib" -I../Core/Inc -I../Drivers/STM32F4xx_HAL_Driver/Inc -I../Drivers/STM32F4xx_HAL_Driver/Inc/Legacy -I../Drivers/CMSIS/Device/ST/STM32F4xx/Include -I../Drivers/CMSIS/Include -I"/home/chris/Projects/EmbeddedSw/CirrusDspFFTPedal_SW/SeggerRTTLib/RTT" -I../Middlewares/Third_Party/ARM_CMSIS/CMSIS/Core/Include/ -I../Middlewares/Third_Party/ARM_CMSIS/CMSIS/Core_A/Include/ -I../FATFS/Target -I../FATFS/App -I../Middlewares/Third_Party/FatFs/src -I../../../../Lib/CMSIS_4/CMSIS/Include -O0 -ffunction-sections -fdata-sections -Wall -fstack-usage -MMD -MP -MF"Core/Src/use_microsd.d" -MT"Core/Src/use_microsd.o" --specs=nano.specs -mfpu=fpv4-sp-d16 -mfloat-abi=hard -mthumb -o "Core/Src/use_microsd.o"
arm-none-eabi-gcc "../Core/Src/user_input.c" -mcpu=cortex-m4 -std=gnu11 -g3 -DSTM32F405xx -DUSE_HAL_DRIVER -DARM_MATH_CM4 -DDEBUG -c -I"/home/chris/Projects/EmbeddedSw/CirrusDspFFTPedal_SW/SeggerRTTLib" -I../Core/Inc -I../Drivers/STM32F4xx_HAL_Driver/Inc -I../Drivers/STM32F4xx_HAL_Driver/Inc/Legacy -I../Drivers/CMSIS/Device/ST/STM32F4xx/Include -I../Drivers/CMSIS/Include -I"/home/chris/Projects/EmbeddedSw/CirrusDspFFTPedal_SW/SeggerRTTLib/RTT" -I../Middlewares/Third_Party/ARM_CMSIS/CMSIS/Core/Include/ -I../Middlewares/Third_Party/ARM_CMSIS/CMSIS/Core_A/Include/ -I../FATFS/Target -I../FATFS/App -I../Middlewares/Third_Party/FatFs/src -I../../../../Lib/CMSIS_4/CMSIS/Include -O0 -ffunction-sections -fdata-sections -Wall -fstack-usage -MMD -MP -MF"Core/Src/user_input.d" -MT"Core/Src/user_input.o" --specs=nano.specs -mfpu=fpv4-sp-d16 -mfloat-abi=hard -mthumb -o "Core/Src/user_input.o"
arm-none-eabi-gcc -o "F405_LQFP64.elf" @"objects.list"  -lSeggerRTTLib -larm_cortexM4lf_math -mcpu=cortex-m4 -T"/home/chris/Projects/EmbeddedSw/CirrusDspFFTPedal_SW/F405_LQFP64/STM32F405RGTX_FLASH.ld" --specs=nosys.specs -Wl,-Map="F405_LQFP64.map" -Wl,--gc-sections -static -L"/home/chris/Projects/EmbeddedSw/CirrusDspFFTPedal_SW/SeggerRTTLib/Debug" -L../../../../Lib/CMSIS_4/CMSIS/Lib/GCC --specs=nano.specs -mfpu=fpv4-sp-d16 -mfloat-abi=hard -mthumb -Wl,--start-group -lc -lm -Wl,--end-group
Finished building target: F405_LQFP64.elf
 
arm-none-eabi-objdump -h -S  F405_LQFP64.elf  > "F405_LQFP64.list"
arm-none-eabi-objcopy  -O binary  F405_LQFP64.elf  "F405_LQFP64.bin"
arm-none-eabi-size   F405_LQFP64.elf 
   text	   data	    bss	    dec	    hex	filename
  43128	    140	  37588	  80856	  13bd8	F405_LQFP64.elf
Finished building: default.size.stdout
 
Finished building: F405_LQFP64.bin
 
Finished building: F405_LQFP64.list
 
11:55:21 **** Incremental Build of configuration Debug for project SeggerRTTLib ****
make -j4 all 
make: Nothing to be done for 'all'.
11:55:21 **** Incremental Build of configuration Debug for project F405_LQFP64 ****
make -j4 all 
arm-none-eabi-size   F405_LQFP64.elf 
   text	   data	    bss	    dec	    hex	filename
  43128	    140	  37588	  80856	  13bd8	F405_LQFP64.elf
Finished building: default.size.stdout
 
12:02:37 **** Incremental Build of configuration Debug for project SeggerRTTLib ****
make -j4 all 
make: Nothing to be done for 'all'.
12:02:38 **** Incremental Build of configuration Debug for project F405_LQFP64 ****
make -j4 all 
arm-none-eabi-gcc "../Core/Src/main.c" -mcpu=cortex-m4 -std=gnu11 -g3 -DSTM32F405xx -DUSE_HAL_DRIVER -DARM_MATH_CM4 -DDEBUG -c -I"/home/chris/Projects/EmbeddedSw/CirrusDspFFTPedal_SW/SeggerRTTLib" -I../Core/Inc -I../Drivers/STM32F4xx_HAL_Driver/Inc -I../Drivers/STM32F4xx_HAL_Driver/Inc/Legacy -I../Drivers/CMSIS/Device/ST/STM32F4xx/Include -I../Drivers/CMSIS/Include -I"/home/chris/Projects/EmbeddedSw/CirrusDspFFTPedal_SW/SeggerRTTLib/RTT" -I../Middlewares/Third_Party/ARM_CMSIS/CMSIS/Core/Include/ -I../Middlewares/Third_Party/ARM_CMSIS/CMSIS/Core_A/Include/ -I../FATFS/Target -I../FATFS/App -I../Middlewares/Third_Party/FatFs/src -I../../../../Lib/CMSIS_4/CMSIS/Include -O0 -ffunction-sections -fdata-sections -Wall -fstack-usage -MMD -MP -MF"Core/Src/main.d" -MT"Core/Src/main.o" --specs=nano.specs -mfpu=fpv4-sp-d16 -mfloat-abi=hard -mthumb -o "Core/Src/main.o"
arm-none-eabi-gcc -o "F405_LQFP64.elf" @"objects.list"  -lSeggerRTTLib -larm_cortexM4lf_math -mcpu=cortex-m4 -T"/home/chris/Projects/EmbeddedSw/CirrusDspFFTPedal_SW/F405_LQFP64/STM32F405RGTX_FLASH.ld" --specs=nosys.specs -Wl,-Map="F405_LQFP64.map" -Wl,--gc-sections -static -L"/home/chris/Projects/EmbeddedSw/CirrusDspFFTPedal_SW/SeggerRTTLib/Debug" -L../../../../Lib/CMSIS_4/CMSIS/Lib/GCC --specs=nano.specs -mfpu=fpv4-sp-d16 -mfloat-abi=hard -mthumb -Wl,--start-group -lc -lm -Wl,--end-group
Finished building target: F405_LQFP64.elf
 
arm-none-eabi-objdump -h -S  F405_LQFP64.elf  > "F405_LQFP64.list"
arm-none-eabi-objcopy  -O binary  F405_LQFP64.elf  "F405_LQFP64.bin"
arm-none-eabi-size   F405_LQFP64.elf 
   text	   data	    bss	    dec	    hex	filename
  43152	    140	  37588	  80880	  13bf0	F405_LQFP64.elf
Finished building: default.size.stdout
 
Finished building: F405_LQFP64.bin
 
Finished building: F405_LQFP64.list
 
12:08:23 **** Incremental Build of configuration Debug for project SeggerRTTLib ****
make -j4 all 
make: Nothing to be done for 'all'.
12:08:23 **** Incremental Build of configuration Debug for project SeggerRTTLib ****
make -j4 all 
make: Nothing to be done for 'all'.
12:08:24 **** Incremental Build of configuration Debug for project F405_LQFP64 ****
make -j4 all 
arm-none-eabi-gcc "../Core/Src/main.c" -mcpu=cortex-m4 -std=gnu11 -g3 -DSTM32F405xx -DUSE_HAL_DRIVER -DARM_MATH_CM4 -DDEBUG -c -I"/home/chris/Projects/EmbeddedSw/CirrusDspFFTPedal_SW/SeggerRTTLib" -I../Core/Inc -I../Drivers/STM32F4xx_HAL_Driver/Inc -I../Drivers/STM32F4xx_HAL_Driver/Inc/Legacy -I../Drivers/CMSIS/Device/ST/STM32F4xx/Include -I../Drivers/CMSIS/Include -I"/home/chris/Projects/EmbeddedSw/CirrusDspFFTPedal_SW/SeggerRTTLib/RTT" -I../Middlewares/Third_Party/ARM_CMSIS/CMSIS/Core/Include/ -I../Middlewares/Third_Party/ARM_CMSIS/CMSIS/Core_A/Include/ -I../FATFS/Target -I../FATFS/App -I../Middlewares/Third_Party/FatFs/src -I../../../../Lib/CMSIS_4/CMSIS/Include -O0 -ffunction-sections -fdata-sections -Wall -fstack-usage -MMD -MP -MF"Core/Src/main.d" -MT"Core/Src/main.o" --specs=nano.specs -mfpu=fpv4-sp-d16 -mfloat-abi=hard -mthumb -o "Core/Src/main.o"
../Core/Src/main.c: In function 'main':
../Core/Src/main.c:413:61: warning: format '%lu' expects argument of type 'long unsigned int', but argument 6 has type 'uint32_t * {aka long unsigned int *}' [-Wformat=]
  printf("RIGHT KNOB %lu (%lu) - LEFT KNOB %lu (%lu) - EXP %lu\r\n", TIM3->CNT, tim3_dir , TIM4->CNT , tim4_dir, adc_input_data_buffer);
                                                           ~~^                                                   ~~~~~~~~~~~~~~~~~~~~~
                                                           %ln
arm-none-eabi-gcc -o "F405_LQFP64.elf" @"objects.list"  -lSeggerRTTLib -larm_cortexM4lf_math -mcpu=cortex-m4 -T"/home/chris/Projects/EmbeddedSw/CirrusDspFFTPedal_SW/F405_LQFP64/STM32F405RGTX_FLASH.ld" --specs=nosys.specs -Wl,-Map="F405_LQFP64.map" -Wl,--gc-sections -static -L"/home/chris/Projects/EmbeddedSw/CirrusDspFFTPedal_SW/SeggerRTTLib/Debug" -L../../../../Lib/CMSIS_4/CMSIS/Lib/GCC --specs=nano.specs -mfpu=fpv4-sp-d16 -mfloat-abi=hard -mthumb -Wl,--start-group -lc -lm -Wl,--end-group
Finished building target: F405_LQFP64.elf
 
arm-none-eabi-objdump -h -S  F405_LQFP64.elf  > "F405_LQFP64.list"
arm-none-eabi-objcopy  -O binary  F405_LQFP64.elf  "F405_LQFP64.bin"
arm-none-eabi-size   F405_LQFP64.elf 
   text	   data	    bss	    dec	    hex	filename
  43164	    140	  37588	  80892	  13bfc	F405_LQFP64.elf
Finished building: default.size.stdout
 
Finished building: F405_LQFP64.bin
 
Finished building: F405_LQFP64.list
 
12:09:02 **** Incremental Build of configuration Debug for project SeggerRTTLib ****
make -j4 all 
make: Nothing to be done for 'all'.
12:09:03 **** Incremental Build of configuration Debug for project F405_LQFP64 ****
make -j4 all 
arm-none-eabi-gcc "../Core/Src/main.c" -mcpu=cortex-m4 -std=gnu11 -g3 -DSTM32F405xx -DUSE_HAL_DRIVER -DARM_MATH_CM4 -DDEBUG -c -I"/home/chris/Projects/EmbeddedSw/CirrusDspFFTPedal_SW/SeggerRTTLib" -I../Core/Inc -I../Drivers/STM32F4xx_HAL_Driver/Inc -I../Drivers/STM32F4xx_HAL_Driver/Inc/Legacy -I../Drivers/CMSIS/Device/ST/STM32F4xx/Include -I../Drivers/CMSIS/Include -I"/home/chris/Projects/EmbeddedSw/CirrusDspFFTPedal_SW/SeggerRTTLib/RTT" -I../Middlewares/Third_Party/ARM_CMSIS/CMSIS/Core/Include/ -I../Middlewares/Third_Party/ARM_CMSIS/CMSIS/Core_A/Include/ -I../FATFS/Target -I../FATFS/App -I../Middlewares/Third_Party/FatFs/src -I../../../../Lib/CMSIS_4/CMSIS/Include -O0 -ffunction-sections -fdata-sections -Wall -fstack-usage -MMD -MP -MF"Core/Src/main.d" -MT"Core/Src/main.o" --specs=nano.specs -mfpu=fpv4-sp-d16 -mfloat-abi=hard -mthumb -o "Core/Src/main.o"
arm-none-eabi-gcc -o "F405_LQFP64.elf" @"objects.list"  -lSeggerRTTLib -larm_cortexM4lf_math -mcpu=cortex-m4 -T"/home/chris/Projects/EmbeddedSw/CirrusDspFFTPedal_SW/F405_LQFP64/STM32F405RGTX_FLASH.ld" --specs=nosys.specs -Wl,-Map="F405_LQFP64.map" -Wl,--gc-sections -static -L"/home/chris/Projects/EmbeddedSw/CirrusDspFFTPedal_SW/SeggerRTTLib/Debug" -L../../../../Lib/CMSIS_4/CMSIS/Lib/GCC --specs=nano.specs -mfpu=fpv4-sp-d16 -mfloat-abi=hard -mthumb -Wl,--start-group -lc -lm -Wl,--end-group
Finished building target: F405_LQFP64.elf
 
arm-none-eabi-objdump -h -S  F405_LQFP64.elf  > "F405_LQFP64.list"
arm-none-eabi-objcopy  -O binary  F405_LQFP64.elf  "F405_LQFP64.bin"
arm-none-eabi-size   F405_LQFP64.elf 
   text	   data	    bss	    dec	    hex	filename
  43168	    140	  37588	  80896	  13c00	F405_LQFP64.elf
Finished building: default.size.stdout
Finished building: F405_LQFP64.bin
 
 
Finished building: F405_LQFP64.list
 
12:11:34 **** Incremental Build of configuration Debug for project SeggerRTTLib ****
make -j4 all 
make: Nothing to be done for 'all'.
12:11:35 **** Incremental Build of configuration Debug for project F405_LQFP64 ****
make -j4 all 
arm-none-eabi-size   F405_LQFP64.elf 
   text	   data	    bss	    dec	    hex	filename
  43168	    140	  37588	  80896	  13c00	F405_LQFP64.elf
Finished building: default.size.stdout
 
12:11:42 **** Incremental Build of configuration Debug for project SeggerRTTLib ****
make -j4 all 
make: Nothing to be done for 'all'.
12:11:43 **** Incremental Build of configuration Debug for project F405_LQFP64 ****
make -j4 all 
arm-none-eabi-size   F405_LQFP64.elf 
   text	   data	    bss	    dec	    hex	filename
  43168	    140	  37588	  80896	  13c00	F405_LQFP64.elf
Finished building: default.size.stdout
 
12:35:28 **** Incremental Build of configuration Debug for project SeggerRTTLib ****
make -j4 all 
make: Nothing to be done for 'all'.
12:35:29 **** Incremental Build of configuration Debug for project F405_LQFP64 ****
make -j4 all 
arm-none-eabi-size   F405_LQFP64.elf 
   text	   data	    bss	    dec	    hex	filename
  43168	    140	  37588	  80896	  13c00	F405_LQFP64.elf
Finished building: default.size.stdout
 
